Archive member included to satisfy reference by file (symbol)

c:/progra~1/gcc-ar~1/bin/../lib/gcc/arm-none-eabi/9.2.1/thumb/v7e-m/nofp\libgcc.a(_arm_muldf3.o)
                              CMakeFiles/M3508_PID.elf.dir/User/CAN_Recv/CAN_Recv.c.obj (__aeabi_dmul)
c:/progra~1/gcc-ar~1/bin/../lib/gcc/arm-none-eabi/9.2.1/thumb/v7e-m/nofp\libgcc.a(_arm_mulsf3.o)
                              CMakeFiles/M3508_PID.elf.dir/Core/Src/usart.c.obj (__aeabi_fmul)
c:/progra~1/gcc-ar~1/bin/../lib/gcc/arm-none-eabi/9.2.1/thumb/v7e-m/nofp\libgcc.a(_arm_addsubdf3.o)
                              CMakeFiles/M3508_PID.elf.dir/User/CAN_Recv/CAN_Recv.c.obj (__aeabi_i2d)
c:/progra~1/gcc-ar~1/bin/../lib/gcc/arm-none-eabi/9.2.1/thumb/v7e-m/nofp\libgcc.a(_arm_fixdfsi.o)
                              CMakeFiles/M3508_PID.elf.dir/User/CAN_Recv/CAN_Recv.c.obj (__aeabi_d2iz)
c:/progra~1/gcc-ar~1/bin/../lib/gcc/arm-none-eabi/9.2.1/thumb/v7e-m/nofp\libgcc.a(_arm_addsubsf3.o)
                              CMakeFiles/M3508_PID.elf.dir/User/PID/PID.c.obj (__aeabi_fsub)
c:/progra~1/gcc-ar~1/bin/../lib/gcc/arm-none-eabi/9.2.1/thumb/v7e-m/nofp\libgcc.a(_arm_cmpsf2.o)
                              CMakeFiles/M3508_PID.elf.dir/User/PID/PID.c.obj (__aeabi_fcmplt)
c:/progra~1/gcc-ar~1/bin/../lib/gcc/arm-none-eabi/9.2.1/thumb/v7e-m/nofp\libgcc.a(_arm_fixsfsi.o)
                              CMakeFiles/M3508_PID.elf.dir/Core/Src/main.c.obj (__aeabi_f2iz)
c:/progra~1/gcc-ar~1/bin/../lib/gcc/arm-none-eabi/9.2.1/thumb/v7e-m/nofp\libgcc.a(_aeabi_uldivmod.o)
                              CMakeFiles/M3508_PID.elf.dir/Drivers/STM32F4xx_HAL_Driver/Src/stm32f4xx_hal_rcc.c.obj (__aeabi_uldivmod)
c:/progra~1/gcc-ar~1/bin/../lib/gcc/arm-none-eabi/9.2.1/thumb/v7e-m/nofp\libgcc.a(_udivmoddi4.o)
                              c:/progra~1/gcc-ar~1/bin/../lib/gcc/arm-none-eabi/9.2.1/thumb/v7e-m/nofp\libgcc.a(_aeabi_uldivmod.o) (__udivmoddi4)
c:/progra~1/gcc-ar~1/bin/../lib/gcc/arm-none-eabi/9.2.1/thumb/v7e-m/nofp\libgcc.a(_dvmd_tls.o)
                              c:/progra~1/gcc-ar~1/bin/../lib/gcc/arm-none-eabi/9.2.1/thumb/v7e-m/nofp\libgcc.a(_aeabi_uldivmod.o) (__aeabi_ldiv0)
c:/progra~1/gcc-ar~1/bin/../lib/gcc/arm-none-eabi/9.2.1/../../../../arm-none-eabi/lib/thumb/v7e-m/nofp\libg.a(lib_a-errno.o)
                              CMakeFiles/M3508_PID.elf.dir/Core/Src/syscalls.c.obj (__errno)
c:/progra~1/gcc-ar~1/bin/../lib/gcc/arm-none-eabi/9.2.1/../../../../arm-none-eabi/lib/thumb/v7e-m/nofp\libg.a(lib_a-exit.o)
                              c:/progra~1/gcc-ar~1/bin/../lib/gcc/arm-none-eabi/9.2.1/../../../../arm-none-eabi/lib/thumb/v7e-m/nofp/crt0.o (exit)
c:/progra~1/gcc-ar~1/bin/../lib/gcc/arm-none-eabi/9.2.1/../../../../arm-none-eabi/lib/thumb/v7e-m/nofp\libg.a(lib_a-impure.o)
                              c:/progra~1/gcc-ar~1/bin/../lib/gcc/arm-none-eabi/9.2.1/../../../../arm-none-eabi/lib/thumb/v7e-m/nofp\libg.a(lib_a-exit.o) (_global_impure_ptr)
c:/progra~1/gcc-ar~1/bin/../lib/gcc/arm-none-eabi/9.2.1/../../../../arm-none-eabi/lib/thumb/v7e-m/nofp\libg.a(lib_a-init.o)
                              c:/progra~1/gcc-ar~1/bin/../lib/gcc/arm-none-eabi/9.2.1/../../../../arm-none-eabi/lib/thumb/v7e-m/nofp/crt0.o (__libc_init_array)
c:/progra~1/gcc-ar~1/bin/../lib/gcc/arm-none-eabi/9.2.1/../../../../arm-none-eabi/lib/thumb/v7e-m/nofp\libg.a(lib_a-memset.o)
                              c:/progra~1/gcc-ar~1/bin/../lib/gcc/arm-none-eabi/9.2.1/../../../../arm-none-eabi/lib/thumb/v7e-m/nofp/crt0.o (memset)
c:/progra~1/gcc-ar~1/bin/../lib/gcc/arm-none-eabi/9.2.1/../../../../arm-none-eabi/lib/thumb/v7e-m/nofp\libg.a(lib_a-vsprintf.o)
                              CMakeFiles/M3508_PID.elf.dir/Core/Src/usart.c.obj (vsprintf)
c:/progra~1/gcc-ar~1/bin/../lib/gcc/arm-none-eabi/9.2.1/../../../../arm-none-eabi/lib/thumb/v7e-m/nofp\libg.a(lib_a-__call_atexit.o)
                              c:/progra~1/gcc-ar~1/bin/../lib/gcc/arm-none-eabi/9.2.1/../../../../arm-none-eabi/lib/thumb/v7e-m/nofp\libg.a(lib_a-exit.o) (__call_exitprocs)
c:/progra~1/gcc-ar~1/bin/../lib/gcc/arm-none-eabi/9.2.1/../../../../arm-none-eabi/lib/thumb/v7e-m/nofp\libg.a(lib_a-atexit.o)
                              c:/progra~1/gcc-ar~1/bin/../lib/gcc/arm-none-eabi/9.2.1/../../../../arm-none-eabi/lib/thumb/v7e-m/nofp\libg.a(lib_a-__call_atexit.o) (atexit)
c:/progra~1/gcc-ar~1/bin/../lib/gcc/arm-none-eabi/9.2.1/../../../../arm-none-eabi/lib/thumb/v7e-m/nofp\libg.a(lib_a-fini.o)
                              c:/progra~1/gcc-ar~1/bin/../lib/gcc/arm-none-eabi/9.2.1/../../../../arm-none-eabi/lib/thumb/v7e-m/nofp\libg.a(lib_a-__call_atexit.o) (__libc_fini_array)
c:/progra~1/gcc-ar~1/bin/../lib/gcc/arm-none-eabi/9.2.1/../../../../arm-none-eabi/lib/thumb/v7e-m/nofp\libg.a(lib_a-lock.o)
                              c:/progra~1/gcc-ar~1/bin/../lib/gcc/arm-none-eabi/9.2.1/../../../../arm-none-eabi/lib/thumb/v7e-m/nofp\libg.a(lib_a-__call_atexit.o) (__retarget_lock_acquire_recursive)
[...]
Memory Configuration

Name             Origin             Length             Attributes
CCMRAM           0x10000000         0x00010000         xrw
RAM              0x20000000         0x00020000         xrw
FLASH            0x08000000         0x00100000         xr
*default*        0x00000000         0xffffffff

Linker script and memory map

LOAD c:/progra~1/gcc-ar~1/bin/../lib/gcc/arm-none-eabi/9.2.1/thumb/v7e-m/nofp/crti.o
LOAD c:/progra~1/gcc-ar~1/bin/../lib/gcc/arm-none-eabi/9.2.1/thumb/v7e-m/nofp/crtbegin.o
LOAD c:/progra~1/gcc-ar~1/bin/../lib/gcc/arm-none-eabi/9.2.1/../../../../arm-none-eabi/lib/thumb/v7e-m/nofp/crt0.o
LOAD CMakeFiles/M3508_PID.elf.dir/Core/Src/can.c.obj
LOAD CMakeFiles/M3508_PID.elf.dir/Core/Src/gpio.c.obj
LOAD CMakeFiles/M3508_PID.elf.dir/Core/Src/main.c.obj
LOAD CMakeFiles/M3508_PID.elf.dir/Core/Src/stm32f4xx_hal_msp.c.obj
LOAD CMakeFiles/M3508_PID.elf.dir/Core/Src/stm32f4xx_it.c.obj
LOAD CMakeFiles/M3508_PID.elf.dir/Core/Src/syscalls.c.obj
LOAD CMakeFiles/M3508_PID.elf.dir/Core/Src/sysmem.c.obj
LOAD CMakeFiles/M3508_PID.elf.dir/Core/Src/system_stm32f4xx.c.obj
LOAD CMakeFiles/M3508_PID.elf.dir/Core/Src/usart.c.obj
LOAD CMakeFiles/M3508_PID.elf.dir/Core/Startup/startup_stm32f407ighx.s.obj
LOAD CMakeFiles/M3508_PID.elf.dir/Drivers/STM32F4xx_HAL_Driver/Src/stm32f4xx_hal.c.obj
LOAD CMakeFiles/M3508_PID.elf.dir/Drivers/STM32F4xx_HAL_Driver/Src/stm32f4xx_hal_can.c.obj
LOAD CMakeFiles/M3508_PID.elf.dir/Drivers/STM32F4xx_HAL_Driver/Src/stm32f4xx_hal_cortex.c.obj
LOAD CMakeFiles/M3508_PID.elf.dir/Drivers/STM32F4xx_HAL_Driver/Src/stm32f4xx_hal_dma.c.obj
LOAD CMakeFiles/M3508_PID.elf.dir/Drivers/STM32F4xx_HAL_Driver/Src/stm32f4xx_hal_dma_ex.c.obj
LOAD CMakeFiles/M3508_PID.elf.dir/Drivers/STM32F4xx_HAL_Driver/Src/stm32f4xx_hal_exti.c.obj
LOAD CMakeFiles/M3508_PID.elf.dir/Drivers/STM32F4xx_HAL_Driver/Src/stm32f4xx_hal_flash.c.obj
LOAD CMakeFiles/M3508_PID.elf.dir/Drivers/STM32F4xx_HAL_Driver/Src/stm32f4xx_hal_flash_ex.c.obj
LOAD CMakeFiles/M3508_PID.elf.dir/Drivers/STM32F4xx_HAL_Driver/Src/stm32f4xx_hal_flash_ramfunc.c.obj
LOAD CMakeFiles/M3508_PID.elf.dir/Drivers/STM32F4xx_HAL_Driver/Src/stm32f4xx_hal_gpio.c.obj
LOAD CMakeFiles/M3508_PID.elf.dir/Drivers/STM32F4xx_HAL_Driver/Src/stm32f4xx_hal_pwr.c.obj
LOAD CMakeFiles/M3508_PID.elf.dir/Drivers/STM32F4xx_HAL_Driver/Src/stm32f4xx_hal_pwr_ex.c.obj
LOAD CMakeFiles/M3508_PID.elf.dir/Drivers/STM32F4xx_HAL_Driver/Src/stm32f4xx_hal_rcc.c.obj
LOAD CMakeFiles/M3508_PID.elf.dir/Drivers/STM32F4xx_HAL_Driver/Src/stm32f4xx_hal_rcc_ex.c.obj
LOAD CMakeFiles/M3508_PID.elf.dir/Drivers/STM32F4xx_HAL_Driver/Src/stm32f4xx_hal_tim.c.obj
LOAD CMakeFiles/M3508_PID.elf.dir/Drivers/STM32F4xx_HAL_Driver/Src/stm32f4xx_hal_tim_ex.c.obj
LOAD CMakeFiles/M3508_PID.elf.dir/Drivers/STM32F4xx_HAL_Driver/Src/stm32f4xx_hal_uart.c.obj
LOAD CMakeFiles/M3508_PID.elf.dir/User/PID/PID.c.obj
LOAD CMakeFiles/M3508_PID.elf.dir/User/CAN_Recv/CAN_Recv.c.obj
START GROUP
LOAD c:/progra~1/gcc-ar~1/bin/../lib/gcc/arm-none-eabi/9.2.1/thumb/v7e-m/nofp\libgcc.a
LOAD c:/progra~1/gcc-ar~1/bin/../lib/gcc/arm-none-eabi/9.2.1/../../../../arm-none-eabi/lib/thumb/v7e-m/nofp\libg.a
LOAD c:/progra~1/gcc-ar~1/bin/../lib/gcc/arm-none-eabi/9.2.1/../../../../arm-none-eabi/lib/thumb/v7e-m/nofp\libc.a
END GROUP
LOAD c:/progra~1/gcc-ar~1/bin/../lib/gcc/arm-none-eabi/9.2.1/thumb/v7e-m/nofp/crtend.o
LOAD c:/progra~1/gcc-ar~1/bin/../lib/gcc/arm-none-eabi/9.2.1/thumb/v7e-m/nofp/crtn.o
                0x20020000                _estack = (ORIGIN (RAM) + LENGTH (RAM))
                0x00000200                _Min_Heap_Size = 0x200
                0x00000400                _Min_Stack_Size = 0x400

.isr_vector     0x08000000      0x188
                0x08000000                . = ALIGN (0x4)
 *(.isr_vector)
 .isr_vector    0x08000000      0x188 CMakeFiles/M3508_PID.elf.dir/Core/Startup/startup_stm32f407ighx.s.obj
                0x08000000                g_pfnVectors
                0x08000188                . = ALIGN (0x4)

.text           0x080001c0     0x7d50
                0x080001c0                . = ALIGN (0x4)
 *(.text)
 .text          0x080001c0       0x40 c:/progra~1/gcc-ar~1/bin/../lib/gcc/arm-none-eabi/9.2.1/thumb/v7e-m/nofp/crtbegin.o
 .text          0x08000200      0x168 c:/progra~1/gcc-ar~1/bin/../lib/gcc/arm-none-eabi/9.2.1/thumb/v7e-m/nofp\libgcc.a(_arm_mulsf3.o)
                0x08000200                __aeabi_fmul
                0x08000200                __mulsf3
 .text          0x08000368      0x378 c:/progra~1/gcc-ar~1/bin/../lib/gcc/arm-none-eabi/9.2.1/thumb/v7e-m/nofp\libgcc.a(_arm_addsubdf3.o)
                0x08000368                __aeabi_drsub
                0x08000370                __aeabi_dsub
                0x08000370                __subdf3
                0x08000374                __aeabi_dadd
                0x08000374                __adddf3
                0x080005ec                __floatunsidf
                0x080005ec                __aeabi_ui2d
                0x0800060c                __floatsidf
                0x0800060c                __aeabi_i2d
                0x08000630                __aeabi_f2d
                0x08000630                __extendsfdf2
                0x08000674                __floatundidf
                0x08000674                __aeabi_ul2d
                0x08000684                __floatdidf
                0x08000684                __aeabi_l2d
 .text          0x080006e0       0x50 c:/progra~1/gcc-ar~1/bin/../lib/gcc/arm-none-eabi/9.2.1/thumb/v7e-m/nofp\libgcc.a(_arm_fixdfsi.o)
                0x080006e0                __aeabi_d2iz
                0x080006e0                __fixdfsi
 .text          0x08000730      0x21c c:/progra~1/gcc-ar~1/bin/../lib/gcc/arm-none-eabi/9.2.1/thumb/v7e-m/nofp\libgcc.a(_arm_addsubsf3.o)
                0x08000730                __aeabi_frsub
                0x08000738                __subsf3
                0x08000738                __aeabi_fsub
                0x0800073c                __aeabi_fadd
                0x0800073c                __addsf3
                0x0800089c                __aeabi_ui2f
                0x0800089c                __floatunsisf
                0x080008a4                __aeabi_i2f
                0x080008a4                __floatsisf
                0x080008c0                __aeabi_ul2f
                0x080008c0                __floatundisf
                0x080008d0                __aeabi_l2f
                0x080008d0                __floatdisf
 .text          0x0800094c       0xec c:/progra~1/gcc-ar~1/bin/../lib/gcc/arm-none-eabi/9.2.1/thumb/v7e-m/nofp\libgcc.a(_arm_cmpsf2.o)
                0x0800094c                __gesf2
                0x0800094c                __gtsf2
                0x08000954                __lesf2
                0x08000954                __ltsf2
                0x0800095c                __nesf2
                0x0800095c                __eqsf2
                0x0800095c                __cmpsf2
                0x080009bc                __aeabi_cfrcmple
                0x080009c4                __aeabi_cfcmpeq
                0x080009c4                __aeabi_cfcmple
                0x080009d4                __aeabi_fcmpeq
                0x080009e8                __aeabi_fcmplt
                0x080009fc                __aeabi_fcmple
                0x08000a10                __aeabi_fcmpge
                0x08000a24                __aeabi_fcmpgt
 .text          0x08000a38       0x4c c:/progra~1/gcc-ar~1/bin/../lib/gcc/arm-none-eabi/9.2.1/thumb/v7e-m/nofp\libgcc.a(_arm_fixsfsi.o)
                0x08000a38                __aeabi_f2iz
                0x08000a38                __fixsfsi
 .text          0x08000a84       0x30 c:/progra~1/gcc-ar~1/bin/../lib/gcc/arm-none-eabi/9.2.1/thumb/v7e-m/nofp\libgcc.a(_aeabi_uldivmod.o)
                0x08000a84                __aeabi_uldivmod
 .text          0x08000ab4      0x2c0 c:/progra~1/gcc-ar~1/bin/../lib/gcc/arm-none-eabi/9.2.1/thumb/v7e-m/nofp\libgcc.a(_udivmoddi4.o)
                0x08000ab4                __udivmoddi4
 .text          0x08000d74        0x4 c:/progra~1/gcc-ar~1/bin/../lib/gcc/arm-none-eabi/9.2.1/thumb/v7e-m/nofp\libgcc.a(_dvmd_tls.o)
                0x08000d74                __aeabi_idiv0
                0x08000d74                __aeabi_ldiv0
 *fill*         0x08000d78        0x8 
 .text          0x08000d80       0xa0 c:/progra~1/gcc-ar~1/bin/../lib/gcc/arm-none-eabi/9.2.1/../../../../arm-none-eabi/lib/thumb/v7e-m/nofp\libg.a(lib_a-memchr.o)
                0x08000d80                memchr
 .text          0x08000e20      0x134 c:/progra~1/gcc-ar~1/bin/../lib/gcc/arm-none-eabi/9.2.1/../../../../arm-none-eabi/lib/thumb/v7e-m/nofp\libg.a(lib_a-memcpy.o)
                0x08000e20                memcpy
 *fill*         0x08000f54       0x2c 
 .text          0x08000f80       0xdc c:/progra~1/gcc-ar~1/bin/../lib/gcc/arm-none-eabi/9.2.1/../../../../arm-none-eabi/lib/thumb/v7e-m/nofp\libg.a(lib_a-strlen.o)
                0x08000f80                strlen
 .text          0x0800105c      0x424 c:/progra~1/gcc-ar~1/bin/../lib/gcc/arm-none-eabi/9.2.1/thumb/v7e-m/nofp\libgcc.a(_arm_muldivdf3.o)
                0x0800105c                __aeabi_dmul
                0x0800105c                __muldf3
                0x080012b0                __divdf3
                0x080012b0                __aeabi_ddiv
 .text          0x08001480      0x110 c:/progra~1/gcc-ar~1/bin/../lib/gcc/arm-none-eabi/9.2.1/thumb/v7e-m/nofp\libgcc.a(_arm_cmpdf2.o)
                0x08001480                __gtdf2
                0x08001480                __gedf2
                0x08001488                __ltdf2
                0x08001488                __ledf2
                0x08001490                __nedf2
                0x08001490                __eqdf2
                0x08001490                __cmpdf2
                0x0800150c                __aeabi_cdrcmple
                0x0800151c                __aeabi_cdcmpeq
                0x0800151c                __aeabi_cdcmple
                0x0800152c                __aeabi_dcmpeq
                0x08001540                __aeabi_dcmplt
                0x08001554                __aeabi_dcmple
                0x08001568                __aeabi_dcmpge
                0x0800157c                __aeabi_dcmpgt
 .text          0x08001590       0x2c c:/progra~1/gcc-ar~1/bin/../lib/gcc/arm-none-eabi/9.2.1/thumb/v7e-m/nofp\libgcc.a(_arm_unorddf2.o)
                0x08001590                __unorddf2
                0x08001590                __aeabi_dcmpun
 *(.text*)
 .text.MX_CAN1_Init
                0x080015bc       0x40 CMakeFiles/M3508_PID.elf.dir/Core/Src/can.c.obj
                0x080015bc                MX_CAN1_Init
 .text.MX_CAN2_Init
                0x080015fc       0x40 CMakeFiles/M3508_PID.elf.dir/Core/Src/can.c.obj
                0x080015fc                MX_CAN2_Init
 .text.HAL_CAN_MspInit
                0x0800163c      0x124 CMakeFiles/M3508_PID.elf.dir/Core/Src/can.c.obj
                0x0800163c                HAL_CAN_MspInit
 .text.MX_GPIO_Init
                0x08001760       0x4c CMakeFiles/M3508_PID.elf.dir/Core/Src/gpio.c.obj
                0x08001760                MX_GPIO_Init
 .text.Error_Handler
                0x080017ac        0x4 CMakeFiles/M3508_PID.elf.dir/Core/Src/main.c.obj
                0x080017ac                Error_Handler
 .text.SystemClock_Config
                0x080017b0       0xa8 CMakeFiles/M3508_PID.elf.dir/Core/Src/main.c.obj
                0x080017b0                SystemClock_Config
 .text.main     0x08001858       0x70 CMakeFiles/M3508_PID.elf.dir/Core/Src/main.c.obj
                0x08001858                main
 .text.HAL_MspInit
                0x080018c8       0x38 CMakeFiles/M3508_PID.elf.dir/Core/Src/stm32f4xx_hal_msp.c.obj
                0x080018c8                HAL_MspInit
 .text.NMI_Handler
                0x08001900        0x2 CMakeFiles/M3508_PID.elf.dir/Core/Src/stm32f4xx_it.c.obj
                0x08001900                NMI_Handler
 .text.HardFault_Handler
                0x08001902        0x2 CMakeFiles/M3508_PID.elf.dir/Core/Src/stm32f4xx_it.c.obj
                0x08001902                HardFault_Handler
 .text.MemManage_Handler
                0x08001904        0x2 CMakeFiles/M3508_PID.elf.dir/Core/Src/stm32f4xx_it.c.obj
                0x08001904                MemManage_Handler
 .text.BusFault_Handler
                0x08001906        0x2 CMakeFiles/M3508_PID.elf.dir/Core/Src/stm32f4xx_it.c.obj
                0x08001906                BusFault_Handler
 .text.UsageFault_Handler
                0x08001908        0x2 CMakeFiles/M3508_PID.elf.dir/Core/Src/stm32f4xx_it.c.obj
                0x08001908                UsageFault_Handler
 .text.SVC_Handler
                0x0800190a        0x2 CMakeFiles/M3508_PID.elf.dir/Core/Src/stm32f4xx_it.c.obj
                0x0800190a                SVC_Handler
 .text.DebugMon_Handler
                0x0800190c        0x2 CMakeFiles/M3508_PID.elf.dir/Core/Src/stm32f4xx_it.c.obj
                0x0800190c                DebugMon_Handler
 .text.PendSV_Handler
                0x0800190e        0x2 CMakeFiles/M3508_PID.elf.dir/Core/Src/stm32f4xx_it.c.obj
                0x0800190e                PendSV_Handler
 .text.SysTick_Handler
                0x08001910        0x8 CMakeFiles/M3508_PID.elf.dir/Core/Src/stm32f4xx_it.c.obj
                0x08001910                SysTick_Handler
 .text.CAN1_RX0_IRQHandler
                0x08001918       0x10 CMakeFiles/M3508_PID.elf.dir/Core/Src/stm32f4xx_it.c.obj
                0x08001918                CAN1_RX0_IRQHandler
 .text.USART1_IRQHandler
                0x08001928       0x10 CMakeFiles/M3508_PID.elf.dir/Core/Src/stm32f4xx_it.c.obj
                0x08001928                USART1_IRQHandler
 .text.CAN2_RX0_IRQHandler
                0x08001938       0x10 CMakeFiles/M3508_PID.elf.dir/Core/Src/stm32f4xx_it.c.obj
                0x08001938                CAN2_RX0_IRQHandler
 .text._sbrk    0x08001948       0x48 CMakeFiles/M3508_PID.elf.dir/Core/Src/sysmem.c.obj
                0x08001948                _sbrk
 .text.SystemInit
                0x08001990        0x2 CMakeFiles/M3508_PID.elf.dir/Core/Src/system_stm32f4xx.c.obj
                0x08001990                SystemInit
 *fill*         0x08001992        0x2 
 .text.MX_USART1_UART_Init
                0x08001994       0x44 CMakeFiles/M3508_PID.elf.dir/Core/Src/usart.c.obj
                0x08001994                MX_USART1_UART_Init
 .text.HAL_UART_MspInit
                0x080019d8       0xb0 CMakeFiles/M3508_PID.elf.dir/Core/Src/usart.c.obj
                0x080019d8                HAL_UART_MspInit
 .text.usart_printf
                0x08001a88       0x38 CMakeFiles/M3508_PID.elf.dir/Core/Src/usart.c.obj
                0x08001a88                usart_printf
 .text.Get_Data
                0x08001ac0      0x15c CMakeFiles/M3508_PID.elf.dir/Core/Src/usart.c.obj
                0x08001ac0                Get_Data
 .text.USART_PID_Adjust
                0x08001c1c       0xac CMakeFiles/M3508_PID.elf.dir/Core/Src/usart.c.obj
                0x08001c1c                USART_PID_Adjust
 .text.HAL_UART_RxCpltCallback
                0x08001cc8       0x70 CMakeFiles/M3508_PID.elf.dir/Core/Src/usart.c.obj
                0x08001cc8                HAL_UART_RxCpltCallback
 .text.Reset_Handler
                0x08001d38       0x50 CMakeFiles/M3508_PID.elf.dir/Core/Startup/startup_stm32f407ighx.s.obj
                0x08001d38                Reset_Handler
 .text.Default_Handler
                0x08001d88        0x2 CMakeFiles/M3508_PID.elf.dir/Core/Startup/startup_stm32f407ighx.s.obj
                0x08001d88                RTC_Alarm_IRQHandler
                0x08001d88                HASH_RNG_IRQHandler
                0x08001d88                EXTI2_IRQHandler
                0x08001d88                TIM8_CC_IRQHandler
                0x08001d88                TIM1_CC_IRQHandler
                0x08001d88                DMA2_Stream5_IRQHandler
                0x08001d88                DMA1_Stream5_IRQHandler
                0x08001d88                PVD_IRQHandler
                0x08001d88                SDIO_IRQHandler
                0x08001d88                TAMP_STAMP_IRQHandler
                0x08001d88                CAN2_RX1_IRQHandler
                0x08001d88                EXTI3_IRQHandler
                0x08001d88                TIM8_TRG_COM_TIM14_IRQHandler
                0x08001d88                TIM1_UP_TIM10_IRQHandler
                0x08001d88                TIM8_UP_TIM13_IRQHandler
                0x08001d88                I2C3_ER_IRQHandler
                0x08001d88                EXTI0_IRQHandler
                0x08001d88                I2C2_EV_IRQHandler
                0x08001d88                DMA1_Stream2_IRQHandler
                0x08001d88                FPU_IRQHandler
                0x08001d88                OTG_HS_WKUP_IRQHandler
                0x08001d88                CAN2_SCE_IRQHandler
                0x08001d88                DMA2_Stream2_IRQHandler
                0x08001d88                SPI1_IRQHandler
                0x08001d88                TIM6_DAC_IRQHandler
                0x08001d88                TIM1_BRK_TIM9_IRQHandler
                0x08001d88                DCMI_IRQHandler
                0x08001d88                DMA2_Stream3_IRQHandler
                0x08001d88                USART6_IRQHandler
                0x08001d88                USART3_IRQHandler
                0x08001d88                CAN1_RX1_IRQHandler
                0x08001d88                UART5_IRQHandler
                0x08001d88                DMA2_Stream0_IRQHandler
                0x08001d88                TIM4_IRQHandler
                0x08001d88                I2C1_EV_IRQHandler
                0x08001d88                DMA1_Stream6_IRQHandler
                0x08001d88                DMA1_Stream1_IRQHandler
                0x08001d88                UART4_IRQHandler
                0x08001d88                TIM3_IRQHandler
                0x08001d88                RCC_IRQHandler
                0x08001d88                TIM8_BRK_TIM12_IRQHandler
                0x08001d88                Default_Handler
                0x08001d88                EXTI15_10_IRQHandler
                0x08001d88                ADC_IRQHandler
                0x08001d88                DMA1_Stream7_IRQHandler
                0x08001d88                TIM7_IRQHandler
                0x08001d88                CAN2_TX_IRQHandler
                0x08001d88                TIM5_IRQHandler
                0x08001d88                DMA2_Stream7_IRQHandler
                0x08001d88                I2C3_EV_IRQHandler
                0x08001d88                EXTI9_5_IRQHandler
                0x08001d88                RTC_WKUP_IRQHandler
                0x08001d88                ETH_WKUP_IRQHandler
                0x08001d88                SPI2_IRQHandler
                0x08001d88                OTG_HS_EP1_IN_IRQHandler
                0x08001d88                DMA1_Stream0_IRQHandler
                0x08001d88                CAN1_TX_IRQHandler
                0x08001d88                EXTI4_IRQHandler
                0x08001d88                FSMC_IRQHandler
                0x08001d88                ETH_IRQHandler
                0x08001d88                OTG_HS_EP1_OUT_IRQHandler
                0x08001d88                WWDG_IRQHandler
                0x08001d88                TIM2_IRQHandler
                0x08001d88                OTG_FS_WKUP_IRQHandler
                0x08001d88                TIM1_TRG_COM_TIM11_IRQHandler
                0x08001d88                OTG_HS_IRQHandler
                0x08001d88                EXTI1_IRQHandler
                0x08001d88                USART2_IRQHandler
                0x08001d88                I2C2_ER_IRQHandler
                0x08001d88                DMA2_Stream1_IRQHandler
                0x08001d88                CAN1_SCE_IRQHandler
                0x08001d88                FLASH_IRQHandler
                0x08001d88                DMA2_Stream4_IRQHandler
                0x08001d88                OTG_FS_IRQHandler
                0x08001d88                SPI3_IRQHandler
                0x08001d88                DMA1_Stream4_IRQHandler
                0x08001d88                I2C1_ER_IRQHandler
                0x08001d88                DMA2_Stream6_IRQHandler
                0x08001d88                DMA1_Stream3_IRQHandler
 *fill*         0x08001d8a        0x2 
 .text.HAL_InitTick
                0x08001d8c       0x4c CMakeFiles/M3508_PID.elf.dir/Drivers/STM32F4xx_HAL_Driver/Src/stm32f4xx_hal.c.obj
                0x08001d8c                HAL_InitTick
 .text.HAL_Init
                0x08001dd8       0x34 CMakeFiles/M3508_PID.elf.dir/Drivers/STM32F4xx_HAL_Driver/Src/stm32f4xx_hal.c.obj
                0x08001dd8                HAL_Init
 .text.HAL_IncTick
                0x08001e0c       0x18 CMakeFiles/M3508_PID.elf.dir/Drivers/STM32F4xx_HAL_Driver/Src/stm32f4xx_hal.c.obj
                0x08001e0c                HAL_IncTick
 .text.HAL_GetTick
                0x08001e24        0xc CMakeFiles/M3508_PID.elf.dir/Drivers/STM32F4xx_HAL_Driver/Src/stm32f4xx_hal.c.obj
                0x08001e24                HAL_GetTick
 .text.HAL_Delay
                0x08001e30       0x28 CMakeFiles/M3508_PID.elf.dir/Drivers/STM32F4xx_HAL_Driver/Src/stm32f4xx_hal.c.obj
                0x08001e30                HAL_Delay
 .text.HAL_CAN_Init
                0x08001e58      0x14c CMakeFiles/M3508_PID.elf.dir/Drivers/STM32F4xx_HAL_Driver/Src/stm32f4xx_hal_can.c.obj
                0x08001e58                HAL_CAN_Init
 .text.HAL_CAN_ConfigFilter
                0x08001fa4      0x130 CMakeFiles/M3508_PID.elf.dir/Drivers/STM32F4xx_HAL_Driver/Src/stm32f4xx_hal_can.c.obj
                0x08001fa4                HAL_CAN_ConfigFilter
 .text.HAL_CAN_Start
                0x080020d4       0x5c CMakeFiles/M3508_PID.elf.dir/Drivers/STM32F4xx_HAL_Driver/Src/stm32f4xx_hal_can.c.obj
                0x080020d4                HAL_CAN_Start
 .text.HAL_CAN_AddTxMessage
                0x08002130       0xec CMakeFiles/M3508_PID.elf.dir/Drivers/STM32F4xx_HAL_Driver/Src/stm32f4xx_hal_can.c.obj
                0x08002130                HAL_CAN_AddTxMessage
 .text.HAL_CAN_GetRxMessage
                0x0800221c      0x140 CMakeFiles/M3508_PID.elf.dir/Drivers/STM32F4xx_HAL_Driver/Src/stm32f4xx_hal_can.c.obj
                0x0800221c                HAL_CAN_GetRxMessage
 .text.HAL_CAN_ActivateNotification
                0x0800235c       0x24 CMakeFiles/M3508_PID.elf.dir/Drivers/STM32F4xx_HAL_Driver/Src/stm32f4xx_hal_can.c.obj
                0x0800235c                HAL_CAN_ActivateNotification
 .text.HAL_CAN_TxMailbox0CompleteCallback
                0x08002380        0x2 CMakeFiles/M3508_PID.elf.dir/Drivers/STM32F4xx_HAL_Driver/Src/stm32f4xx_hal_can.c.obj
                0x08002380                HAL_CAN_TxMailbox0CompleteCallback
 .text.HAL_CAN_TxMailbox1CompleteCallback
                0x08002382        0x2 CMakeFiles/M3508_PID.elf.dir/Drivers/STM32F4xx_HAL_Driver/Src/stm32f4xx_hal_can.c.obj
                0x08002382                HAL_CAN_TxMailbox1CompleteCallback
 .text.HAL_CAN_TxMailbox2CompleteCallback
                0x08002384        0x2 CMakeFiles/M3508_PID.elf.dir/Drivers/STM32F4xx_HAL_Driver/Src/stm32f4xx_hal_can.c.obj
                0x08002384                HAL_CAN_TxMailbox2CompleteCallback
 .text.HAL_CAN_TxMailbox0AbortCallback
                0x08002386        0x2 CMakeFiles/M3508_PID.elf.dir/Drivers/STM32F4xx_HAL_Driver/Src/stm32f4xx_hal_can.c.obj
                0x08002386                HAL_CAN_TxMailbox0AbortCallback
 .text.HAL_CAN_TxMailbox1AbortCallback
                0x08002388        0x2 CMakeFiles/M3508_PID.elf.dir/Drivers/STM32F4xx_HAL_Driver/Src/stm32f4xx_hal_can.c.obj
                0x08002388                HAL_CAN_TxMailbox1AbortCallback
 .text.HAL_CAN_TxMailbox2AbortCallback
                0x0800238a        0x2 CMakeFiles/M3508_PID.elf.dir/Drivers/STM32F4xx_HAL_Driver/Src/stm32f4xx_hal_can.c.obj
                0x0800238a                HAL_CAN_TxMailbox2AbortCallback
 .text.HAL_CAN_RxFifo0FullCallback
                0x0800238c        0x2 CMakeFiles/M3508_PID.elf.dir/Drivers/STM32F4xx_HAL_Driver/Src/stm32f4xx_hal_can.c.obj
                0x0800238c                HAL_CAN_RxFifo0FullCallback
 .text.HAL_CAN_RxFifo1MsgPendingCallback
                0x0800238e        0x2 CMakeFiles/M3508_PID.elf.dir/Drivers/STM32F4xx_HAL_Driver/Src/stm32f4xx_hal_can.c.obj
                0x0800238e                HAL_CAN_RxFifo1MsgPendingCallback
 .text.HAL_CAN_RxFifo1FullCallback
                0x08002390        0x2 CMakeFiles/M3508_PID.elf.dir/Drivers/STM32F4xx_HAL_Driver/Src/stm32f4xx_hal_can.c.obj
                0x08002390                HAL_CAN_RxFifo1FullCallback
 .text.HAL_CAN_SleepCallback
                0x08002392        0x2 CMakeFiles/M3508_PID.elf.dir/Drivers/STM32F4xx_HAL_Driver/Src/stm32f4xx_hal_can.c.obj
                0x08002392                HAL_CAN_SleepCallback
 .text.HAL_CAN_WakeUpFromRxMsgCallback
                0x08002394        0x2 CMakeFiles/M3508_PID.elf.dir/Drivers/STM32F4xx_HAL_Driver/Src/stm32f4xx_hal_can.c.obj
                0x08002394                HAL_CAN_WakeUpFromRxMsgCallback
 .text.HAL_CAN_ErrorCallback
                0x08002396        0x2 CMakeFiles/M3508_PID.elf.dir/Drivers/STM32F4xx_HAL_Driver/Src/stm32f4xx_hal_can.c.obj
                0x08002396                HAL_CAN_ErrorCallback
 .text.HAL_CAN_IRQHandler
                0x08002398      0x24a CMakeFiles/M3508_PID.elf.dir/Drivers/STM32F4xx_HAL_Driver/Src/stm32f4xx_hal_can.c.obj
                0x08002398                HAL_CAN_IRQHandler
 *fill*         0x080025e2        0x2 
 .text.HAL_NVIC_SetPriorityGrouping
                0x080025e4       0x24 CMakeFiles/M3508_PID.elf.dir/Drivers/STM32F4xx_HAL_Driver/Src/stm32f4xx_hal_cortex.c.obj
                0x080025e4                HAL_NVIC_SetPriorityGrouping
 .text.HAL_NVIC_SetPriority
                0x08002608       0x68 CMakeFiles/M3508_PID.elf.dir/Drivers/STM32F4xx_HAL_Driver/Src/stm32f4xx_hal_cortex.c.obj
                0x08002608                HAL_NVIC_SetPriority
 .text.HAL_NVIC_EnableIRQ
                0x08002670       0x1c CMakeFiles/M3508_PID.elf.dir/Drivers/STM32F4xx_HAL_Driver/Src/stm32f4xx_hal_cortex.c.obj
                0x08002670                HAL_NVIC_EnableIRQ
 .text.HAL_SYSTICK_Config
                0x0800268c       0x2c CMakeFiles/M3508_PID.elf.dir/Drivers/STM32F4xx_HAL_Driver/Src/stm32f4xx_hal_cortex.c.obj
                0x0800268c                HAL_SYSTICK_Config
 .text.HAL_DMA_Abort
                0x080026b8       0x94 CMakeFiles/M3508_PID.elf.dir/Drivers/STM32F4xx_HAL_Driver/Src/stm32f4xx_hal_dma.c.obj
                0x080026b8                HAL_DMA_Abort
 .text.HAL_DMA_Abort_IT
                0x0800274c       0x26 CMakeFiles/M3508_PID.elf.dir/Drivers/STM32F4xx_HAL_Driver/Src/stm32f4xx_hal_dma.c.obj
                0x0800274c                HAL_DMA_Abort_IT
 *fill*         0x08002772        0x2 
 .text.HAL_GPIO_Init
                0x08002774      0x1d4 CMakeFiles/M3508_PID.elf.dir/Drivers/STM32F4xx_HAL_Driver/Src/stm32f4xx_hal_gpio.c.obj
                0x08002774                HAL_GPIO_Init
 .text.HAL_RCC_OscConfig
                0x08002948      0x3f8 CMakeFiles/M3508_PID.elf.dir/Drivers/STM32F4xx_HAL_Driver/Src/stm32f4xx_hal_rcc.c.obj
                0x08002948                HAL_RCC_OscConfig
 .text.HAL_RCC_GetSysClockFreq
                0x08002d40       0xa0 CMakeFiles/M3508_PID.elf.dir/Drivers/STM32F4xx_HAL_Driver/Src/stm32f4xx_hal_rcc.c.obj
                0x08002d40                HAL_RCC_GetSysClockFreq
 .text.HAL_RCC_ClockConfig
                0x08002de0      0x160 CMakeFiles/M3508_PID.elf.dir/Drivers/STM32F4xx_HAL_Driver/Src/stm32f4xx_hal_rcc.c.obj
                0x08002de0                HAL_RCC_ClockConfig
 .text.HAL_RCC_GetHCLKFreq
                0x08002f40        0xc CMakeFiles/M3508_PID.elf.dir/Drivers/STM32F4xx_HAL_Driver/Src/stm32f4xx_hal_rcc.c.obj
                0x08002f40                HAL_RCC_GetHCLKFreq
 .text.HAL_RCC_GetPCLK1Freq
                0x08002f4c       0x20 CMakeFiles/M3508_PID.elf.dir/Drivers/STM32F4xx_HAL_Driver/Src/stm32f4xx_hal_rcc.c.obj
                0x08002f4c                HAL_RCC_GetPCLK1Freq
 .text.HAL_RCC_GetPCLK2Freq
                0x08002f6c       0x20 CMakeFiles/M3508_PID.elf.dir/Drivers/STM32F4xx_HAL_Driver/Src/stm32f4xx_hal_rcc.c.obj
                0x08002f6c                HAL_RCC_GetPCLK2Freq
 .text.UART_EndRxTransfer
                0x08002f8c       0x5c CMakeFiles/M3508_PID.elf.dir/Drivers/STM32F4xx_HAL_Driver/Src/stm32f4xx_hal_uart.c.obj
 .text.UART_Transmit_IT
                0x08002fe8       0x60 CMakeFiles/M3508_PID.elf.dir/Drivers/STM32F4xx_HAL_Driver/Src/stm32f4xx_hal_uart.c.obj
 .text.UART_SetConfig
                0x08003048      0x11c CMakeFiles/M3508_PID.elf.dir/Drivers/STM32F4xx_HAL_Driver/Src/stm32f4xx_hal_uart.c.obj
 .text.UART_WaitOnFlagUntilTimeout
                0x08003164       0x84 CMakeFiles/M3508_PID.elf.dir/Drivers/STM32F4xx_HAL_Driver/Src/stm32f4xx_hal_uart.c.obj
 .text.HAL_UART_Init
                0x080031e8       0x5e CMakeFiles/M3508_PID.elf.dir/Drivers/STM32F4xx_HAL_Driver/Src/stm32f4xx_hal_uart.c.obj
                0x080031e8                HAL_UART_Init
 .text.HAL_UART_Transmit
                0x08003246       0xd8 CMakeFiles/M3508_PID.elf.dir/Drivers/STM32F4xx_HAL_Driver/Src/stm32f4xx_hal_uart.c.obj
                0x08003246                HAL_UART_Transmit
 .text.HAL_UART_TxCpltCallback
                0x0800331e        0x2 CMakeFiles/M3508_PID.elf.dir/Drivers/STM32F4xx_HAL_Driver/Src/stm32f4xx_hal_uart.c.obj
                0x0800331e                HAL_UART_TxCpltCallback
 .text.UART_EndTransmit_IT
                0x08003320       0x1a CMakeFiles/M3508_PID.elf.dir/Drivers/STM32F4xx_HAL_Driver/Src/stm32f4xx_hal_uart.c.obj
 .text.HAL_UART_ErrorCallback
                0x0800333a        0x2 CMakeFiles/M3508_PID.elf.dir/Drivers/STM32F4xx_HAL_Driver/Src/stm32f4xx_hal_uart.c.obj
                0x0800333a                HAL_UART_ErrorCallback
 .text.UART_DMAAbortOnError
                0x0800333c       0x10 CMakeFiles/M3508_PID.elf.dir/Drivers/STM32F4xx_HAL_Driver/Src/stm32f4xx_hal_uart.c.obj
 .text.HAL_UARTEx_RxEventCallback
                0x0800334c        0x2 CMakeFiles/M3508_PID.elf.dir/Drivers/STM32F4xx_HAL_Driver/Src/stm32f4xx_hal_uart.c.obj
                0x0800334c                HAL_UARTEx_RxEventCallback
 .text.UART_Receive_IT
                0x0800334e       0xe2 CMakeFiles/M3508_PID.elf.dir/Drivers/STM32F4xx_HAL_Driver/Src/stm32f4xx_hal_uart.c.obj
 .text.HAL_UART_IRQHandler
                0x08003430      0x280 CMakeFiles/M3508_PID.elf.dir/Drivers/STM32F4xx_HAL_Driver/Src/stm32f4xx_hal_uart.c.obj
                0x08003430                HAL_UART_IRQHandler
 .text.UART_Start_Receive_IT
                0x080036b0       0x3a CMakeFiles/M3508_PID.elf.dir/Drivers/STM32F4xx_HAL_Driver/Src/stm32f4xx_hal_uart.c.obj
                0x080036b0                UART_Start_Receive_IT
 .text.HAL_UART_Receive_IT
                0x080036ea       0x38 CMakeFiles/M3508_PID.elf.dir/Drivers/STM32F4xx_HAL_Driver/Src/stm32f4xx_hal_uart.c.obj
                0x080036ea                HAL_UART_Receive_IT
 .text.pid_param_init
                0x08003722       0x4e CMakeFiles/M3508_PID.elf.dir/User/PID/PID.c.obj
 .text.pid_reset_kp
                0x08003770        0x4 CMakeFiles/M3508_PID.elf.dir/User/PID/PID.c.obj
 .text.pid_reset_ki
                0x08003774        0x4 CMakeFiles/M3508_PID.elf.dir/User/PID/PID.c.obj
 .text.pid_reset_kd
                0x08003778        0x4 CMakeFiles/M3508_PID.elf.dir/User/PID/PID.c.obj
 .text.pid_reset_target
                0x0800377c        0x4 CMakeFiles/M3508_PID.elf.dir/User/PID/PID.c.obj
 .text.pid_calculate
                0x08003780       0xd4 CMakeFiles/M3508_PID.elf.dir/User/PID/PID.c.obj
 .text.pid_init
                0x08003854       0x34 CMakeFiles/M3508_PID.elf.dir/User/PID/PID.c.obj
                0x08003854                pid_init
 .text.Pid_Speed
                0x08003888      0x114 CMakeFiles/M3508_PID.elf.dir/User/PID/PID.c.obj
                0x08003888                Pid_Speed
 .text.can_filter_init
                0x0800399c       0x5c CMakeFiles/M3508_PID.elf.dir/User/CAN_Recv/CAN_Recv.c.obj
                0x0800399c                can_filter_init
 .text.HAL_CAN_RxFifo0MsgPendingCallback
                0x080039f8      0x208 CMakeFiles/M3508_PID.elf.dir/User/CAN_Recv/CAN_Recv.c.obj
                0x080039f8                HAL_CAN_RxFifo0MsgPendingCallback
 .text.RM_CAN1_Transmit
                0x08003c00       0x4c CMakeFiles/M3508_PID.elf.dir/User/CAN_Recv/CAN_Recv.c.obj
                0x08003c00                RM_CAN1_Transmit
 .text.__errno  0x08003c4c        0xc c:/progra~1/gcc-ar~1/bin/../lib/gcc/arm-none-eabi/9.2.1/../../../../arm-none-eabi/lib/thumb/v7e-m/nofp\libg.a(lib_a-errno.o)
                0x08003c4c                __errno
 .text.__libc_init_array
                0x08003c58       0x48 c:/progra~1/gcc-ar~1/bin/../lib/gcc/arm-none-eabi/9.2.1/../../../../arm-none-eabi/lib/thumb/v7e-m/nofp\libg.a(lib_a-init.o)
                0x08003c58                __libc_init_array
 .text.memset   0x08003ca0       0xa0 c:/progra~1/gcc-ar~1/bin/../lib/gcc/arm-none-eabi/9.2.1/../../../../arm-none-eabi/lib/thumb/v7e-m/nofp\libg.a(lib_a-memset.o)
                0x08003ca0                memset
 .text._vsprintf_r
                0x08003d40       0x28 c:/progra~1/gcc-ar~1/bin/../lib/gcc/arm-none-eabi/9.2.1/../../../../arm-none-eabi/lib/thumb/v7e-m/nofp\libg.a(lib_a-vsprintf.o)
                0x08003d40                _vsprintf_r
 .text.vsprintf
                0x08003d68       0x18 c:/progra~1/gcc-ar~1/bin/../lib/gcc/arm-none-eabi/9.2.1/../../../../arm-none-eabi/lib/thumb/v7e-m/nofp\libg.a(lib_a-vsprintf.o)
                0x08003d68                vsprintf
 .text.startup.register_fini
                0x08003d80       0x14 c:/progra~1/gcc-ar~1/bin/../lib/gcc/arm-none-eabi/9.2.1/../../../../arm-none-eabi/lib/thumb/v7e-m/nofp\libg.a(lib_a-__call_atexit.o)
 .text.atexit   0x08003d94        0xc c:/progra~1/gcc-ar~1/bin/../lib/gcc/arm-none-eabi/9.2.1/../../../../arm-none-eabi/lib/thumb/v7e-m/nofp\libg.a(lib_a-atexit.o)
                0x08003d94                atexit
 .text.__libc_fini_array
                0x08003da0       0x2c c:/progra~1/gcc-ar~1/bin/../lib/gcc/arm-none-eabi/9.2.1/../../../../arm-none-eabi/lib/thumb/v7e-m/nofp\libg.a(lib_a-fini.o)
                0x08003da0                __libc_fini_array
 .text.__retarget_lock_acquire_recursive
                0x08003dcc        0x4 c:/progra~1/gcc-ar~1/bin/../lib/gcc/arm-none-eabi/9.2.1/../../../../arm-none-eabi/lib/thumb/v7e-m/nofp\libg.a(lib_a-lock.o)
                0x08003dcc                __retarget_lock_acquire_recursive
 .text.__retarget_lock_release_recursive
                0x08003dd0        0x4 c:/progra~1/gcc-ar~1/bin/../lib/gcc/arm-none-eabi/9.2.1/../../../../arm-none-eabi/lib/thumb/v7e-m/nofp\libg.a(lib_a-lock.o)
                0x08003dd0                __retarget_lock_release_recursive
 .text._svfprintf_r
                0x08003dd4     0x1acc c:/progra~1/gcc-ar~1/bin/../lib/gcc/arm-none-eabi/9.2.1/../../../../arm-none-eabi/lib/thumb/v7e-m/nofp\libg.a(lib_a-svfprintf.o)
                0x08003dd4                _svfprintf_r
 .text.__register_exitproc
                0x080058a0       0x8c c:/progra~1/gcc-ar~1/bin/../lib/gcc/arm-none-eabi/9.2.1/../../../../arm-none-eabi/lib/thumb/v7e-m/nofp\libg.a(lib_a-__atexit.o)
                0x080058a0                __register_exitproc
 .text.quorem   0x0800592c      0x11c c:/progra~1/gcc-ar~1/bin/../lib/gcc/arm-none-eabi/9.2.1/../../../../arm-none-eabi/lib/thumb/v7e-m/nofp\libg.a(lib_a-dtoa.o)
 .text._dtoa_r  0x08005a48      0xeb8 c:/progra~1/gcc-ar~1/bin/../lib/gcc/arm-none-eabi/9.2.1/../../../../arm-none-eabi/lib/thumb/v7e-m/nofp\libg.a(lib_a-dtoa.o)
                0x08005a48                _dtoa_r
 .text._malloc_trim_r
                0x08006900       0xa0 c:/progra~1/gcc-ar~1/bin/../lib/gcc/arm-none-eabi/9.2.1/../../../../arm-none-eabi/lib/thumb/v7e-m/nofp\libg.a(lib_a-freer.o)
                0x08006900                _malloc_trim_r
 .text._free_r  0x080069a0      0x208 c:/progra~1/gcc-ar~1/bin/../lib/gcc/arm-none-eabi/9.2.1/../../../../arm-none-eabi/lib/thumb/v7e-m/nofp\libg.a(lib_a-freer.o)
                0x080069a0                _free_r
 .text._localeconv_r
                0x08006ba8        0x8 c:/progra~1/gcc-ar~1/bin/../lib/gcc/arm-none-eabi/9.2.1/../../../../arm-none-eabi/lib/thumb/v7e-m/nofp\libg.a(lib_a-localeconv.o)
                0x08006ba8                _localeconv_r
 .text._malloc_r
                0x08006bb0      0x574 c:/progra~1/gcc-ar~1/bin/../lib/gcc/arm-none-eabi/9.2.1/../../../../arm-none-eabi/lib/thumb/v7e-m/nofp\libg.a(lib_a-mallocr.o)
                0x08006bb0                _malloc_r
 .text.__malloc_lock
                0x08007124        0xc c:/progra~1/gcc-ar~1/bin/../lib/gcc/arm-none-eabi/9.2.1/../../../../arm-none-eabi/lib/thumb/v7e-m/nofp\libg.a(lib_a-mlock.o)
                0x08007124                __malloc_lock
 .text.__malloc_unlock
                0x08007130        0xc c:/progra~1/gcc-ar~1/bin/../lib/gcc/arm-none-eabi/9.2.1/../../../../arm-none-eabi/lib/thumb/v7e-m/nofp\libg.a(lib_a-mlock.o)
                0x08007130                __malloc_unlock
 .text._Balloc  0x0800713c       0x4c c:/progra~1/gcc-ar~1/bin/../lib/gcc/arm-none-eabi/9.2.1/../../../../arm-none-eabi/lib/thumb/v7e-m/nofp\libg.a(lib_a-mprec.o)
                0x0800713c                _Balloc
 .text._Bfree   0x08007188       0x14 c:/progra~1/gcc-ar~1/bin/../lib/gcc/arm-none-eabi/9.2.1/../../../../arm-none-eabi/lib/thumb/v7e-m/nofp\libg.a(lib_a-mprec.o)
                0x08007188                _Bfree
 .text.__multadd
                0x0800719c       0x80 c:/progra~1/gcc-ar~1/bin/../lib/gcc/arm-none-eabi/9.2.1/../../../../arm-none-eabi/lib/thumb/v7e-m/nofp\libg.a(lib_a-mprec.o)
                0x0800719c                __multadd
 .text.__hi0bits
                0x0800721c       0x40 c:/progra~1/gcc-ar~1/bin/../lib/gcc/arm-none-eabi/9.2.1/../../../../arm-none-eabi/lib/thumb/v7e-m/nofp\libg.a(lib_a-mprec.o)
                0x0800721c                __hi0bits
 .text.__lo0bits
                0x0800725c       0x60 c:/progra~1/gcc-ar~1/bin/../lib/gcc/arm-none-eabi/9.2.1/../../../../arm-none-eabi/lib/thumb/v7e-m/nofp\libg.a(lib_a-mprec.o)
                0x0800725c                __lo0bits
 .text.__i2b    0x080072bc       0x14 c:/progra~1/gcc-ar~1/bin/../lib/gcc/arm-none-eabi/9.2.1/../../../../arm-none-eabi/lib/thumb/v7e-m/nofp\libg.a(lib_a-mprec.o)
                0x080072bc                __i2b
 .text.__multiply
                0x080072d0      0x144 c:/progra~1/gcc-ar~1/bin/../lib/gcc/arm-none-eabi/9.2.1/../../../../arm-none-eabi/lib/thumb/v7e-m/nofp\libg.a(lib_a-mprec.o)
                0x080072d0                __multiply
 .text.__pow5mult
                0x08007414       0xa0 c:/progra~1/gcc-ar~1/bin/../lib/gcc/arm-none-eabi/9.2.1/../../../../arm-none-eabi/lib/thumb/v7e-m/nofp\libg.a(lib_a-mprec.o)
                0x08007414                __pow5mult
 .text.__lshift
                0x080074b4       0xd4 c:/progra~1/gcc-ar~1/bin/../lib/gcc/arm-none-eabi/9.2.1/../../../../arm-none-eabi/lib/thumb/v7e-m/nofp\libg.a(lib_a-mprec.o)
                0x080074b4                __lshift
 .text.__mcmp   0x08007588       0x3c c:/progra~1/gcc-ar~1/bin/../lib/gcc/arm-none-eabi/9.2.1/../../../../arm-none-eabi/lib/thumb/v7e-m/nofp\libg.a(lib_a-mprec.o)
                0x08007588                __mcmp
 .text.__mdiff  0x080075c4      0x138 c:/progra~1/gcc-ar~1/bin/../lib/gcc/arm-none-eabi/9.2.1/../../../../arm-none-eabi/lib/thumb/v7e-m/nofp\libg.a(lib_a-mprec.o)
                0x080075c4                __mdiff
 .text.__d2b    0x080076fc       0xa8 c:/progra~1/gcc-ar~1/bin/../lib/gcc/arm-none-eabi/9.2.1/../../../../arm-none-eabi/lib/thumb/v7e-m/nofp\libg.a(lib_a-mprec.o)
                0x080076fc                __d2b
 .text.frexp    0x080077a4       0x70 c:/progra~1/gcc-ar~1/bin/../lib/gcc/arm-none-eabi/9.2.1/../../../../arm-none-eabi/lib/thumb/v7e-m/nofp\libg.a(lib_a-s_frexp.o)
                0x080077a4                frexp
 .text._sbrk_r  0x08007814       0x24 c:/progra~1/gcc-ar~1/bin/../lib/gcc/arm-none-eabi/9.2.1/../../../../arm-none-eabi/lib/thumb/v7e-m/nofp\libg.a(lib_a-sbrkr.o)
                0x08007814                _sbrk_r
 .text.strncpy  0x08007838       0x68 c:/progra~1/gcc-ar~1/bin/../lib/gcc/arm-none-eabi/9.2.1/../../../../arm-none-eabi/lib/thumb/v7e-m/nofp\libg.a(lib_a-strncpy.o)
                0x08007838                strncpy
 .text.__ssprint_r
                0x080078a0       0xf8 c:/progra~1/gcc-ar~1/bin/../lib/gcc/arm-none-eabi/9.2.1/../../../../arm-none-eabi/lib/thumb/v7e-m/nofp\libg.a(lib_a-svfiprintf.o)
                0x080078a0                __ssprint_r
 .text._calloc_r
                0x08007998       0x60 c:/progra~1/gcc-ar~1/bin/../lib/gcc/arm-none-eabi/9.2.1/../../../../arm-none-eabi/lib/thumb/v7e-m/nofp\libg.a(lib_a-callocr.o)
                0x08007998                _calloc_r
 .text.__ascii_mbtowc
                0x080079f8       0x2c c:/progra~1/gcc-ar~1/bin/../lib/gcc/arm-none-eabi/9.2.1/../../../../arm-none-eabi/lib/thumb/v7e-m/nofp\libg.a(lib_a-mbtowc_r.o)
                0x080079f8                __ascii_mbtowc
 .text.memmove  0x08007a24       0xd8 c:/progra~1/gcc-ar~1/bin/../lib/gcc/arm-none-eabi/9.2.1/../../../../arm-none-eabi/lib/thumb/v7e-m/nofp\libg.a(lib_a-memmove.o)
                0x08007a24                memmove
 .text._realloc_r
                0x08007afc      0x3e0 c:/progra~1/gcc-ar~1/bin/../lib/gcc/arm-none-eabi/9.2.1/../../../../arm-none-eabi/lib/thumb/v7e-m/nofp\libg.a(lib_a-reallocr.o)
                0x08007afc                _realloc_r
 .text.__ascii_wctomb
                0x08007edc       0x1c c:/progra~1/gcc-ar~1/bin/../lib/gcc/arm-none-eabi/9.2.1/../../../../arm-none-eabi/lib/thumb/v7e-m/nofp\libg.a(lib_a-wctomb_r.o)
                0x08007edc                __ascii_wctomb
 *(.glue_7)
 .glue_7        0x08007ef8        0x0 linker stubs
 *(.glue_7t)
 .glue_7t       0x08007ef8        0x0 linker stubs
 *(.eh_frame)
 .eh_frame      0x08007ef8        0x0 c:/progra~1/gcc-ar~1/bin/../lib/gcc/arm-none-eabi/9.2.1/thumb/v7e-m/nofp/crtbegin.o
 *(.init)
 .init          0x08007ef8        0x4 c:/progra~1/gcc-ar~1/bin/../lib/gcc/arm-none-eabi/9.2.1/thumb/v7e-m/nofp/crti.o
                0x08007ef8                _init
 .init          0x08007efc        0x8 c:/progra~1/gcc-ar~1/bin/../lib/gcc/arm-none-eabi/9.2.1/thumb/v7e-m/nofp/crtn.o
 *(.fini)
 .fini          0x08007f04        0x4 c:/progra~1/gcc-ar~1/bin/../lib/gcc/arm-none-eabi/9.2.1/thumb/v7e-m/nofp/crti.o
                0x08007f04                _fini
 .fini          0x08007f08        0x8 c:/progra~1/gcc-ar~1/bin/../lib/gcc/arm-none-eabi/9.2.1/thumb/v7e-m/nofp/crtn.o
                0x08007f10                . = ALIGN (0x4)
                0x08007f10                _etext = .

.vfp11_veneer   0x08007f10        0x0
 .vfp11_veneer  0x08007f10        0x0 linker stubs

.v4_bx          0x08007f10        0x0
 .v4_bx         0x08007f10        0x0 linker stubs

.iplt           0x08007f10        0x0
 .iplt          0x08007f10        0x0 c:/progra~1/gcc-ar~1/bin/../lib/gcc/arm-none-eabi/9.2.1/thumb/v7e-m/nofp/crtbegin.o

.rodata         0x08007f10      0x2b8
                0x08007f10                . = ALIGN (0x4)
 *(.rodata)
 *(.rodata*)
 .rodata.main.str1.4
                0x08007f10       0x11 CMakeFiles/M3508_PID.elf.dir/Core/Src/main.c.obj
 *fill*         0x08007f21        0x3 
 .rodata.AHBPrescTable
                0x08007f24       0x10 CMakeFiles/M3508_PID.elf.dir/Core/Src/system_stm32f4xx.c.obj
                0x08007f24                AHBPrescTable
 .rodata.APBPrescTable
                0x08007f34        0x8 CMakeFiles/M3508_PID.elf.dir/Core/Src/system_stm32f4xx.c.obj
                0x08007f34                APBPrescTable
 .rodata._global_impure_ptr
                0x08007f3c        0x4 c:/progra~1/gcc-ar~1/bin/../lib/gcc/arm-none-eabi/9.2.1/../../../../arm-none-eabi/lib/thumb/v7e-m/nofp\libg.a(lib_a-impure.o)
                0x08007f3c                _global_impure_ptr
 .rodata._svfprintf_r.str1.4
                0x08007f40       0x42 c:/progra~1/gcc-ar~1/bin/../lib/gcc/arm-none-eabi/9.2.1/../../../../arm-none-eabi/lib/thumb/v7e-m/nofp\libg.a(lib_a-svfprintf.o)
 *fill*         0x08007f82        0x2 
 .rodata.blanks.7345
                0x08007f84       0x10 c:/progra~1/gcc-ar~1/bin/../lib/gcc/arm-none-eabi/9.2.1/../../../../arm-none-eabi/lib/thumb/v7e-m/nofp\libg.a(lib_a-svfprintf.o)
 .rodata.zeroes.7346
                0x08007f94       0x10 c:/progra~1/gcc-ar~1/bin/../lib/gcc/arm-none-eabi/9.2.1/../../../../arm-none-eabi/lib/thumb/v7e-m/nofp\libg.a(lib_a-svfprintf.o)
 .rodata._dtoa_r.str1.4
                0x08007fa4        0xd c:/progra~1/gcc-ar~1/bin/../lib/gcc/arm-none-eabi/9.2.1/../../../../arm-none-eabi/lib/thumb/v7e-m/nofp\libg.a(lib_a-dtoa.o)
                                 0x12 (size before relaxing)
 *fill*         0x08007fb1        0x7 
 .rodata.__mprec_bigtens
                0x08007fb8       0x28 c:/progra~1/gcc-ar~1/bin/../lib/gcc/arm-none-eabi/9.2.1/../../../../arm-none-eabi/lib/thumb/v7e-m/nofp\libg.a(lib_a-mprec.o)
                0x08007fb8                __mprec_bigtens
 .rodata.__mprec_tens
                0x08007fe0       0xc8 c:/progra~1/gcc-ar~1/bin/../lib/gcc/arm-none-eabi/9.2.1/../../../../arm-none-eabi/lib/thumb/v7e-m/nofp\libg.a(lib_a-mprec.o)
                0x08007fe0                __mprec_tens
 .rodata.p05.6115
                0x080080a8        0xc c:/progra~1/gcc-ar~1/bin/../lib/gcc/arm-none-eabi/9.2.1/../../../../arm-none-eabi/lib/thumb/v7e-m/nofp\libg.a(lib_a-mprec.o)
 .rodata._setlocale_r.str1.4
                0x080080b4        0xa c:/progra~1/gcc-ar~1/bin/../lib/gcc/arm-none-eabi/9.2.1/../../../../arm-none-eabi/lib/thumb/v7e-m/nofp\libg.a(lib_a-locale.o)
                                  0xd (size before relaxing)
 *fill*         0x080080be        0x2 
 .rodata.str1.4
                0x080080c0        0x2 c:/progra~1/gcc-ar~1/bin/../lib/gcc/arm-none-eabi/9.2.1/../../../../arm-none-eabi/lib/thumb/v7e-m/nofp\libg.a(lib_a-locale.o)
 *fill*         0x080080c2        0x2 
 .rodata._ctype_
                0x080080c4      0x101 c:/progra~1/gcc-ar~1/bin/../lib/gcc/arm-none-eabi/9.2.1/../../../../arm-none-eabi/lib/thumb/v7e-m/nofp\libg.a(lib_a-ctype_.o)
                0x080080c4                _ctype_
                0x080081c8                . = ALIGN (0x4)
 *fill*         0x080081c5        0x3 

.ARM.extab      0x080081c8        0x0
                0x080081c8                . = ALIGN (0x4)
 *(.ARM.extab* .gnu.linkonce.armextab.*)
                0x080081c8                . = ALIGN (0x4)

.ARM            0x080081c8        0x8
                0x080081c8                . = ALIGN (0x4)
                0x080081c8                __exidx_start = .
 *(.ARM.exidx*)
 .ARM.exidx     0x080081c8        0x8 c:/progra~1/gcc-ar~1/bin/../lib/gcc/arm-none-eabi/9.2.1/thumb/v7e-m/nofp\libgcc.a(_udivmoddi4.o)
                0x080081d0                __exidx_end = .
                0x080081d0                . = ALIGN (0x4)

.rel.dyn        0x080081d0        0x0
 .rel.iplt      0x080081d0        0x0 c:/progra~1/gcc-ar~1/bin/../lib/gcc/arm-none-eabi/9.2.1/thumb/v7e-m/nofp/crtbegin.o

.preinit_array  0x080081d0        0x0
                0x080081d0                . = ALIGN (0x4)
                0x080081d0                PROVIDE (__preinit_array_start = .)
 *(.preinit_array*)
                0x080081d0                PROVIDE (__preinit_array_end = .)
                0x080081d0                . = ALIGN (0x4)

.init_array     0x080081d0        0x8
                0x080081d0                . = ALIGN (0x4)
                0x080081d0                PROVIDE (__init_array_start = .)
 *(SORT_BY_NAME(.init_array.*))
 .init_array.00000
                0x080081d0        0x4 c:/progra~1/gcc-ar~1/bin/../lib/gcc/arm-none-eabi/9.2.1/../../../../arm-none-eabi/lib/thumb/v7e-m/nofp\libg.a(lib_a-__call_atexit.o)
 *(.init_array*)
 .init_array    0x080081d4        0x4 c:/progra~1/gcc-ar~1/bin/../lib/gcc/arm-none-eabi/9.2.1/thumb/v7e-m/nofp/crtbegin.o
                0x080081d8                PROVIDE (__init_array_end = .)
                0x080081d8                . = ALIGN (0x4)

.fini_array     0x080081d8        0x4
                0x080081d8                . = ALIGN (0x4)
                0x080081d8                PROVIDE (__fini_array_start = .)
 *(SORT_BY_NAME(.fini_array.*))
 *(.fini_array*)
 .fini_array    0x080081d8        0x4 c:/progra~1/gcc-ar~1/bin/../lib/gcc/arm-none-eabi/9.2.1/thumb/v7e-m/nofp/crtbegin.o
                0x080081dc                PROVIDE (__fini_array_end = .)
                0x080081dc                . = ALIGN (0x4)
                0x080081dc                _sidata = LOADADDR (.data)

.data           0x20000000      0x9c8 load address 0x080081dc
                0x20000000                . = ALIGN (0x4)
                0x20000000                _sdata = .
 *(.data)
 *(.data*)
 .data.kd_vofa  0x20000000        0x4 CMakeFiles/M3508_PID.elf.dir/Core/Src/main.c.obj
                0x20000000                kd_vofa
 .data.kp_vofa  0x20000004        0x4 CMakeFiles/M3508_PID.elf.dir/Core/Src/main.c.obj
                0x20000004                kp_vofa
 .data.target_vofa
                0x20000008        0x4 CMakeFiles/M3508_PID.elf.dir/Core/Src/main.c.obj
                0x20000008                target_vofa
 .data.SystemCoreClock
                0x2000000c        0x4 CMakeFiles/M3508_PID.elf.dir/Core/Src/system_stm32f4xx.c.obj
                0x2000000c                SystemCoreClock
 .data.uwTickFreq
                0x20000010        0x1 CMakeFiles/M3508_PID.elf.dir/Drivers/STM32F4xx_HAL_Driver/Src/stm32f4xx_hal.c.obj
                0x20000010                uwTickFreq
 *fill*         0x20000011        0x3 
 .data.uwTickPrio
                0x20000014        0x4 CMakeFiles/M3508_PID.elf.dir/Drivers/STM32F4xx_HAL_Driver/Src/stm32f4xx_hal.c.obj
                0x20000014                uwTickPrio
 .data.k        0x20000018        0x4 CMakeFiles/M3508_PID.elf.dir/User/CAN_Recv/CAN_Recv.c.obj
                0x20000018                k
 .data._impure_ptr
                0x2000001c        0x4 c:/progra~1/gcc-ar~1/bin/../lib/gcc/arm-none-eabi/9.2.1/../../../../arm-none-eabi/lib/thumb/v7e-m/nofp\libg.a(lib_a-impure.o)
                0x2000001c                _impure_ptr
 .data.impure_data
                0x20000020      0x428 c:/progra~1/gcc-ar~1/bin/../lib/gcc/arm-none-eabi/9.2.1/../../../../arm-none-eabi/lib/thumb/v7e-m/nofp\libg.a(lib_a-impure.o)
 .data.__atexit_recursive_mutex
                0x20000448        0x4 c:/progra~1/gcc-ar~1/bin/../lib/gcc/arm-none-eabi/9.2.1/../../../../arm-none-eabi/lib/thumb/v7e-m/nofp\libg.a(lib_a-__call_atexit.o)
                0x20000448                __atexit_recursive_mutex
 .data.__malloc_av_
                0x2000044c      0x408 c:/progra~1/gcc-ar~1/bin/../lib/gcc/arm-none-eabi/9.2.1/../../../../arm-none-eabi/lib/thumb/v7e-m/nofp\libg.a(lib_a-mallocr.o)
                0x2000044c                __malloc_av_
 .data.__malloc_sbrk_base
                0x20000854        0x4 c:/progra~1/gcc-ar~1/bin/../lib/gcc/arm-none-eabi/9.2.1/../../../../arm-none-eabi/lib/thumb/v7e-m/nofp\libg.a(lib_a-mallocr.o)
                0x20000854                __malloc_sbrk_base
 .data.__malloc_trim_threshold
                0x20000858        0x4 c:/progra~1/gcc-ar~1/bin/../lib/gcc/arm-none-eabi/9.2.1/../../../../arm-none-eabi/lib/thumb/v7e-m/nofp\libg.a(lib_a-mallocr.o)
                0x20000858                __malloc_trim_threshold
 .data.__global_locale
                0x2000085c      0x16c c:/progra~1/gcc-ar~1/bin/../lib/gcc/arm-none-eabi/9.2.1/../../../../arm-none-eabi/lib/thumb/v7e-m/nofp\libg.a(lib_a-locale.o)
                0x2000085c                __global_locale
 *(.RamFunc)
 *(.RamFunc*)
                0x200009c8                . = ALIGN (0x4)
                0x200009c8                _edata = .
                0x08008ba4                _siccmram = LOADADDR (.ccmram)

.igot.plt       0x200009c8        0x0 load address 0x08008ba4
 .igot.plt      0x200009c8        0x0 c:/progra~1/gcc-ar~1/bin/../lib/gcc/arm-none-eabi/9.2.1/thumb/v7e-m/nofp/crtbegin.o

.ccmram         0x10000000        0x0 load address 0x08008ba4
                0x10000000                . = ALIGN (0x4)
                0x10000000                _sccmram = .
 *(.ccmram)
 *(.ccmram*)
                0x10000000                . = ALIGN (0x4)
                0x10000000                _eccmram = .
                0x10000000                . = ALIGN (0x4)

.bss            0x200009c8      0x77c
                0x200009c8                _sbss = .
                0x200009c8                __bss_start__ = _sbss
 *(.bss)
 .bss           0x200009c8       0x1c c:/progra~1/gcc-ar~1/bin/../lib/gcc/arm-none-eabi/9.2.1/thumb/v7e-m/nofp/crtbegin.o
 *(.bss*)
 .bss.HAL_RCC_CAN1_CLK_ENABLED
                0x200009e4        0x4 CMakeFiles/M3508_PID.elf.dir/Core/Src/can.c.obj
 .bss.hcan1     0x200009e8       0x28 CMakeFiles/M3508_PID.elf.dir/Core/Src/can.c.obj
                0x200009e8                hcan1
 .bss.hcan2     0x20000a10       0x28 CMakeFiles/M3508_PID.elf.dir/Core/Src/can.c.obj
                0x20000a10                hcan2
 .bss.ki_vofa   0x20000a38        0x4 CMakeFiles/M3508_PID.elf.dir/Core/Src/main.c.obj
                0x20000a38                ki_vofa
 .bss.__sbrk_heap_end
                0x20000a3c        0x4 CMakeFiles/M3508_PID.elf.dir/Core/Src/sysmem.c.obj
 .bss.DataBuff  0x20000a40       0xc8 CMakeFiles/M3508_PID.elf.dir/Core/Src/usart.c.obj
                0x20000a40                DataBuff
 .bss.RxBuffer  0x20000b08        0x1 CMakeFiles/M3508_PID.elf.dir/Core/Src/usart.c.obj
                0x20000b08                RxBuffer
 *fill*         0x20000b09        0x1 
 .bss.RxLine    0x20000b0a        0x2 CMakeFiles/M3508_PID.elf.dir/Core/Src/usart.c.obj
                0x20000b0a                RxLine
 .bss.ap.7762   0x20000b0c        0x4 CMakeFiles/M3508_PID.elf.dir/Core/Src/usart.c.obj
 .bss.huart1    0x20000b10       0x44 CMakeFiles/M3508_PID.elf.dir/Core/Src/usart.c.obj
                0x20000b10                huart1
 .bss.tx_buf.7761
                0x20000b54      0x100 CMakeFiles/M3508_PID.elf.dir/Core/Src/usart.c.obj
 .bss.uwTick    0x20000c54        0x4 CMakeFiles/M3508_PID.elf.dir/Drivers/STM32F4xx_HAL_Driver/Src/stm32f4xx_hal.c.obj
                0x20000c54                uwTick
 .bss.motor_pid
                0x20000c58      0x1c0 CMakeFiles/M3508_PID.elf.dir/User/PID/PID.c.obj
                0x20000c58                motor_pid
 .bss.set_speed
                0x20000e18       0x10 CMakeFiles/M3508_PID.elf.dir/User/PID/PID.c.obj
                0x20000e18                set_speed
 .bss.chassis_can_send_data
                0x20000e28        0x8 CMakeFiles/M3508_PID.elf.dir/User/CAN_Recv/CAN_Recv.c.obj
 .bss.chassis_tx_message
                0x20000e30       0x18 CMakeFiles/M3508_PID.elf.dir/User/CAN_Recv/CAN_Recv.c.obj
 .bss.motor_CAN1
                0x20000e48      0x150 CMakeFiles/M3508_PID.elf.dir/User/CAN_Recv/CAN_Recv.c.obj
                0x20000e48                motor_CAN1
 .bss.motor_CAN2
                0x20000f98      0x150 CMakeFiles/M3508_PID.elf.dir/User/CAN_Recv/CAN_Recv.c.obj
                0x20000f98                motor_CAN2
 .bss.__malloc_current_mallinfo
                0x200010e8       0x28 c:/progra~1/gcc-ar~1/bin/../lib/gcc/arm-none-eabi/9.2.1/../../../../arm-none-eabi/lib/thumb/v7e-m/nofp\libg.a(lib_a-mallocr.o)
                0x200010e8                __malloc_current_mallinfo
 .bss.__malloc_max_sbrked_mem
                0x20001110        0x4 c:/progra~1/gcc-ar~1/bin/../lib/gcc/arm-none-eabi/9.2.1/../../../../arm-none-eabi/lib/thumb/v7e-m/nofp\libg.a(lib_a-mallocr.o)
                0x20001110                __malloc_max_sbrked_mem
 .bss.__malloc_max_total_mem
                0x20001114        0x4 c:/progra~1/gcc-ar~1/bin/../lib/gcc/arm-none-eabi/9.2.1/../../../../arm-none-eabi/lib/thumb/v7e-m/nofp\libg.a(lib_a-mallocr.o)
                0x20001114                __malloc_max_total_mem
 .bss.__malloc_top_pad
                0x20001118        0x4 c:/progra~1/gcc-ar~1/bin/../lib/gcc/arm-none-eabi/9.2.1/../../../../arm-none-eabi/lib/thumb/v7e-m/nofp\libg.a(lib_a-mallocr.o)
                0x20001118                __malloc_top_pad
 *(COMMON)
 COMMON         0x2000111c       0x21 c:/progra~1/gcc-ar~1/bin/../lib/gcc/arm-none-eabi/9.2.1/../../../../arm-none-eabi/lib/thumb/v7e-m/nofp\libg.a(lib_a-lock.o)
                0x2000111c                __lock___atexit_recursive_mutex
                0x20001120                __lock___arc4random_mutex
                0x20001124                __lock___env_recursive_mutex
                0x20001128                __lock___sinit_recursive_mutex
                0x2000112c                __lock___malloc_recursive_mutex
                0x20001130                __lock___at_quick_exit_mutex
                0x20001134                __lock___dd_hash_mutex
                0x20001138                __lock___tz_mutex
                0x2000113c                __lock___sfp_recursive_mutex
 *fill*         0x2000113d        0x3 
 COMMON         0x20001140        0x4 c:/progra~1/gcc-ar~1/bin/../lib/gcc/arm-none-eabi/9.2.1/../../../../arm-none-eabi/lib/thumb/v7e-m/nofp\libg.a(lib_a-reent.o)
                0x20001140                errno
                0x20001144                . = ALIGN (0x4)
                0x20001144                _ebss = .
                0x20001144                __bss_end__ = _ebss

._user_heap_stack
                0x20001144      0x604
                0x20001148                . = ALIGN (0x8)
 *fill*         0x20001144        0x4 
                [!provide]                PROVIDE (end = .)
                0x20001148                PROVIDE (_end = .)
                0x20001348                . = (. + _Min_Heap_Size)
 *fill*         0x20001148      0x200 
                0x20001748                . = (. + _Min_Stack_Size)
 *fill*         0x20001348      0x400 
                0x20001748                . = ALIGN (0x8)

/DISCARD/
 libc.a(*)
 libm.a(*)
 libgcc.a(*)

.ARM.attributes
                0x00000000       0x2a
 *(.ARM.attributes)
 .ARM.attributes
                0x00000000       0x1e c:/progra~1/gcc-ar~1/bin/../lib/gcc/arm-none-eabi/9.2.1/thumb/v7e-m/nofp/crti.o
 .ARM.attributes
                0x0000001e       0x2e c:/progra~1/gcc-ar~1/bin/../lib/gcc/arm-none-eabi/9.2.1/thumb/v7e-m/nofp/crtbegin.o
 .ARM.attributes
                0x0000004c       0x2e CMakeFiles/M3508_PID.elf.dir/Core/Src/can.c.obj
 .ARM.attributes
                0x0000007a       0x2e CMakeFiles/M3508_PID.elf.dir/Core/Src/gpio.c.obj
 .ARM.attributes
                0x000000a8       0x2e CMakeFiles/M3508_PID.elf.dir/Core/Src/main.c.obj
 .ARM.attributes
                0x000000d6       0x2e CMakeFiles/M3508_PID.elf.dir/Core/Src/stm32f4xx_hal_msp.c.obj
 .ARM.attributes
                0x00000104       0x2e CMakeFiles/M3508_PID.elf.dir/Core/Src/stm32f4xx_it.c.obj
 .ARM.attributes
                0x00000132       0x2e CMakeFiles/M3508_PID.elf.dir/Core/Src/sysmem.c.obj
 .ARM.attributes
                0x00000160       0x2e CMakeFiles/M3508_PID.elf.dir/Core/Src/system_stm32f4xx.c.obj
 .ARM.attributes
                0x0000018e       0x2e CMakeFiles/M3508_PID.elf.dir/Core/Src/usart.c.obj
 .ARM.attributes
                0x000001bc       0x21 CMakeFiles/M3508_PID.elf.dir/Core/Startup/startup_stm32f407ighx.s.obj
 .ARM.attributes
                0x000001dd       0x2e CMakeFiles/M3508_PID.elf.dir/Drivers/STM32F4xx_HAL_Driver/Src/stm32f4xx_hal.c.obj
 .ARM.attributes
                0x0000020b       0x2e CMakeFiles/M3508_PID.elf.dir/Drivers/STM32F4xx_HAL_Driver/Src/stm32f4xx_hal_can.c.obj
 .ARM.attributes
                0x00000239       0x2e CMakeFiles/M3508_PID.elf.dir/Drivers/STM32F4xx_HAL_Driver/Src/stm32f4xx_hal_cortex.c.obj
 .ARM.attributes
                0x00000267       0x2e CMakeFiles/M3508_PID.elf.dir/Drivers/STM32F4xx_HAL_Driver/Src/stm32f4xx_hal_dma.c.obj
 .ARM.attributes
                0x00000295       0x2e CMakeFiles/M3508_PID.elf.dir/Drivers/STM32F4xx_HAL_Driver/Src/stm32f4xx_hal_gpio.c.obj
 .ARM.attributes
                0x000002c3       0x2e CMakeFiles/M3508_PID.elf.dir/Drivers/STM32F4xx_HAL_Driver/Src/stm32f4xx_hal_rcc.c.obj
 .ARM.attributes
                0x000002f1       0x2e CMakeFiles/M3508_PID.elf.dir/Drivers/STM32F4xx_HAL_Driver/Src/stm32f4xx_hal_uart.c.obj
 .ARM.attributes
                0x0000031f       0x2e CMakeFiles/M3508_PID.elf.dir/User/PID/PID.c.obj
 .ARM.attributes
                0x0000034d       0x2e CMakeFiles/M3508_PID.elf.dir/User/CAN_Recv/CAN_Recv.c.obj
 .ARM.attributes
                0x0000037b       0x1e c:/progra~1/gcc-ar~1/bin/../lib/gcc/arm-none-eabi/9.2.1/thumb/v7e-m/nofp\libgcc.a(_arm_mulsf3.o)
 .ARM.attributes
                0x00000399       0x1e c:/progra~1/gcc-ar~1/bin/../lib/gcc/arm-none-eabi/9.2.1/thumb/v7e-m/nofp\libgcc.a(_arm_addsubdf3.o)
 .ARM.attributes
                0x000003b7       0x1e c:/progra~1/gcc-ar~1/bin/../lib/gcc/arm-none-eabi/9.2.1/thumb/v7e-m/nofp\libgcc.a(_arm_fixdfsi.o)
 .ARM.attributes
                0x000003d5       0x1e c:/progra~1/gcc-ar~1/bin/../lib/gcc/arm-none-eabi/9.2.1/thumb/v7e-m/nofp\libgcc.a(_arm_addsubsf3.o)
 .ARM.attributes
                0x000003f3       0x1e c:/progra~1/gcc-ar~1/bin/../lib/gcc/arm-none-eabi/9.2.1/thumb/v7e-m/nofp\libgcc.a(_arm_cmpsf2.o)
 .ARM.attributes
                0x00000411       0x1e c:/progra~1/gcc-ar~1/bin/../lib/gcc/arm-none-eabi/9.2.1/thumb/v7e-m/nofp\libgcc.a(_arm_fixsfsi.o)
 .ARM.attributes
                0x0000042f       0x1e c:/progra~1/gcc-ar~1/bin/../lib/gcc/arm-none-eabi/9.2.1/thumb/v7e-m/nofp\libgcc.a(_aeabi_uldivmod.o)
 .ARM.attributes
                0x0000044d       0x2e c:/progra~1/gcc-ar~1/bin/../lib/gcc/arm-none-eabi/9.2.1/thumb/v7e-m/nofp\libgcc.a(_udivmoddi4.o)
 .ARM.attributes
                0x0000047b       0x1e c:/progra~1/gcc-ar~1/bin/../lib/gcc/arm-none-eabi/9.2.1/thumb/v7e-m/nofp\libgcc.a(_dvmd_tls.o)
 .ARM.attributes
                0x00000499       0x2e c:/progra~1/gcc-ar~1/bin/../lib/gcc/arm-none-eabi/9.2.1/../../../../arm-none-eabi/lib/thumb/v7e-m/nofp\libg.a(lib_a-errno.o)
 .ARM.attributes
                0x000004c7       0x2e c:/progra~1/gcc-ar~1/bin/../lib/gcc/arm-none-eabi/9.2.1/../../../../arm-none-eabi/lib/thumb/v7e-m/nofp\libg.a(lib_a-impure.o)
 .ARM.attributes
                0x000004f5       0x2e c:/progra~1/gcc-ar~1/bin/../lib/gcc/arm-none-eabi/9.2.1/../../../../arm-none-eabi/lib/thumb/v7e-m/nofp\libg.a(lib_a-init.o)
 .ARM.attributes
                0x00000523       0x2e c:/progra~1/gcc-ar~1/bin/../lib/gcc/arm-none-eabi/9.2.1/../../../../arm-none-eabi/lib/thumb/v7e-m/nofp\libg.a(lib_a-memset.o)
 .ARM.attributes
                0x00000551       0x2e c:/progra~1/gcc-ar~1/bin/../lib/gcc/arm-none-eabi/9.2.1/../../../../arm-none-eabi/lib/thumb/v7e-m/nofp\libg.a(lib_a-vsprintf.o)
 .ARM.attributes
                0x0000057f       0x2e c:/progra~1/gcc-ar~1/bin/../lib/gcc/arm-none-eabi/9.2.1/../../../../arm-none-eabi/lib/thumb/v7e-m/nofp\libg.a(lib_a-__call_atexit.o)
 .ARM.attributes
                0x000005ad       0x2e c:/progra~1/gcc-ar~1/bin/../lib/gcc/arm-none-eabi/9.2.1/../../../../arm-none-eabi/lib/thumb/v7e-m/nofp\libg.a(lib_a-atexit.o)
 .ARM.attributes
                0x000005db       0x2e c:/progra~1/gcc-ar~1/bin/../lib/gcc/arm-none-eabi/9.2.1/../../../../arm-none-eabi/lib/thumb/v7e-m/nofp\libg.a(lib_a-fini.o)
 .ARM.attributes
                0x00000609       0x2e c:/progra~1/gcc-ar~1/bin/../lib/gcc/arm-none-eabi/9.2.1/../../../../arm-none-eabi/lib/thumb/v7e-m/nofp\libg.a(lib_a-lock.o)
 .ARM.attributes
                0x00000637       0x2e c:/progra~1/gcc-ar~1/bin/../lib/gcc/arm-none-eabi/9.2.1/../../../../arm-none-eabi/lib/thumb/v7e-m/nofp\libg.a(lib_a-svfprintf.o)
 .ARM.attributes
                0x00000665       0x2e c:/progra~1/gcc-ar~1/bin/../lib/gcc/arm-none-eabi/9.2.1/../../../../arm-none-eabi/lib/thumb/v7e-m/nofp\libg.a(lib_a-__atexit.o)
 .ARM.attributes
                0x00000693       0x2e c:/progra~1/gcc-ar~1/bin/../lib/gcc/arm-none-eabi/9.2.1/../../../../arm-none-eabi/lib/thumb/v7e-m/nofp\libg.a(lib_a-dtoa.o)
 .ARM.attributes
                0x000006c1       0x2e c:/progra~1/gcc-ar~1/bin/../lib/gcc/arm-none-eabi/9.2.1/../../../../arm-none-eabi/lib/thumb/v7e-m/nofp\libg.a(lib_a-freer.o)
 .ARM.attributes
                0x000006ef       0x2e c:/progra~1/gcc-ar~1/bin/../lib/gcc/arm-none-eabi/9.2.1/../../../../arm-none-eabi/lib/thumb/v7e-m/nofp\libg.a(lib_a-localeconv.o)
 .ARM.attributes
                0x0000071d       0x2e c:/progra~1/gcc-ar~1/bin/../lib/gcc/arm-none-eabi/9.2.1/../../../../arm-none-eabi/lib/thumb/v7e-m/nofp\libg.a(lib_a-mallocr.o)
 .ARM.attributes
                0x0000074b       0x1c c:/progra~1/gcc-ar~1/bin/../lib/gcc/arm-none-eabi/9.2.1/../../../../arm-none-eabi/lib/thumb/v7e-m/nofp\libg.a(lib_a-memchr.o)
 .ARM.attributes
                0x00000767       0x1c c:/progra~1/gcc-ar~1/bin/../lib/gcc/arm-none-eabi/9.2.1/../../../../arm-none-eabi/lib/thumb/v7e-m/nofp\libg.a(lib_a-memcpy.o)
 .ARM.attributes
                0x00000783       0x2e c:/progra~1/gcc-ar~1/bin/../lib/gcc/arm-none-eabi/9.2.1/../../../../arm-none-eabi/lib/thumb/v7e-m/nofp\libg.a(lib_a-mlock.o)
 .ARM.attributes
                0x000007b1       0x2e c:/progra~1/gcc-ar~1/bin/../lib/gcc/arm-none-eabi/9.2.1/../../../../arm-none-eabi/lib/thumb/v7e-m/nofp\libg.a(lib_a-mprec.o)
 .ARM.attributes
                0x000007df       0x2e c:/progra~1/gcc-ar~1/bin/../lib/gcc/arm-none-eabi/9.2.1/../../../../arm-none-eabi/lib/thumb/v7e-m/nofp\libg.a(lib_a-s_frexp.o)
 .ARM.attributes
                0x0000080d       0x2e c:/progra~1/gcc-ar~1/bin/../lib/gcc/arm-none-eabi/9.2.1/../../../../arm-none-eabi/lib/thumb/v7e-m/nofp\libg.a(lib_a-sbrkr.o)
 .ARM.attributes
                0x0000083b       0x1c c:/progra~1/gcc-ar~1/bin/../lib/gcc/arm-none-eabi/9.2.1/../../../../arm-none-eabi/lib/thumb/v7e-m/nofp\libg.a(lib_a-strlen.o)
 .ARM.attributes
                0x00000857       0x2e c:/progra~1/gcc-ar~1/bin/../lib/gcc/arm-none-eabi/9.2.1/../../../../arm-none-eabi/lib/thumb/v7e-m/nofp\libg.a(lib_a-strncpy.o)
 .ARM.attributes
                0x00000885       0x2e c:/progra~1/gcc-ar~1/bin/../lib/gcc/arm-none-eabi/9.2.1/../../../../arm-none-eabi/lib/thumb/v7e-m/nofp\libg.a(lib_a-svfiprintf.o)
 .ARM.attributes
                0x000008b3       0x2e c:/progra~1/gcc-ar~1/bin/../lib/gcc/arm-none-eabi/9.2.1/../../../../arm-none-eabi/lib/thumb/v7e-m/nofp\libg.a(lib_a-callocr.o)
 .ARM.attributes
                0x000008e1       0x2e c:/progra~1/gcc-ar~1/bin/../lib/gcc/arm-none-eabi/9.2.1/../../../../arm-none-eabi/lib/thumb/v7e-m/nofp\libg.a(lib_a-locale.o)
 .ARM.attributes
                0x0000090f       0x2e c:/progra~1/gcc-ar~1/bin/../lib/gcc/arm-none-eabi/9.2.1/../../../../arm-none-eabi/lib/thumb/v7e-m/nofp\libg.a(lib_a-mbtowc_r.o)
 .ARM.attributes
                0x0000093d       0x2e c:/progra~1/gcc-ar~1/bin/../lib/gcc/arm-none-eabi/9.2.1/../../../../arm-none-eabi/lib/thumb/v7e-m/nofp\libg.a(lib_a-memmove.o)
 .ARM.attributes
                0x0000096b       0x2e c:/progra~1/gcc-ar~1/bin/../lib/gcc/arm-none-eabi/9.2.1/../../../../arm-none-eabi/lib/thumb/v7e-m/nofp\libg.a(lib_a-reallocr.o)
 .ARM.attributes
                0x00000999       0x2e c:/progra~1/gcc-ar~1/bin/../lib/gcc/arm-none-eabi/9.2.1/../../../../arm-none-eabi/lib/thumb/v7e-m/nofp\libg.a(lib_a-reent.o)
 .ARM.attributes
                0x000009c7       0x2e c:/progra~1/gcc-ar~1/bin/../lib/gcc/arm-none-eabi/9.2.1/../../../../arm-none-eabi/lib/thumb/v7e-m/nofp\libg.a(lib_a-wctomb_r.o)
 .ARM.attributes
                0x000009f5       0x2e c:/progra~1/gcc-ar~1/bin/../lib/gcc/arm-none-eabi/9.2.1/../../../../arm-none-eabi/lib/thumb/v7e-m/nofp\libg.a(lib_a-ctype_.o)
 .ARM.attributes
                0x00000a23       0x1e c:/progra~1/gcc-ar~1/bin/../lib/gcc/arm-none-eabi/9.2.1/thumb/v7e-m/nofp\libgcc.a(_arm_muldivdf3.o)
 .ARM.attributes
                0x00000a41       0x1e c:/progra~1/gcc-ar~1/bin/../lib/gcc/arm-none-eabi/9.2.1/thumb/v7e-m/nofp\libgcc.a(_arm_cmpdf2.o)
 .ARM.attributes
                0x00000a5f       0x1e c:/progra~1/gcc-ar~1/bin/../lib/gcc/arm-none-eabi/9.2.1/thumb/v7e-m/nofp\libgcc.a(_arm_unorddf2.o)
 .ARM.attributes
                0x00000a7d       0x1e c:/progra~1/gcc-ar~1/bin/../lib/gcc/arm-none-eabi/9.2.1/thumb/v7e-m/nofp/crtn.o
OUTPUT(M3508_PID.elf elf32-littlearm)

.debug_info     0x00000000    0x10a75
 .debug_info    0x00000000      0xdc2 CMakeFiles/M3508_PID.elf.dir/Core/Src/can.c.obj
 .debug_info    0x00000dc2      0x3e4 CMakeFiles/M3508_PID.elf.dir/Core/Src/gpio.c.obj
 .debug_info    0x000011a6     0x1315 CMakeFiles/M3508_PID.elf.dir/Core/Src/main.c.obj
 .debug_info    0x000024bb      0x3c7 CMakeFiles/M3508_PID.elf.dir/Core/Src/stm32f4xx_hal_msp.c.obj
 .debug_info    0x00002882      0xbbc CMakeFiles/M3508_PID.elf.dir/Core/Src/stm32f4xx_it.c.obj
 .debug_info    0x0000343e      0xa3a CMakeFiles/M3508_PID.elf.dir/Core/Src/sysmem.c.obj
 .debug_info    0x00003e78      0x3fe CMakeFiles/M3508_PID.elf.dir/Core/Src/system_stm32f4xx.c.obj
 .debug_info    0x00004276     0x1c2e CMakeFiles/M3508_PID.elf.dir/Core/Src/usart.c.obj
 .debug_info    0x00005ea4       0x22 CMakeFiles/M3508_PID.elf.dir/Core/Startup/startup_stm32f407ighx.s.obj
 .debug_info    0x00005ec6      0xa79 CMakeFiles/M3508_PID.elf.dir/Drivers/STM32F4xx_HAL_Driver/Src/stm32f4xx_hal.c.obj
 .debug_info    0x0000693f     0x133d CMakeFiles/M3508_PID.elf.dir/Drivers/STM32F4xx_HAL_Driver/Src/stm32f4xx_hal_can.c.obj
 .debug_info    0x00007c7c     0x1154 CMakeFiles/M3508_PID.elf.dir/Drivers/STM32F4xx_HAL_Driver/Src/stm32f4xx_hal_cortex.c.obj
 .debug_info    0x00008dd0      0xbed CMakeFiles/M3508_PID.elf.dir/Drivers/STM32F4xx_HAL_Driver/Src/stm32f4xx_hal_dma.c.obj
 .debug_info    0x000099bd      0x884 CMakeFiles/M3508_PID.elf.dir/Drivers/STM32F4xx_HAL_Driver/Src/stm32f4xx_hal_gpio.c.obj
 .debug_info    0x0000a241      0xb5d CMakeFiles/M3508_PID.elf.dir/Drivers/STM32F4xx_HAL_Driver/Src/stm32f4xx_hal_rcc.c.obj
 .debug_info    0x0000ad9e     0x4302 CMakeFiles/M3508_PID.elf.dir/Drivers/STM32F4xx_HAL_Driver/Src/stm32f4xx_hal_uart.c.obj
 .debug_info    0x0000f0a0      0xe5f CMakeFiles/M3508_PID.elf.dir/User/PID/PID.c.obj
 .debug_info    0x0000feff      0xb76 CMakeFiles/M3508_PID.elf.dir/User/CAN_Recv/CAN_Recv.c.obj

.debug_abbrev   0x00000000     0x2779
 .debug_abbrev  0x00000000      0x210 CMakeFiles/M3508_PID.elf.dir/Core/Src/can.c.obj
 .debug_abbrev  0x00000210      0x11a CMakeFiles/M3508_PID.elf.dir/Core/Src/gpio.c.obj
 .debug_abbrev  0x0000032a      0x269 CMakeFiles/M3508_PID.elf.dir/Core/Src/main.c.obj
 .debug_abbrev  0x00000593      0x11a CMakeFiles/M3508_PID.elf.dir/Core/Src/stm32f4xx_hal_msp.c.obj
 .debug_abbrev  0x000006ad      0x1d5 CMakeFiles/M3508_PID.elf.dir/Core/Src/stm32f4xx_it.c.obj
 .debug_abbrev  0x00000882      0x23e CMakeFiles/M3508_PID.elf.dir/Core/Src/sysmem.c.obj
 .debug_abbrev  0x00000ac0      0x148 CMakeFiles/M3508_PID.elf.dir/Core/Src/system_stm32f4xx.c.obj
 .debug_abbrev  0x00000c08      0x36e CMakeFiles/M3508_PID.elf.dir/Core/Src/usart.c.obj
 .debug_abbrev  0x00000f76       0x12 CMakeFiles/M3508_PID.elf.dir/Core/Startup/startup_stm32f407ighx.s.obj
 .debug_abbrev  0x00000f88      0x219 CMakeFiles/M3508_PID.elf.dir/Drivers/STM32F4xx_HAL_Driver/Src/stm32f4xx_hal.c.obj
 .debug_abbrev  0x000011a1      0x294 CMakeFiles/M3508_PID.elf.dir/Drivers/STM32F4xx_HAL_Driver/Src/stm32f4xx_hal_can.c.obj
 .debug_abbrev  0x00001435      0x390 CMakeFiles/M3508_PID.elf.dir/Drivers/STM32F4xx_HAL_Driver/Src/stm32f4xx_hal_cortex.c.obj
 .debug_abbrev  0x000017c5      0x2d5 CMakeFiles/M3508_PID.elf.dir/Drivers/STM32F4xx_HAL_Driver/Src/stm32f4xx_hal_dma.c.obj
 .debug_abbrev  0x00001a9a      0x21c CMakeFiles/M3508_PID.elf.dir/Drivers/STM32F4xx_HAL_Driver/Src/stm32f4xx_hal_gpio.c.obj
 .debug_abbrev  0x00001cb6      0x2ae CMakeFiles/M3508_PID.elf.dir/Drivers/STM32F4xx_HAL_Driver/Src/stm32f4xx_hal_rcc.c.obj
 .debug_abbrev  0x00001f64      0x342 CMakeFiles/M3508_PID.elf.dir/Drivers/STM32F4xx_HAL_Driver/Src/stm32f4xx_hal_uart.c.obj
 .debug_abbrev  0x000022a6      0x2a9 CMakeFiles/M3508_PID.elf.dir/User/PID/PID.c.obj
 .debug_abbrev  0x0000254f      0x22a CMakeFiles/M3508_PID.elf.dir/User/CAN_Recv/CAN_Recv.c.obj

.debug_loc      0x00000000     0x80c7
 .debug_loc     0x00000000       0xcb CMakeFiles/M3508_PID.elf.dir/Core/Src/can.c.obj
 .debug_loc     0x000000cb       0x64 CMakeFiles/M3508_PID.elf.dir/Core/Src/sysmem.c.obj
 .debug_loc     0x0000012f      0x16c CMakeFiles/M3508_PID.elf.dir/Core/Src/system_stm32f4xx.c.obj
 .debug_loc     0x0000029b      0x37c CMakeFiles/M3508_PID.elf.dir/Core/Src/usart.c.obj
 .debug_loc     0x00000617      0x141 CMakeFiles/M3508_PID.elf.dir/Drivers/STM32F4xx_HAL_Driver/Src/stm32f4xx_hal.c.obj
 .debug_loc     0x00000758      0xdd6 CMakeFiles/M3508_PID.elf.dir/Drivers/STM32F4xx_HAL_Driver/Src/stm32f4xx_hal_can.c.obj
 .debug_loc     0x0000152e      0x744 CMakeFiles/M3508_PID.elf.dir/Drivers/STM32F4xx_HAL_Driver/Src/stm32f4xx_hal_cortex.c.obj
 .debug_loc     0x00001c72      0xbf9 CMakeFiles/M3508_PID.elf.dir/Drivers/STM32F4xx_HAL_Driver/Src/stm32f4xx_hal_dma.c.obj
 .debug_loc     0x0000286b      0x513 CMakeFiles/M3508_PID.elf.dir/Drivers/STM32F4xx_HAL_Driver/Src/stm32f4xx_hal_gpio.c.obj
 .debug_loc     0x00002d7e      0x56f CMakeFiles/M3508_PID.elf.dir/Drivers/STM32F4xx_HAL_Driver/Src/stm32f4xx_hal_rcc.c.obj
 .debug_loc     0x000032ed     0x49ab CMakeFiles/M3508_PID.elf.dir/Drivers/STM32F4xx_HAL_Driver/Src/stm32f4xx_hal_uart.c.obj
 .debug_loc     0x00007c98      0x29b CMakeFiles/M3508_PID.elf.dir/User/PID/PID.c.obj
 .debug_loc     0x00007f33      0x194 CMakeFiles/M3508_PID.elf.dir/User/CAN_Recv/CAN_Recv.c.obj

.debug_aranges  0x00000000      0x8c0
 .debug_aranges
                0x00000000       0x38 CMakeFiles/M3508_PID.elf.dir/Core/Src/can.c.obj
 .debug_aranges
                0x00000038       0x20 CMakeFiles/M3508_PID.elf.dir/Core/Src/gpio.c.obj
 .debug_aranges
                0x00000058       0x30 CMakeFiles/M3508_PID.elf.dir/Core/Src/main.c.obj
 .debug_aranges
                0x00000088       0x20 CMakeFiles/M3508_PID.elf.dir/Core/Src/stm32f4xx_hal_msp.c.obj
 .debug_aranges
                0x000000a8       0x78 CMakeFiles/M3508_PID.elf.dir/Core/Src/stm32f4xx_it.c.obj
 .debug_aranges
                0x00000120       0x20 CMakeFiles/M3508_PID.elf.dir/Core/Src/sysmem.c.obj
 .debug_aranges
                0x00000140       0x28 CMakeFiles/M3508_PID.elf.dir/Core/Src/system_stm32f4xx.c.obj
 .debug_aranges
                0x00000168       0x50 CMakeFiles/M3508_PID.elf.dir/Core/Src/usart.c.obj
 .debug_aranges
                0x000001b8       0x28 CMakeFiles/M3508_PID.elf.dir/Core/Startup/startup_stm32f407ighx.s.obj
 .debug_aranges
                0x000001e0       0xf0 CMakeFiles/M3508_PID.elf.dir/Drivers/STM32F4xx_HAL_Driver/Src/stm32f4xx_hal.c.obj
 .debug_aranges
                0x000002d0      0x138 CMakeFiles/M3508_PID.elf.dir/Drivers/STM32F4xx_HAL_Driver/Src/stm32f4xx_hal_can.c.obj
 .debug_aranges
                0x00000408       0xa8 CMakeFiles/M3508_PID.elf.dir/Drivers/STM32F4xx_HAL_Driver/Src/stm32f4xx_hal_cortex.c.obj
 .debug_aranges
                0x000004b0       0x90 CMakeFiles/M3508_PID.elf.dir/Drivers/STM32F4xx_HAL_Driver/Src/stm32f4xx_hal_dma.c.obj
 .debug_aranges
                0x00000540       0x58 CMakeFiles/M3508_PID.elf.dir/Drivers/STM32F4xx_HAL_Driver/Src/stm32f4xx_hal_gpio.c.obj
 .debug_aranges
                0x00000598       0x88 CMakeFiles/M3508_PID.elf.dir/Drivers/STM32F4xx_HAL_Driver/Src/stm32f4xx_hal_rcc.c.obj
 .debug_aranges
                0x00000620      0x200 CMakeFiles/M3508_PID.elf.dir/Drivers/STM32F4xx_HAL_Driver/Src/stm32f4xx_hal_uart.c.obj
 .debug_aranges
                0x00000820       0x60 CMakeFiles/M3508_PID.elf.dir/User/PID/PID.c.obj
 .debug_aranges
                0x00000880       0x40 CMakeFiles/M3508_PID.elf.dir/User/CAN_Recv/CAN_Recv.c.obj

.debug_ranges   0x00000000      0x880
 .debug_ranges  0x00000000       0x28 CMakeFiles/M3508_PID.elf.dir/Core/Src/can.c.obj
 .debug_ranges  0x00000028       0x10 CMakeFiles/M3508_PID.elf.dir/Core/Src/gpio.c.obj
 .debug_ranges  0x00000038       0x20 CMakeFiles/M3508_PID.elf.dir/Core/Src/main.c.obj
 .debug_ranges  0x00000058       0x10 CMakeFiles/M3508_PID.elf.dir/Core/Src/stm32f4xx_hal_msp.c.obj
 .debug_ranges  0x00000068       0x68 CMakeFiles/M3508_PID.elf.dir/Core/Src/stm32f4xx_it.c.obj
 .debug_ranges  0x000000d0       0x10 CMakeFiles/M3508_PID.elf.dir/Core/Src/sysmem.c.obj
 .debug_ranges  0x000000e0       0x18 CMakeFiles/M3508_PID.elf.dir/Core/Src/system_stm32f4xx.c.obj
 .debug_ranges  0x000000f8       0x70 CMakeFiles/M3508_PID.elf.dir/Core/Src/usart.c.obj
 .debug_ranges  0x00000168       0x20 CMakeFiles/M3508_PID.elf.dir/Core/Startup/startup_stm32f407ighx.s.obj
 .debug_ranges  0x00000188       0xe0 CMakeFiles/M3508_PID.elf.dir/Drivers/STM32F4xx_HAL_Driver/Src/stm32f4xx_hal.c.obj
 .debug_ranges  0x00000268      0x128 CMakeFiles/M3508_PID.elf.dir/Drivers/STM32F4xx_HAL_Driver/Src/stm32f4xx_hal_can.c.obj
 .debug_ranges  0x00000390       0xf8 CMakeFiles/M3508_PID.elf.dir/Drivers/STM32F4xx_HAL_Driver/Src/stm32f4xx_hal_cortex.c.obj
 .debug_ranges  0x00000488       0x80 CMakeFiles/M3508_PID.elf.dir/Drivers/STM32F4xx_HAL_Driver/Src/stm32f4xx_hal_dma.c.obj
 .debug_ranges  0x00000508       0x48 CMakeFiles/M3508_PID.elf.dir/Drivers/STM32F4xx_HAL_Driver/Src/stm32f4xx_hal_gpio.c.obj
 .debug_ranges  0x00000550       0x90 CMakeFiles/M3508_PID.elf.dir/Drivers/STM32F4xx_HAL_Driver/Src/stm32f4xx_hal_rcc.c.obj
 .debug_ranges  0x000005e0      0x208 CMakeFiles/M3508_PID.elf.dir/Drivers/STM32F4xx_HAL_Driver/Src/stm32f4xx_hal_uart.c.obj
 .debug_ranges  0x000007e8       0x50 CMakeFiles/M3508_PID.elf.dir/User/PID/PID.c.obj
 .debug_ranges  0x00000838       0x48 CMakeFiles/M3508_PID.elf.dir/User/CAN_Recv/CAN_Recv.c.obj

.debug_line     0x00000000     0xb3fd
 .debug_line    0x00000000      0x5ab CMakeFiles/M3508_PID.elf.dir/Core/Src/can.c.obj
 .debug_line    0x000005ab      0x251 CMakeFiles/M3508_PID.elf.dir/Core/Src/gpio.c.obj
 .debug_line    0x000007fc      0x4b2 CMakeFiles/M3508_PID.elf.dir/Core/Src/main.c.obj
 .debug_line    0x00000cae      0x259 CMakeFiles/M3508_PID.elf.dir/Core/Src/stm32f4xx_hal_msp.c.obj
 .debug_line    0x00000f07      0x3f2 CMakeFiles/M3508_PID.elf.dir/Core/Src/stm32f4xx_it.c.obj
 .debug_line    0x000012f9      0x1ad CMakeFiles/M3508_PID.elf.dir/Core/Src/sysmem.c.obj
 .debug_line    0x000014a6      0x2d5 CMakeFiles/M3508_PID.elf.dir/Core/Src/system_stm32f4xx.c.obj
 .debug_line    0x0000177b      0x8a7 CMakeFiles/M3508_PID.elf.dir/Core/Src/usart.c.obj
 .debug_line    0x00002022       0xaa CMakeFiles/M3508_PID.elf.dir/Core/Startup/startup_stm32f407ighx.s.obj
 .debug_line    0x000020cc      0x5bd CMakeFiles/M3508_PID.elf.dir/Drivers/STM32F4xx_HAL_Driver/Src/stm32f4xx_hal.c.obj
 .debug_line    0x00002689     0x116e CMakeFiles/M3508_PID.elf.dir/Drivers/STM32F4xx_HAL_Driver/Src/stm32f4xx_hal_can.c.obj
 .debug_line    0x000037f7      0x7fa CMakeFiles/M3508_PID.elf.dir/Drivers/STM32F4xx_HAL_Driver/Src/stm32f4xx_hal_cortex.c.obj
 .debug_line    0x00003ff1      0xea6 CMakeFiles/M3508_PID.elf.dir/Drivers/STM32F4xx_HAL_Driver/Src/stm32f4xx_hal_dma.c.obj
 .debug_line    0x00004e97      0x787 CMakeFiles/M3508_PID.elf.dir/Drivers/STM32F4xx_HAL_Driver/Src/stm32f4xx_hal_gpio.c.obj
 .debug_line    0x0000561e      0xb8a CMakeFiles/M3508_PID.elf.dir/Drivers/STM32F4xx_HAL_Driver/Src/stm32f4xx_hal_rcc.c.obj
 .debug_line    0x000061a8     0x466c CMakeFiles/M3508_PID.elf.dir/Drivers/STM32F4xx_HAL_Driver/Src/stm32f4xx_hal_uart.c.obj
 .debug_line    0x0000a814      0x6bf CMakeFiles/M3508_PID.elf.dir/User/PID/PID.c.obj
 .debug_line    0x0000aed3      0x52a CMakeFiles/M3508_PID.elf.dir/User/CAN_Recv/CAN_Recv.c.obj

.debug_str      0x00000000     0x3728
 .debug_str     0x00000000      0xc47 CMakeFiles/M3508_PID.elf.dir/Core/Src/can.c.obj
                                0xccf (size before relaxing)
 .debug_str     0x00000c47       0x42 CMakeFiles/M3508_PID.elf.dir/Core/Src/gpio.c.obj
                                0x40f (size before relaxing)
 .debug_str     0x00000c89      0x763 CMakeFiles/M3508_PID.elf.dir/Core/Src/main.c.obj
                                0xe65 (size before relaxing)
 .debug_str     0x000013ec       0x4e CMakeFiles/M3508_PID.elf.dir/Core/Src/stm32f4xx_hal_msp.c.obj
                                0x41b (size before relaxing)
 .debug_str     0x0000143a      0x13a CMakeFiles/M3508_PID.elf.dir/Core/Src/stm32f4xx_it.c.obj
                                0xac3 (size before relaxing)
 .debug_str     0x00001574      0x46d CMakeFiles/M3508_PID.elf.dir/Core/Src/sysmem.c.obj
                                0x670 (size before relaxing)
 .debug_str     0x000019e1       0x7d CMakeFiles/M3508_PID.elf.dir/Core/Src/system_stm32f4xx.c.obj
                                0x419 (size before relaxing)
 .debug_str     0x00001a5e      0x161 CMakeFiles/M3508_PID.elf.dir/Core/Src/usart.c.obj
                               0x14bf (size before relaxing)
 .debug_str     0x00001bbf       0x58 CMakeFiles/M3508_PID.elf.dir/Core/Startup/startup_stm32f407ighx.s.obj
                                 0x8f (size before relaxing)
 .debug_str     0x00001c17      0x2f3 CMakeFiles/M3508_PID.elf.dir/Drivers/STM32F4xx_HAL_Driver/Src/stm32f4xx_hal.c.obj
                                0xbff (size before relaxing)
 .debug_str     0x00001f0a      0x566 CMakeFiles/M3508_PID.elf.dir/Drivers/STM32F4xx_HAL_Driver/Src/stm32f4xx_hal_can.c.obj
                                0xb6f (size before relaxing)
 .debug_str     0x00002470      0x4a3 CMakeFiles/M3508_PID.elf.dir/Drivers/STM32F4xx_HAL_Driver/Src/stm32f4xx_hal_cortex.c.obj
                                0xd3e (size before relaxing)
 .debug_str     0x00002913      0x323 CMakeFiles/M3508_PID.elf.dir/Drivers/STM32F4xx_HAL_Driver/Src/stm32f4xx_hal_dma.c.obj
                                0x88a (size before relaxing)
 .debug_str     0x00002c36      0x178 CMakeFiles/M3508_PID.elf.dir/Drivers/STM32F4xx_HAL_Driver/Src/stm32f4xx_hal_gpio.c.obj
                                0x604 (size before relaxing)
 .debug_str     0x00002dae      0x1b5 CMakeFiles/M3508_PID.elf.dir/Drivers/STM32F4xx_HAL_Driver/Src/stm32f4xx_hal_rcc.c.obj
                                0x7e2 (size before relaxing)
 .debug_str     0x00002f63      0x5d3 CMakeFiles/M3508_PID.elf.dir/Drivers/STM32F4xx_HAL_Driver/Src/stm32f4xx_hal_uart.c.obj
                                0xe6c (size before relaxing)
 .debug_str     0x00003536       0xc8 CMakeFiles/M3508_PID.elf.dir/User/PID/PID.c.obj
                                0x9f3 (size before relaxing)
 .debug_str     0x000035fe      0x12a CMakeFiles/M3508_PID.elf.dir/User/CAN_Recv/CAN_Recv.c.obj
                                0x8ea (size before relaxing)

.comment        0x00000000       0x79
 .comment       0x00000000       0x79 CMakeFiles/M3508_PID.elf.dir/Core/Src/can.c.obj
                                 0x7a (size before relaxing)
 .comment       0x00000079       0x7a CMakeFiles/M3508_PID.elf.dir/Core/Src/gpio.c.obj
 .comment       0x00000079       0x7a CMakeFiles/M3508_PID.elf.dir/Core/Src/main.c.obj
 .comment       0x00000079       0x7a CMakeFiles/M3508_PID.elf.dir/Core/Src/stm32f4xx_hal_msp.c.obj
 .comment       0x00000079       0x7a CMakeFiles/M3508_PID.elf.dir/Core/Src/stm32f4xx_it.c.obj
 .comment       0x00000079       0x7a CMakeFiles/M3508_PID.elf.dir/Core/Src/sysmem.c.obj
 .comment       0x00000079       0x7a CMakeFiles/M3508_PID.elf.dir/Core/Src/system_stm32f4xx.c.obj
 .comment       0x00000079       0x7a CMakeFiles/M3508_PID.elf.dir/Core/Src/usart.c.obj
 .comment       0x00000079       0x7a CMakeFiles/M3508_PID.elf.dir/Drivers/STM32F4xx_HAL_Driver/Src/stm32f4xx_hal.c.obj
 .comment       0x00000079       0x7a CMakeFiles/M3508_PID.elf.dir/Drivers/STM32F4xx_HAL_Driver/Src/stm32f4xx_hal_can.c.obj
 .comment       0x00000079       0x7a CMakeFiles/M3508_PID.elf.dir/Drivers/STM32F4xx_HAL_Driver/Src/stm32f4xx_hal_cortex.c.obj
 .comment       0x00000079       0x7a CMakeFiles/M3508_PID.elf.dir/Drivers/STM32F4xx_HAL_Driver/Src/stm32f4xx_hal_dma.c.obj
 .comment       0x00000079       0x7a CMakeFiles/M3508_PID.elf.dir/Drivers/STM32F4xx_HAL_Driver/Src/stm32f4xx_hal_gpio.c.obj
 .comment       0x00000079       0x7a CMakeFiles/M3508_PID.elf.dir/Drivers/STM32F4xx_HAL_Driver/Src/stm32f4xx_hal_rcc.c.obj
 .comment       0x00000079       0x7a CMakeFiles/M3508_PID.elf.dir/Drivers/STM32F4xx_HAL_Driver/Src/stm32f4xx_hal_uart.c.obj
 .comment       0x00000079       0x7a CMakeFiles/M3508_PID.elf.dir/User/PID/PID.c.obj
 .comment       0x00000079       0x7a CMakeFiles/M3508_PID.elf.dir/User/CAN_Recv/CAN_Recv.c.obj

.debug_frame    0x00000000     0x2258
 .debug_frame   0x00000000       0x78 CMakeFiles/M3508_PID.elf.dir/Core/Src/can.c.obj
 .debug_frame   0x00000078       0x28 CMakeFiles/M3508_PID.elf.dir/Core/Src/gpio.c.obj
 .debug_frame   0x000000a0       0x5c CMakeFiles/M3508_PID.elf.dir/Core/Src/main.c.obj
 .debug_frame   0x000000fc       0x28 CMakeFiles/M3508_PID.elf.dir/Core/Src/stm32f4xx_hal_msp.c.obj
 .debug_frame   0x00000124       0xf0 CMakeFiles/M3508_PID.elf.dir/Core/Src/stm32f4xx_it.c.obj
 .debug_frame   0x00000214       0x28 CMakeFiles/M3508_PID.elf.dir/Core/Src/sysmem.c.obj
 .debug_frame   0x0000023c       0x30 CMakeFiles/M3508_PID.elf.dir/Core/Src/system_stm32f4xx.c.obj
 .debug_frame   0x0000026c       0xe8 CMakeFiles/M3508_PID.elf.dir/Core/Src/usart.c.obj
 .debug_frame   0x00000354      0x1ec CMakeFiles/M3508_PID.elf.dir/Drivers/STM32F4xx_HAL_Driver/Src/stm32f4xx_hal.c.obj
 .debug_frame   0x00000540      0x2dc CMakeFiles/M3508_PID.elf.dir/Drivers/STM32F4xx_HAL_Driver/Src/stm32f4xx_hal_can.c.obj
 .debug_frame   0x0000081c      0x15c CMakeFiles/M3508_PID.elf.dir/Drivers/STM32F4xx_HAL_Driver/Src/stm32f4xx_hal_cortex.c.obj
 .debug_frame   0x00000978      0x188 CMakeFiles/M3508_PID.elf.dir/Drivers/STM32F4xx_HAL_Driver/Src/stm32f4xx_hal_dma.c.obj
 .debug_frame   0x00000b00       0xd8 CMakeFiles/M3508_PID.elf.dir/Drivers/STM32F4xx_HAL_Driver/Src/stm32f4xx_hal_gpio.c.obj
 .debug_frame   0x00000bd8      0x174 CMakeFiles/M3508_PID.elf.dir/Drivers/STM32F4xx_HAL_Driver/Src/stm32f4xx_hal_rcc.c.obj
 .debug_frame   0x00000d4c      0x5cc CMakeFiles/M3508_PID.elf.dir/Drivers/STM32F4xx_HAL_Driver/Src/stm32f4xx_hal_uart.c.obj
 .debug_frame   0x00001318       0xf8 CMakeFiles/M3508_PID.elf.dir/User/PID/PID.c.obj
 .debug_frame   0x00001410       0xb8 CMakeFiles/M3508_PID.elf.dir/User/CAN_Recv/CAN_Recv.c.obj
 .debug_frame   0x000014c8       0x24 c:/progra~1/gcc-ar~1/bin/../lib/gcc/arm-none-eabi/9.2.1/thumb/v7e-m/nofp\libgcc.a(_arm_mulsf3.o)
 .debug_frame   0x000014ec       0xac c:/progra~1/gcc-ar~1/bin/../lib/gcc/arm-none-eabi/9.2.1/thumb/v7e-m/nofp\libgcc.a(_arm_addsubdf3.o)
 .debug_frame   0x00001598       0x24 c:/progra~1/gcc-ar~1/bin/../lib/gcc/arm-none-eabi/9.2.1/thumb/v7e-m/nofp\libgcc.a(_arm_fixdfsi.o)
 .debug_frame   0x000015bc       0x4c c:/progra~1/gcc-ar~1/bin/../lib/gcc/arm-none-eabi/9.2.1/thumb/v7e-m/nofp\libgcc.a(_arm_addsubsf3.o)
 .debug_frame   0x00001608       0xc8 c:/progra~1/gcc-ar~1/bin/../lib/gcc/arm-none-eabi/9.2.1/thumb/v7e-m/nofp\libgcc.a(_arm_cmpsf2.o)
 .debug_frame   0x000016d0       0x24 c:/progra~1/gcc-ar~1/bin/../lib/gcc/arm-none-eabi/9.2.1/thumb/v7e-m/nofp\libgcc.a(_arm_fixsfsi.o)
 .debug_frame   0x000016f4       0x2c c:/progra~1/gcc-ar~1/bin/../lib/gcc/arm-none-eabi/9.2.1/thumb/v7e-m/nofp\libgcc.a(_aeabi_uldivmod.o)
 .debug_frame   0x00001720       0x34 c:/progra~1/gcc-ar~1/bin/../lib/gcc/arm-none-eabi/9.2.1/thumb/v7e-m/nofp\libgcc.a(_udivmoddi4.o)
 .debug_frame   0x00001754       0x20 c:/progra~1/gcc-ar~1/bin/../lib/gcc/arm-none-eabi/9.2.1/../../../../arm-none-eabi/lib/thumb/v7e-m/nofp\libg.a(lib_a-errno.o)
 .debug_frame   0x00001774       0x2c c:/progra~1/gcc-ar~1/bin/../lib/gcc/arm-none-eabi/9.2.1/../../../../arm-none-eabi/lib/thumb/v7e-m/nofp\libg.a(lib_a-init.o)
 .debug_frame   0x000017a0       0x38 c:/progra~1/gcc-ar~1/bin/../lib/gcc/arm-none-eabi/9.2.1/../../../../arm-none-eabi/lib/thumb/v7e-m/nofp\libg.a(lib_a-memset.o)
 .debug_frame   0x000017d8       0x4c c:/progra~1/gcc-ar~1/bin/../lib/gcc/arm-none-eabi/9.2.1/../../../../arm-none-eabi/lib/thumb/v7e-m/nofp\libg.a(lib_a-vsprintf.o)
 .debug_frame   0x00001824       0x5c c:/progra~1/gcc-ar~1/bin/../lib/gcc/arm-none-eabi/9.2.1/../../../../arm-none-eabi/lib/thumb/v7e-m/nofp\libg.a(lib_a-__call_atexit.o)
 .debug_frame   0x00001880       0x20 c:/progra~1/gcc-ar~1/bin/../lib/gcc/arm-none-eabi/9.2.1/../../../../arm-none-eabi/lib/thumb/v7e-m/nofp\libg.a(lib_a-atexit.o)
 .debug_frame   0x000018a0       0x34 c:/progra~1/gcc-ar~1/bin/../lib/gcc/arm-none-eabi/9.2.1/../../../../arm-none-eabi/lib/thumb/v7e-m/nofp\libg.a(lib_a-fini.o)
 .debug_frame   0x000018d4       0xb0 c:/progra~1/gcc-ar~1/bin/../lib/gcc/arm-none-eabi/9.2.1/../../../../arm-none-eabi/lib/thumb/v7e-m/nofp\libg.a(lib_a-lock.o)
 .debug_frame   0x00001984       0x44 c:/progra~1/gcc-ar~1/bin/../lib/gcc/arm-none-eabi/9.2.1/../../../../arm-none-eabi/lib/thumb/v7e-m/nofp\libg.a(lib_a-svfprintf.o)
 .debug_frame   0x000019c8       0x34 c:/progra~1/gcc-ar~1/bin/../lib/gcc/arm-none-eabi/9.2.1/../../../../arm-none-eabi/lib/thumb/v7e-m/nofp\libg.a(lib_a-__atexit.o)
 .debug_frame   0x000019fc       0x8c c:/progra~1/gcc-ar~1/bin/../lib/gcc/arm-none-eabi/9.2.1/../../../../arm-none-eabi/lib/thumb/v7e-m/nofp\libg.a(lib_a-dtoa.o)
 .debug_frame   0x00001a88       0x8c c:/progra~1/gcc-ar~1/bin/../lib/gcc/arm-none-eabi/9.2.1/../../../../arm-none-eabi/lib/thumb/v7e-m/nofp\libg.a(lib_a-freer.o)
 .debug_frame   0x00001b14       0x40 c:/progra~1/gcc-ar~1/bin/../lib/gcc/arm-none-eabi/9.2.1/../../../../arm-none-eabi/lib/thumb/v7e-m/nofp\libg.a(lib_a-localeconv.o)
 .debug_frame   0x00001b54       0x4c c:/progra~1/gcc-ar~1/bin/../lib/gcc/arm-none-eabi/9.2.1/../../../../arm-none-eabi/lib/thumb/v7e-m/nofp\libg.a(lib_a-mallocr.o)
 .debug_frame   0x00001ba0       0x30 c:/progra~1/gcc-ar~1/bin/../lib/gcc/arm-none-eabi/9.2.1/../../../../arm-none-eabi/lib/thumb/v7e-m/nofp\libg.a(lib_a-mlock.o)
 .debug_frame   0x00001bd0      0x25c c:/progra~1/gcc-ar~1/bin/../lib/gcc/arm-none-eabi/9.2.1/../../../../arm-none-eabi/lib/thumb/v7e-m/nofp\libg.a(lib_a-mprec.o)
 .debug_frame   0x00001e2c       0x30 c:/progra~1/gcc-ar~1/bin/../lib/gcc/arm-none-eabi/9.2.1/../../../../arm-none-eabi/lib/thumb/v7e-m/nofp\libg.a(lib_a-s_frexp.o)
 .debug_frame   0x00001e5c       0x2c c:/progra~1/gcc-ar~1/bin/../lib/gcc/arm-none-eabi/9.2.1/../../../../arm-none-eabi/lib/thumb/v7e-m/nofp\libg.a(lib_a-sbrkr.o)
 .debug_frame   0x00001e88       0x38 c:/progra~1/gcc-ar~1/bin/../lib/gcc/arm-none-eabi/9.2.1/../../../../arm-none-eabi/lib/thumb/v7e-m/nofp\libg.a(lib_a-strncpy.o)
 .debug_frame   0x00001ec0       0x78 c:/progra~1/gcc-ar~1/bin/../lib/gcc/arm-none-eabi/9.2.1/../../../../arm-none-eabi/lib/thumb/v7e-m/nofp\libg.a(lib_a-svfiprintf.o)
 .debug_frame   0x00001f38       0x28 c:/progra~1/gcc-ar~1/bin/../lib/gcc/arm-none-eabi/9.2.1/../../../../arm-none-eabi/lib/thumb/v7e-m/nofp\libg.a(lib_a-callocr.o)
 .debug_frame   0x00001f60       0x54 c:/progra~1/gcc-ar~1/bin/../lib/gcc/arm-none-eabi/9.2.1/../../../../arm-none-eabi/lib/thumb/v7e-m/nofp\libg.a(lib_a-locale.o)
 .debug_frame   0x00001fb4       0x4c c:/progra~1/gcc-ar~1/bin/../lib/gcc/arm-none-eabi/9.2.1/../../../../arm-none-eabi/lib/thumb/v7e-m/nofp\libg.a(lib_a-mbtowc_r.o)
 .debug_frame   0x00002000       0x40 c:/progra~1/gcc-ar~1/bin/../lib/gcc/arm-none-eabi/9.2.1/../../../../arm-none-eabi/lib/thumb/v7e-m/nofp\libg.a(lib_a-memmove.o)
 .debug_frame   0x00002040       0x48 c:/progra~1/gcc-ar~1/bin/../lib/gcc/arm-none-eabi/9.2.1/../../../../arm-none-eabi/lib/thumb/v7e-m/nofp\libg.a(lib_a-reallocr.o)
 .debug_frame   0x00002088       0x60 c:/progra~1/gcc-ar~1/bin/../lib/gcc/arm-none-eabi/9.2.1/../../../../arm-none-eabi/lib/thumb/v7e-m/nofp\libg.a(lib_a-reent.o)
 .debug_frame   0x000020e8       0x3c c:/progra~1/gcc-ar~1/bin/../lib/gcc/arm-none-eabi/9.2.1/../../../../arm-none-eabi/lib/thumb/v7e-m/nofp\libg.a(lib_a-wctomb_r.o)
 .debug_frame   0x00002124       0x50 c:/progra~1/gcc-ar~1/bin/../lib/gcc/arm-none-eabi/9.2.1/thumb/v7e-m/nofp\libgcc.a(_arm_muldivdf3.o)
 .debug_frame   0x00002174       0xc4 c:/progra~1/gcc-ar~1/bin/../lib/gcc/arm-none-eabi/9.2.1/thumb/v7e-m/nofp\libgcc.a(_arm_cmpdf2.o)
 .debug_frame   0x00002238       0x20 c:/progra~1/gcc-ar~1/bin/../lib/gcc/arm-none-eabi/9.2.1/thumb/v7e-m/nofp\libgcc.a(_arm_unorddf2.o)