Archive member included to satisfy reference by file (symbol)

c:/progra~1/gcc-ar~1/bin/../lib/gcc/arm-none-eabi/9.2.1/thumb/v7e-m+fp/hard\libgcc.a(_aeabi_uldivmod.o)
                              CMakeFiles/M3508_PID.elf.dir/Drivers/STM32F4xx_HAL_Driver/Src/stm32f4xx_hal_rcc.c.obj (__aeabi_uldivmod)
c:/progra~1/gcc-ar~1/bin/../lib/gcc/arm-none-eabi/9.2.1/thumb/v7e-m+fp/hard\libgcc.a(_udivmoddi4.o)
                              c:/progra~1/gcc-ar~1/bin/../lib/gcc/arm-none-eabi/9.2.1/thumb/v7e-m+fp/hard\libgcc.a(_aeabi_uldivmod.o) (__udivmoddi4)
c:/progra~1/gcc-ar~1/bin/../lib/gcc/arm-none-eabi/9.2.1/thumb/v7e-m+fp/hard\libgcc.a(_dvmd_tls.o)
                              c:/progra~1/gcc-ar~1/bin/../lib/gcc/arm-none-eabi/9.2.1/thumb/v7e-m+fp/hard\libgcc.a(_aeabi_uldivmod.o) (__aeabi_ldiv0)
c:/progra~1/gcc-ar~1/bin/../lib/gcc/arm-none-eabi/9.2.1/../../../../arm-none-eabi/lib/thumb/v7e-m+fp/hard\libg.a(lib_a-errno.o)
                              CMakeFiles/M3508_PID.elf.dir/Core/Src/syscalls.c.obj (__errno)
c:/progra~1/gcc-ar~1/bin/../lib/gcc/arm-none-eabi/9.2.1/../../../../arm-none-eabi/lib/thumb/v7e-m+fp/hard\libg.a(lib_a-exit.o)
                              c:/progra~1/gcc-ar~1/bin/../lib/gcc/arm-none-eabi/9.2.1/../../../../arm-none-eabi/lib/thumb/v7e-m+fp/hard/crt0.o (exit)
c:/progra~1/gcc-ar~1/bin/../lib/gcc/arm-none-eabi/9.2.1/../../../../arm-none-eabi/lib/thumb/v7e-m+fp/hard\libg.a(lib_a-impure.o)
                              c:/progra~1/gcc-ar~1/bin/../lib/gcc/arm-none-eabi/9.2.1/../../../../arm-none-eabi/lib/thumb/v7e-m+fp/hard\libg.a(lib_a-exit.o) (_global_impure_ptr)
c:/progra~1/gcc-ar~1/bin/../lib/gcc/arm-none-eabi/9.2.1/../../../../arm-none-eabi/lib/thumb/v7e-m+fp/hard\libg.a(lib_a-init.o)
                              c:/progra~1/gcc-ar~1/bin/../lib/gcc/arm-none-eabi/9.2.1/../../../../arm-none-eabi/lib/thumb/v7e-m+fp/hard/crt0.o (__libc_init_array)
c:/progra~1/gcc-ar~1/bin/../lib/gcc/arm-none-eabi/9.2.1/../../../../arm-none-eabi/lib/thumb/v7e-m+fp/hard\libg.a(lib_a-memset.o)
                              c:/progra~1/gcc-ar~1/bin/../lib/gcc/arm-none-eabi/9.2.1/../../../../arm-none-eabi/lib/thumb/v7e-m+fp/hard/crt0.o (memset)
c:/progra~1/gcc-ar~1/bin/../lib/gcc/arm-none-eabi/9.2.1/../../../../arm-none-eabi/lib/thumb/v7e-m+fp/hard\libg.a(lib_a-__call_atexit.o)
                              c:/progra~1/gcc-ar~1/bin/../lib/gcc/arm-none-eabi/9.2.1/../../../../arm-none-eabi/lib/thumb/v7e-m+fp/hard\libg.a(lib_a-exit.o) (__call_exitprocs)
c:/progra~1/gcc-ar~1/bin/../lib/gcc/arm-none-eabi/9.2.1/../../../../arm-none-eabi/lib/thumb/v7e-m+fp/hard\libg.a(lib_a-atexit.o)
                              c:/progra~1/gcc-ar~1/bin/../lib/gcc/arm-none-eabi/9.2.1/../../../../arm-none-eabi/lib/thumb/v7e-m+fp/hard\libg.a(lib_a-__call_atexit.o) (atexit)
c:/progra~1/gcc-ar~1/bin/../lib/gcc/arm-none-eabi/9.2.1/../../../../arm-none-eabi/lib/thumb/v7e-m+fp/hard\libg.a(lib_a-fini.o)
                              c:/progra~1/gcc-ar~1/bin/../lib/gcc/arm-none-eabi/9.2.1/../../../../arm-none-eabi/lib/thumb/v7e-m+fp/hard\libg.a(lib_a-__call_atexit.o) (__libc_fini_array)
c:/progra~1/gcc-ar~1/bin/../lib/gcc/arm-none-eabi/9.2.1/../../../../arm-none-eabi/lib/thumb/v7e-m+fp/hard\libg.a(lib_a-lock.o)
                              c:/progra~1/gcc-ar~1/bin/../lib/gcc/arm-none-eabi/9.2.1/../../../../arm-none-eabi/lib/thumb/v7e-m+fp/hard\libg.a(lib_a-__call_atexit.o) (__retarget_lock_acquire_recursive)
c:/progra~1/gcc-ar~1/bin/../lib/gcc/arm-none-eabi/9.2.1/../../../../arm-none-eabi/lib/thumb/v7e-m+fp/hard\libg.a(lib_a-__atexit.o)
                              c:/progra~1/gcc-ar~1/bin/../lib/gcc/arm-none-eabi/9.2.1/../../../../arm-none-eabi/lib/thumb/v7e-m+fp/hard\libg.a(lib_a-atexit.o) (__register_exitproc)

Allocating common symbols
Common symbol       size              file

__lock___atexit_recursive_mutex
                    0x1               c:/progra~1/gcc-ar~1/bin/../lib/gcc/arm-none-eabi/9.2.1/../../../../arm-none-eabi/lib/thumb/v7e-m+fp/hard\libg.a(lib_a-lock.o)
__lock___arc4random_mutex
                    0x1               c:/progra~1/gcc-ar~1/bin/../lib/gcc/arm-none-eabi/9.2.1/../../../../arm-none-eabi/lib/thumb/v7e-m+fp/hard\libg.a(lib_a-lock.o)
__lock___env_recursive_mutex
                    0x1               c:/progra~1/gcc-ar~1/bin/../lib/gcc/arm-none-eabi/9.2.1/../../../../arm-none-eabi/lib/thumb/v7e-m+fp/hard\libg.a(lib_a-lock.o)
__lock___sinit_recursive_mutex
                    0x1               c:/progra~1/gcc-ar~1/bin/../lib/gcc/arm-none-eabi/9.2.1/../../../../arm-none-eabi/lib/thumb/v7e-m+fp/hard\libg.a(lib_a-lock.o)
__lock___malloc_recursive_mutex
                    0x1               c:/progra~1/gcc-ar~1/bin/../lib/gcc/arm-none-eabi/9.2.1/../../../../arm-none-eabi/lib/thumb/v7e-m+fp/hard\libg.a(lib_a-lock.o)
__lock___at_quick_exit_mutex
                    0x1               c:/progra~1/gcc-ar~1/bin/../lib/gcc/arm-none-eabi/9.2.1/../../../../arm-none-eabi/lib/thumb/v7e-m+fp/hard\libg.a(lib_a-lock.o)
[...]
Memory Configuration

Name             Origin             Length             Attributes
CCMRAM           0x10000000         0x00010000         xrw
RAM              0x20000000         0x00020000         xrw
FLASH            0x08000000         0x00100000         xr
*default*        0x00000000         0xffffffff

Linker script and memory map

LOAD c:/progra~1/gcc-ar~1/bin/../lib/gcc/arm-none-eabi/9.2.1/thumb/v7e-m+fp/hard/crti.o
LOAD c:/progra~1/gcc-ar~1/bin/../lib/gcc/arm-none-eabi/9.2.1/thumb/v7e-m+fp/hard/crtbegin.o
LOAD c:/progra~1/gcc-ar~1/bin/../lib/gcc/arm-none-eabi/9.2.1/../../../../arm-none-eabi/lib/thumb/v7e-m+fp/hard/crt0.o
LOAD CMakeFiles/M3508_PID.elf.dir/Core/Src/can.c.obj
LOAD CMakeFiles/M3508_PID.elf.dir/Core/Src/gpio.c.obj
LOAD CMakeFiles/M3508_PID.elf.dir/Core/Src/main.c.obj
LOAD CMakeFiles/M3508_PID.elf.dir/Core/Src/stm32f4xx_hal_msp.c.obj
LOAD CMakeFiles/M3508_PID.elf.dir/Core/Src/stm32f4xx_it.c.obj
LOAD CMakeFiles/M3508_PID.elf.dir/Core/Src/syscalls.c.obj
LOAD CMakeFiles/M3508_PID.elf.dir/Core/Src/sysmem.c.obj
LOAD CMakeFiles/M3508_PID.elf.dir/Core/Src/system_stm32f4xx.c.obj
LOAD CMakeFiles/M3508_PID.elf.dir/Core/Src/usart.c.obj
LOAD CMakeFiles/M3508_PID.elf.dir/Core/Startup/startup_stm32f407ighx.s.obj
LOAD CMakeFiles/M3508_PID.elf.dir/Drivers/STM32F4xx_HAL_Driver/Src/stm32f4xx_hal.c.obj
LOAD CMakeFiles/M3508_PID.elf.dir/Drivers/STM32F4xx_HAL_Driver/Src/stm32f4xx_hal_can.c.obj
LOAD CMakeFiles/M3508_PID.elf.dir/Drivers/STM32F4xx_HAL_Driver/Src/stm32f4xx_hal_cortex.c.obj
LOAD CMakeFiles/M3508_PID.elf.dir/Drivers/STM32F4xx_HAL_Driver/Src/stm32f4xx_hal_dma.c.obj
LOAD CMakeFiles/M3508_PID.elf.dir/Drivers/STM32F4xx_HAL_Driver/Src/stm32f4xx_hal_dma_ex.c.obj
LOAD CMakeFiles/M3508_PID.elf.dir/Drivers/STM32F4xx_HAL_Driver/Src/stm32f4xx_hal_exti.c.obj
LOAD CMakeFiles/M3508_PID.elf.dir/Drivers/STM32F4xx_HAL_Driver/Src/stm32f4xx_hal_flash.c.obj
LOAD CMakeFiles/M3508_PID.elf.dir/Drivers/STM32F4xx_HAL_Driver/Src/stm32f4xx_hal_flash_ex.c.obj
LOAD CMakeFiles/M3508_PID.elf.dir/Drivers/STM32F4xx_HAL_Driver/Src/stm32f4xx_hal_flash_ramfunc.c.obj
LOAD CMakeFiles/M3508_PID.elf.dir/Drivers/STM32F4xx_HAL_Driver/Src/stm32f4xx_hal_gpio.c.obj
LOAD CMakeFiles/M3508_PID.elf.dir/Drivers/STM32F4xx_HAL_Driver/Src/stm32f4xx_hal_pwr.c.obj
LOAD CMakeFiles/M3508_PID.elf.dir/Drivers/STM32F4xx_HAL_Driver/Src/stm32f4xx_hal_pwr_ex.c.obj
LOAD CMakeFiles/M3508_PID.elf.dir/Drivers/STM32F4xx_HAL_Driver/Src/stm32f4xx_hal_rcc.c.obj
LOAD CMakeFiles/M3508_PID.elf.dir/Drivers/STM32F4xx_HAL_Driver/Src/stm32f4xx_hal_rcc_ex.c.obj
LOAD CMakeFiles/M3508_PID.elf.dir/Drivers/STM32F4xx_HAL_Driver/Src/stm32f4xx_hal_tim.c.obj
LOAD CMakeFiles/M3508_PID.elf.dir/Drivers/STM32F4xx_HAL_Driver/Src/stm32f4xx_hal_tim_ex.c.obj
LOAD CMakeFiles/M3508_PID.elf.dir/Drivers/STM32F4xx_HAL_Driver/Src/stm32f4xx_hal_uart.c.obj
START GROUP
LOAD c:/progra~1/gcc-ar~1/bin/../lib/gcc/arm-none-eabi/9.2.1/thumb/v7e-m+fp/hard\libgcc.a
LOAD c:/progra~1/gcc-ar~1/bin/../lib/gcc/arm-none-eabi/9.2.1/../../../../arm-none-eabi/lib/thumb/v7e-m+fp/hard\libg.a
LOAD c:/progra~1/gcc-ar~1/bin/../lib/gcc/arm-none-eabi/9.2.1/../../../../arm-none-eabi/lib/thumb/v7e-m+fp/hard\libc.a
END GROUP
LOAD c:/progra~1/gcc-ar~1/bin/../lib/gcc/arm-none-eabi/9.2.1/thumb/v7e-m+fp/hard/crtend.o
LOAD c:/progra~1/gcc-ar~1/bin/../lib/gcc/arm-none-eabi/9.2.1/thumb/v7e-m+fp/hard/crtn.o
                0x20020000                _estack = (ORIGIN (RAM) + LENGTH (RAM))
                0x00000200                _Min_Heap_Size = 0x200
                0x00000400                _Min_Stack_Size = 0x400

.isr_vector     0x08000000      0x188
                0x08000000                . = ALIGN (0x4)
 *(.isr_vector)
 .isr_vector    0x08000000      0x188 CMakeFiles/M3508_PID.elf.dir/Core/Startup/startup_stm32f407ighx.s.obj
                0x08000000                g_pfnVectors
                0x08000188                . = ALIGN (0x4)

.text           0x08000188     0x1d64
                0x08000188                . = ALIGN (0x4)
 *(.text)
 .text          0x08000188       0x40 c:/progra~1/gcc-ar~1/bin/../lib/gcc/arm-none-eabi/9.2.1/thumb/v7e-m+fp/hard/crtbegin.o
 .text          0x080001c8       0x30 c:/progra~1/gcc-ar~1/bin/../lib/gcc/arm-none-eabi/9.2.1/thumb/v7e-m+fp/hard\libgcc.a(_aeabi_uldivmod.o)
                0x080001c8                __aeabi_uldivmod
 .text          0x080001f8      0x2c4 c:/progra~1/gcc-ar~1/bin/../lib/gcc/arm-none-eabi/9.2.1/thumb/v7e-m+fp/hard\libgcc.a(_udivmoddi4.o)
                0x080001f8                __udivmoddi4
 .text          0x080004bc        0x4 c:/progra~1/gcc-ar~1/bin/../lib/gcc/arm-none-eabi/9.2.1/thumb/v7e-m+fp/hard\libgcc.a(_dvmd_tls.o)
                0x080004bc                __aeabi_idiv0
                0x080004bc                __aeabi_ldiv0
 *(.text*)
 .text.MX_CAN1_Init
                0x080004c0       0x40 CMakeFiles/M3508_PID.elf.dir/Core/Src/can.c.obj
                0x080004c0                MX_CAN1_Init
 .text.MX_CAN2_Init
                0x08000500       0x40 CMakeFiles/M3508_PID.elf.dir/Core/Src/can.c.obj
                0x08000500                MX_CAN2_Init
 .text.HAL_CAN_MspInit
                0x08000540      0x124 CMakeFiles/M3508_PID.elf.dir/Core/Src/can.c.obj
                0x08000540                HAL_CAN_MspInit
 .text.MX_GPIO_Init
                0x08000664       0x4c CMakeFiles/M3508_PID.elf.dir/Core/Src/gpio.c.obj
                0x08000664                MX_GPIO_Init
 .text.Error_Handler
                0x080006b0        0x4 CMakeFiles/M3508_PID.elf.dir/Core/Src/main.c.obj
                0x080006b0                Error_Handler
 .text.SystemClock_Config
                0x080006b4       0xa8 CMakeFiles/M3508_PID.elf.dir/Core/Src/main.c.obj
                0x080006b4                SystemClock_Config
 .text.main     0x0800075c       0x1c CMakeFiles/M3508_PID.elf.dir/Core/Src/main.c.obj
                0x0800075c                main
 .text.HAL_MspInit
                0x08000778       0x38 CMakeFiles/M3508_PID.elf.dir/Core/Src/stm32f4xx_hal_msp.c.obj
                0x08000778                HAL_MspInit
 .text.NMI_Handler
                0x080007b0        0x2 CMakeFiles/M3508_PID.elf.dir/Core/Src/stm32f4xx_it.c.obj
                0x080007b0                NMI_Handler
 .text.HardFault_Handler
                0x080007b2        0x2 CMakeFiles/M3508_PID.elf.dir/Core/Src/stm32f4xx_it.c.obj
                0x080007b2                HardFault_Handler
 .text.MemManage_Handler
                0x080007b4        0x2 CMakeFiles/M3508_PID.elf.dir/Core/Src/stm32f4xx_it.c.obj
                0x080007b4                MemManage_Handler
 .text.BusFault_Handler
                0x080007b6        0x2 CMakeFiles/M3508_PID.elf.dir/Core/Src/stm32f4xx_it.c.obj
                0x080007b6                BusFault_Handler
 .text.UsageFault_Handler
                0x080007b8        0x2 CMakeFiles/M3508_PID.elf.dir/Core/Src/stm32f4xx_it.c.obj
                0x080007b8                UsageFault_Handler
 .text.SVC_Handler
                0x080007ba        0x2 CMakeFiles/M3508_PID.elf.dir/Core/Src/stm32f4xx_it.c.obj
                0x080007ba                SVC_Handler
 .text.DebugMon_Handler
                0x080007bc        0x2 CMakeFiles/M3508_PID.elf.dir/Core/Src/stm32f4xx_it.c.obj
                0x080007bc                DebugMon_Handler
 .text.PendSV_Handler
                0x080007be        0x2 CMakeFiles/M3508_PID.elf.dir/Core/Src/stm32f4xx_it.c.obj
                0x080007be                PendSV_Handler
 .text.SysTick_Handler
                0x080007c0        0x8 CMakeFiles/M3508_PID.elf.dir/Core/Src/stm32f4xx_it.c.obj
                0x080007c0                SysTick_Handler
 .text.CAN1_RX0_IRQHandler
                0x080007c8       0x10 CMakeFiles/M3508_PID.elf.dir/Core/Src/stm32f4xx_it.c.obj
                0x080007c8                CAN1_RX0_IRQHandler
 .text.USART1_IRQHandler
                0x080007d8       0x10 CMakeFiles/M3508_PID.elf.dir/Core/Src/stm32f4xx_it.c.obj
                0x080007d8                USART1_IRQHandler
 .text.CAN2_RX0_IRQHandler
                0x080007e8       0x10 CMakeFiles/M3508_PID.elf.dir/Core/Src/stm32f4xx_it.c.obj
                0x080007e8                CAN2_RX0_IRQHandler
 .text.SystemInit
                0x080007f8       0x14 CMakeFiles/M3508_PID.elf.dir/Core/Src/system_stm32f4xx.c.obj
                0x080007f8                SystemInit
 .text.MX_USART1_UART_Init
                0x0800080c       0x34 CMakeFiles/M3508_PID.elf.dir/Core/Src/usart.c.obj
                0x0800080c                MX_USART1_UART_Init
 .text.HAL_UART_MspInit
                0x08000840       0xb0 CMakeFiles/M3508_PID.elf.dir/Core/Src/usart.c.obj
                0x08000840                HAL_UART_MspInit
 .text.Reset_Handler
                0x080008f0       0x50 CMakeFiles/M3508_PID.elf.dir/Core/Startup/startup_stm32f407ighx.s.obj
                0x080008f0                Reset_Handler
 .text.Default_Handler
                0x08000940        0x2 CMakeFiles/M3508_PID.elf.dir/Core/Startup/startup_stm32f407ighx.s.obj
                0x08000940                RTC_Alarm_IRQHandler
                0x08000940                HASH_RNG_IRQHandler
                0x08000940                EXTI2_IRQHandler
                0x08000940                TIM8_CC_IRQHandler
                0x08000940                TIM1_CC_IRQHandler
                0x08000940                DMA2_Stream5_IRQHandler
                0x08000940                DMA1_Stream5_IRQHandler
                0x08000940                PVD_IRQHandler
                0x08000940                SDIO_IRQHandler
                0x08000940                TAMP_STAMP_IRQHandler
                0x08000940                CAN2_RX1_IRQHandler
                0x08000940                EXTI3_IRQHandler
                0x08000940                TIM8_TRG_COM_TIM14_IRQHandler
                0x08000940                TIM1_UP_TIM10_IRQHandler
                0x08000940                TIM8_UP_TIM13_IRQHandler
                0x08000940                I2C3_ER_IRQHandler
                0x08000940                EXTI0_IRQHandler
                0x08000940                I2C2_EV_IRQHandler
                0x08000940                DMA1_Stream2_IRQHandler
                0x08000940                FPU_IRQHandler
                0x08000940                OTG_HS_WKUP_IRQHandler
                0x08000940                CAN2_SCE_IRQHandler
                0x08000940                DMA2_Stream2_IRQHandler
                0x08000940                SPI1_IRQHandler
                0x08000940                TIM6_DAC_IRQHandler
                0x08000940                TIM1_BRK_TIM9_IRQHandler
                0x08000940                DCMI_IRQHandler
                0x08000940                DMA2_Stream3_IRQHandler
                0x08000940                USART6_IRQHandler
                0x08000940                USART3_IRQHandler
                0x08000940                CAN1_RX1_IRQHandler
                0x08000940                UART5_IRQHandler
                0x08000940                DMA2_Stream0_IRQHandler
                0x08000940                TIM4_IRQHandler
                0x08000940                I2C1_EV_IRQHandler
                0x08000940                DMA1_Stream6_IRQHandler
                0x08000940                DMA1_Stream1_IRQHandler
                0x08000940                UART4_IRQHandler
                0x08000940                TIM3_IRQHandler
                0x08000940                RCC_IRQHandler
                0x08000940                TIM8_BRK_TIM12_IRQHandler
                0x08000940                Default_Handler
                0x08000940                EXTI15_10_IRQHandler
                0x08000940                ADC_IRQHandler
                0x08000940                DMA1_Stream7_IRQHandler
                0x08000940                TIM7_IRQHandler
                0x08000940                CAN2_TX_IRQHandler
                0x08000940                TIM5_IRQHandler
                0x08000940                DMA2_Stream7_IRQHandler
                0x08000940                I2C3_EV_IRQHandler
                0x08000940                EXTI9_5_IRQHandler
                0x08000940                RTC_WKUP_IRQHandler
                0x08000940                ETH_WKUP_IRQHandler
                0x08000940                SPI2_IRQHandler
                0x08000940                OTG_HS_EP1_IN_IRQHandler
                0x08000940                DMA1_Stream0_IRQHandler
                0x08000940                CAN1_TX_IRQHandler
                0x08000940                EXTI4_IRQHandler
                0x08000940                FSMC_IRQHandler
                0x08000940                ETH_IRQHandler
                0x08000940                OTG_HS_EP1_OUT_IRQHandler
                0x08000940                WWDG_IRQHandler
                0x08000940                TIM2_IRQHandler
                0x08000940                OTG_FS_WKUP_IRQHandler
                0x08000940                TIM1_TRG_COM_TIM11_IRQHandler
                0x08000940                OTG_HS_IRQHandler
                0x08000940                EXTI1_IRQHandler
                0x08000940                USART2_IRQHandler
                0x08000940                I2C2_ER_IRQHandler
                0x08000940                DMA2_Stream1_IRQHandler
                0x08000940                CAN1_SCE_IRQHandler
                0x08000940                FLASH_IRQHandler
                0x08000940                DMA2_Stream4_IRQHandler
                0x08000940                OTG_FS_IRQHandler
                0x08000940                SPI3_IRQHandler
                0x08000940                DMA1_Stream4_IRQHandler
                0x08000940                I2C1_ER_IRQHandler
                0x08000940                DMA2_Stream6_IRQHandler
                0x08000940                DMA1_Stream3_IRQHandler
 *fill*         0x08000942        0x2 
 .text.HAL_InitTick
                0x08000944       0x4c CMakeFiles/M3508_PID.elf.dir/Drivers/STM32F4xx_HAL_Driver/Src/stm32f4xx_hal.c.obj
                0x08000944                HAL_InitTick
 .text.HAL_Init
                0x08000990       0x34 CMakeFiles/M3508_PID.elf.dir/Drivers/STM32F4xx_HAL_Driver/Src/stm32f4xx_hal.c.obj
                0x08000990                HAL_Init
 .text.HAL_IncTick
                0x080009c4       0x18 CMakeFiles/M3508_PID.elf.dir/Drivers/STM32F4xx_HAL_Driver/Src/stm32f4xx_hal.c.obj
                0x080009c4                HAL_IncTick
 .text.HAL_GetTick
                0x080009dc        0xc CMakeFiles/M3508_PID.elf.dir/Drivers/STM32F4xx_HAL_Driver/Src/stm32f4xx_hal.c.obj
                0x080009dc                HAL_GetTick
 .text.HAL_CAN_Init
                0x080009e8      0x14c CMakeFiles/M3508_PID.elf.dir/Drivers/STM32F4xx_HAL_Driver/Src/stm32f4xx_hal_can.c.obj
                0x080009e8                HAL_CAN_Init
 .text.HAL_CAN_TxMailbox0CompleteCallback
                0x08000b34        0x2 CMakeFiles/M3508_PID.elf.dir/Drivers/STM32F4xx_HAL_Driver/Src/stm32f4xx_hal_can.c.obj
                0x08000b34                HAL_CAN_TxMailbox0CompleteCallback
 .text.HAL_CAN_TxMailbox1CompleteCallback
                0x08000b36        0x2 CMakeFiles/M3508_PID.elf.dir/Drivers/STM32F4xx_HAL_Driver/Src/stm32f4xx_hal_can.c.obj
                0x08000b36                HAL_CAN_TxMailbox1CompleteCallback
 .text.HAL_CAN_TxMailbox2CompleteCallback
                0x08000b38        0x2 CMakeFiles/M3508_PID.elf.dir/Drivers/STM32F4xx_HAL_Driver/Src/stm32f4xx_hal_can.c.obj
                0x08000b38                HAL_CAN_TxMailbox2CompleteCallback
 .text.HAL_CAN_TxMailbox0AbortCallback
                0x08000b3a        0x2 CMakeFiles/M3508_PID.elf.dir/Drivers/STM32F4xx_HAL_Driver/Src/stm32f4xx_hal_can.c.obj
                0x08000b3a                HAL_CAN_TxMailbox0AbortCallback
 .text.HAL_CAN_TxMailbox1AbortCallback
                0x08000b3c        0x2 CMakeFiles/M3508_PID.elf.dir/Drivers/STM32F4xx_HAL_Driver/Src/stm32f4xx_hal_can.c.obj
                0x08000b3c                HAL_CAN_TxMailbox1AbortCallback
 .text.HAL_CAN_TxMailbox2AbortCallback
                0x08000b3e        0x2 CMakeFiles/M3508_PID.elf.dir/Drivers/STM32F4xx_HAL_Driver/Src/stm32f4xx_hal_can.c.obj
                0x08000b3e                HAL_CAN_TxMailbox2AbortCallback
 .text.HAL_CAN_RxFifo0MsgPendingCallback
                0x08000b40        0x2 CMakeFiles/M3508_PID.elf.dir/Drivers/STM32F4xx_HAL_Driver/Src/stm32f4xx_hal_can.c.obj
                0x08000b40                HAL_CAN_RxFifo0MsgPendingCallback
 .text.HAL_CAN_RxFifo0FullCallback
                0x08000b42        0x2 CMakeFiles/M3508_PID.elf.dir/Drivers/STM32F4xx_HAL_Driver/Src/stm32f4xx_hal_can.c.obj
                0x08000b42                HAL_CAN_RxFifo0FullCallback
 .text.HAL_CAN_RxFifo1MsgPendingCallback
                0x08000b44        0x2 CMakeFiles/M3508_PID.elf.dir/Drivers/STM32F4xx_HAL_Driver/Src/stm32f4xx_hal_can.c.obj
                0x08000b44                HAL_CAN_RxFifo1MsgPendingCallback
 .text.HAL_CAN_RxFifo1FullCallback
                0x08000b46        0x2 CMakeFiles/M3508_PID.elf.dir/Drivers/STM32F4xx_HAL_Driver/Src/stm32f4xx_hal_can.c.obj
                0x08000b46                HAL_CAN_RxFifo1FullCallback
 .text.HAL_CAN_SleepCallback
                0x08000b48        0x2 CMakeFiles/M3508_PID.elf.dir/Drivers/STM32F4xx_HAL_Driver/Src/stm32f4xx_hal_can.c.obj
                0x08000b48                HAL_CAN_SleepCallback
 .text.HAL_CAN_WakeUpFromRxMsgCallback
                0x08000b4a        0x2 CMakeFiles/M3508_PID.elf.dir/Drivers/STM32F4xx_HAL_Driver/Src/stm32f4xx_hal_can.c.obj
                0x08000b4a                HAL_CAN_WakeUpFromRxMsgCallback
 .text.HAL_CAN_ErrorCallback
                0x08000b4c        0x2 CMakeFiles/M3508_PID.elf.dir/Drivers/STM32F4xx_HAL_Driver/Src/stm32f4xx_hal_can.c.obj
                0x08000b4c                HAL_CAN_ErrorCallback
 .text.HAL_CAN_IRQHandler
                0x08000b4e      0x24a CMakeFiles/M3508_PID.elf.dir/Drivers/STM32F4xx_HAL_Driver/Src/stm32f4xx_hal_can.c.obj
                0x08000b4e                HAL_CAN_IRQHandler
 .text.HAL_NVIC_SetPriorityGrouping
                0x08000d98       0x24 CMakeFiles/M3508_PID.elf.dir/Drivers/STM32F4xx_HAL_Driver/Src/stm32f4xx_hal_cortex.c.obj
                0x08000d98                HAL_NVIC_SetPriorityGrouping
 .text.HAL_NVIC_SetPriority
                0x08000dbc       0x68 CMakeFiles/M3508_PID.elf.dir/Drivers/STM32F4xx_HAL_Driver/Src/stm32f4xx_hal_cortex.c.obj
                0x08000dbc                HAL_NVIC_SetPriority
 .text.HAL_NVIC_EnableIRQ
                0x08000e24       0x1c CMakeFiles/M3508_PID.elf.dir/Drivers/STM32F4xx_HAL_Driver/Src/stm32f4xx_hal_cortex.c.obj
                0x08000e24                HAL_NVIC_EnableIRQ
 .text.HAL_SYSTICK_Config
                0x08000e40       0x2c CMakeFiles/M3508_PID.elf.dir/Drivers/STM32F4xx_HAL_Driver/Src/stm32f4xx_hal_cortex.c.obj
                0x08000e40                HAL_SYSTICK_Config
 .text.HAL_DMA_Abort
                0x08000e6c       0x94 CMakeFiles/M3508_PID.elf.dir/Drivers/STM32F4xx_HAL_Driver/Src/stm32f4xx_hal_dma.c.obj
                0x08000e6c                HAL_DMA_Abort
 .text.HAL_DMA_Abort_IT
                0x08000f00       0x26 CMakeFiles/M3508_PID.elf.dir/Drivers/STM32F4xx_HAL_Driver/Src/stm32f4xx_hal_dma.c.obj
                0x08000f00                HAL_DMA_Abort_IT
 *fill*         0x08000f26        0x2 
 .text.HAL_GPIO_Init
                0x08000f28      0x1d4 CMakeFiles/M3508_PID.elf.dir/Drivers/STM32F4xx_HAL_Driver/Src/stm32f4xx_hal_gpio.c.obj
                0x08000f28                HAL_GPIO_Init
 .text.HAL_RCC_OscConfig
                0x080010fc      0x3f8 CMakeFiles/M3508_PID.elf.dir/Drivers/STM32F4xx_HAL_Driver/Src/stm32f4xx_hal_rcc.c.obj
                0x080010fc                HAL_RCC_OscConfig
 .text.HAL_RCC_GetSysClockFreq
                0x080014f4       0xa0 CMakeFiles/M3508_PID.elf.dir/Drivers/STM32F4xx_HAL_Driver/Src/stm32f4xx_hal_rcc.c.obj
                0x080014f4                HAL_RCC_GetSysClockFreq
 .text.HAL_RCC_ClockConfig
                0x08001594      0x160 CMakeFiles/M3508_PID.elf.dir/Drivers/STM32F4xx_HAL_Driver/Src/stm32f4xx_hal_rcc.c.obj
                0x08001594                HAL_RCC_ClockConfig
 .text.HAL_RCC_GetHCLKFreq
                0x080016f4        0xc CMakeFiles/M3508_PID.elf.dir/Drivers/STM32F4xx_HAL_Driver/Src/stm32f4xx_hal_rcc.c.obj
                0x080016f4                HAL_RCC_GetHCLKFreq
 .text.HAL_RCC_GetPCLK1Freq
                0x08001700       0x20 CMakeFiles/M3508_PID.elf.dir/Drivers/STM32F4xx_HAL_Driver/Src/stm32f4xx_hal_rcc.c.obj
                0x08001700                HAL_RCC_GetPCLK1Freq
 .text.HAL_RCC_GetPCLK2Freq
                0x08001720       0x20 CMakeFiles/M3508_PID.elf.dir/Drivers/STM32F4xx_HAL_Driver/Src/stm32f4xx_hal_rcc.c.obj
                0x08001720                HAL_RCC_GetPCLK2Freq
 .text.UART_EndRxTransfer
                0x08001740       0x5c CMakeFiles/M3508_PID.elf.dir/Drivers/STM32F4xx_HAL_Driver/Src/stm32f4xx_hal_uart.c.obj
 .text.UART_Transmit_IT
                0x0800179c       0x60 CMakeFiles/M3508_PID.elf.dir/Drivers/STM32F4xx_HAL_Driver/Src/stm32f4xx_hal_uart.c.obj
 .text.UART_SetConfig
                0x080017fc      0x11c CMakeFiles/M3508_PID.elf.dir/Drivers/STM32F4xx_HAL_Driver/Src/stm32f4xx_hal_uart.c.obj
 .text.HAL_UART_Init
                0x08001918       0x5e CMakeFiles/M3508_PID.elf.dir/Drivers/STM32F4xx_HAL_Driver/Src/stm32f4xx_hal_uart.c.obj
                0x08001918                HAL_UART_Init
 .text.HAL_UART_TxCpltCallback
                0x08001976        0x2 CMakeFiles/M3508_PID.elf.dir/Drivers/STM32F4xx_HAL_Driver/Src/stm32f4xx_hal_uart.c.obj
                0x08001976                HAL_UART_TxCpltCallback
 .text.UART_EndTransmit_IT
                0x08001978       0x1a CMakeFiles/M3508_PID.elf.dir/Drivers/STM32F4xx_HAL_Driver/Src/stm32f4xx_hal_uart.c.obj
 .text.HAL_UART_RxCpltCallback
                0x08001992        0x2 CMakeFiles/M3508_PID.elf.dir/Drivers/STM32F4xx_HAL_Driver/Src/stm32f4xx_hal_uart.c.obj
                0x08001992                HAL_UART_RxCpltCallback
 .text.HAL_UART_ErrorCallback
                0x08001994        0x2 CMakeFiles/M3508_PID.elf.dir/Drivers/STM32F4xx_HAL_Driver/Src/stm32f4xx_hal_uart.c.obj
                0x08001994                HAL_UART_ErrorCallback
 .text.UART_DMAAbortOnError
                0x08001996       0x10 CMakeFiles/M3508_PID.elf.dir/Drivers/STM32F4xx_HAL_Driver/Src/stm32f4xx_hal_uart.c.obj
 .text.HAL_UARTEx_RxEventCallback
                0x080019a6        0x2 CMakeFiles/M3508_PID.elf.dir/Drivers/STM32F4xx_HAL_Driver/Src/stm32f4xx_hal_uart.c.obj
                0x080019a6                HAL_UARTEx_RxEventCallback
 .text.UART_Receive_IT
                0x080019a8       0xe2 CMakeFiles/M3508_PID.elf.dir/Drivers/STM32F4xx_HAL_Driver/Src/stm32f4xx_hal_uart.c.obj
 *fill*         0x08001a8a        0x2 
 .text.HAL_UART_IRQHandler
                0x08001a8c      0x280 CMakeFiles/M3508_PID.elf.dir/Drivers/STM32F4xx_HAL_Driver/Src/stm32f4xx_hal_uart.c.obj
                0x08001a8c                HAL_UART_IRQHandler
 .text.__libc_init_array
                0x08001d0c       0x48 c:/progra~1/gcc-ar~1/bin/../lib/gcc/arm-none-eabi/9.2.1/../../../../arm-none-eabi/lib/thumb/v7e-m+fp/hard\libg.a(lib_a-init.o)
                0x08001d0c                __libc_init_array
 .text.memset   0x08001d54       0xa0 c:/progra~1/gcc-ar~1/bin/../lib/gcc/arm-none-eabi/9.2.1/../../../../arm-none-eabi/lib/thumb/v7e-m+fp/hard\libg.a(lib_a-memset.o)
                0x08001d54                memset
 .text.startup.register_fini
                0x08001df4       0x14 c:/progra~1/gcc-ar~1/bin/../lib/gcc/arm-none-eabi/9.2.1/../../../../arm-none-eabi/lib/thumb/v7e-m+fp/hard\libg.a(lib_a-__call_atexit.o)
 .text.atexit   0x08001e08        0xc c:/progra~1/gcc-ar~1/bin/../lib/gcc/arm-none-eabi/9.2.1/../../../../arm-none-eabi/lib/thumb/v7e-m+fp/hard\libg.a(lib_a-atexit.o)
                0x08001e08                atexit
 .text.__libc_fini_array
                0x08001e14       0x2c c:/progra~1/gcc-ar~1/bin/../lib/gcc/arm-none-eabi/9.2.1/../../../../arm-none-eabi/lib/thumb/v7e-m+fp/hard\libg.a(lib_a-fini.o)
                0x08001e14                __libc_fini_array
 .text.__retarget_lock_acquire_recursive
                0x08001e40        0x4 c:/progra~1/gcc-ar~1/bin/../lib/gcc/arm-none-eabi/9.2.1/../../../../arm-none-eabi/lib/thumb/v7e-m+fp/hard\libg.a(lib_a-lock.o)
                0x08001e40                __retarget_lock_acquire_recursive
 .text.__retarget_lock_release_recursive
                0x08001e44        0x4 c:/progra~1/gcc-ar~1/bin/../lib/gcc/arm-none-eabi/9.2.1/../../../../arm-none-eabi/lib/thumb/v7e-m+fp/hard\libg.a(lib_a-lock.o)
                0x08001e44                __retarget_lock_release_recursive
 .text.__register_exitproc
                0x08001e48       0x8c c:/progra~1/gcc-ar~1/bin/../lib/gcc/arm-none-eabi/9.2.1/../../../../arm-none-eabi/lib/thumb/v7e-m+fp/hard\libg.a(lib_a-__atexit.o)
                0x08001e48                __register_exitproc
 *(.glue_7)
 .glue_7        0x08001ed4        0x0 linker stubs
 *(.glue_7t)
 .glue_7t       0x08001ed4        0x0 linker stubs
 *(.eh_frame)
 .eh_frame      0x08001ed4        0x0 c:/progra~1/gcc-ar~1/bin/../lib/gcc/arm-none-eabi/9.2.1/thumb/v7e-m+fp/hard/crtbegin.o
 *(.init)
 .init          0x08001ed4        0x4 c:/progra~1/gcc-ar~1/bin/../lib/gcc/arm-none-eabi/9.2.1/thumb/v7e-m+fp/hard/crti.o
                0x08001ed4                _init
 .init          0x08001ed8        0x8 c:/progra~1/gcc-ar~1/bin/../lib/gcc/arm-none-eabi/9.2.1/thumb/v7e-m+fp/hard/crtn.o
 *(.fini)
 .fini          0x08001ee0        0x4 c:/progra~1/gcc-ar~1/bin/../lib/gcc/arm-none-eabi/9.2.1/thumb/v7e-m+fp/hard/crti.o
                0x08001ee0                _fini
 .fini          0x08001ee4        0x8 c:/progra~1/gcc-ar~1/bin/../lib/gcc/arm-none-eabi/9.2.1/thumb/v7e-m+fp/hard/crtn.o
                0x08001eec                . = ALIGN (0x4)
                0x08001eec                _etext = .

.vfp11_veneer   0x08001eec        0x0
 .vfp11_veneer  0x08001eec        0x0 linker stubs

.v4_bx          0x08001eec        0x0
 .v4_bx         0x08001eec        0x0 linker stubs

.iplt           0x08001eec        0x0
 .iplt          0x08001eec        0x0 c:/progra~1/gcc-ar~1/bin/../lib/gcc/arm-none-eabi/9.2.1/thumb/v7e-m+fp/hard/crtbegin.o

.rodata         0x08001eec       0x1c
                0x08001eec                . = ALIGN (0x4)
 *(.rodata)
 *(.rodata*)
 .rodata.AHBPrescTable
                0x08001eec       0x10 CMakeFiles/M3508_PID.elf.dir/Core/Src/system_stm32f4xx.c.obj
                0x08001eec                AHBPrescTable
 .rodata.APBPrescTable
                0x08001efc        0x8 CMakeFiles/M3508_PID.elf.dir/Core/Src/system_stm32f4xx.c.obj
                0x08001efc                APBPrescTable
 .rodata._global_impure_ptr
                0x08001f04        0x4 c:/progra~1/gcc-ar~1/bin/../lib/gcc/arm-none-eabi/9.2.1/../../../../arm-none-eabi/lib/thumb/v7e-m+fp/hard\libg.a(lib_a-impure.o)
                0x08001f04                _global_impure_ptr
                0x08001f08                . = ALIGN (0x4)

.ARM.extab      0x08001f08        0x0
                0x08001f08                . = ALIGN (0x4)
 *(.ARM.extab* .gnu.linkonce.armextab.*)
                0x08001f08                . = ALIGN (0x4)

.ARM            0x08001f08        0x8
                0x08001f08                . = ALIGN (0x4)
                0x08001f08                __exidx_start = .
 *(.ARM.exidx*)
 .ARM.exidx     0x08001f08        0x8 c:/progra~1/gcc-ar~1/bin/../lib/gcc/arm-none-eabi/9.2.1/thumb/v7e-m+fp/hard\libgcc.a(_udivmoddi4.o)
                0x08001f10                __exidx_end = .
                0x08001f10                . = ALIGN (0x4)

.rel.dyn        0x08001f10        0x0
 .rel.iplt      0x08001f10        0x0 c:/progra~1/gcc-ar~1/bin/../lib/gcc/arm-none-eabi/9.2.1/thumb/v7e-m+fp/hard/crtbegin.o

.preinit_array  0x08001f10        0x0
                0x08001f10                . = ALIGN (0x4)
                0x08001f10                PROVIDE (__preinit_array_start = .)
 *(.preinit_array*)
                0x08001f10                PROVIDE (__preinit_array_end = .)
                0x08001f10                . = ALIGN (0x4)

.init_array     0x08001f10        0x8
                0x08001f10                . = ALIGN (0x4)
                0x08001f10                PROVIDE (__init_array_start = .)
 *(SORT_BY_NAME(.init_array.*))
 .init_array.00000
                0x08001f10        0x4 c:/progra~1/gcc-ar~1/bin/../lib/gcc/arm-none-eabi/9.2.1/../../../../arm-none-eabi/lib/thumb/v7e-m+fp/hard\libg.a(lib_a-__call_atexit.o)
 *(.init_array*)
 .init_array    0x08001f14        0x4 c:/progra~1/gcc-ar~1/bin/../lib/gcc/arm-none-eabi/9.2.1/thumb/v7e-m+fp/hard/crtbegin.o
                0x08001f18                PROVIDE (__init_array_end = .)
                0x08001f18                . = ALIGN (0x4)

.fini_array     0x08001f18        0x4
                0x08001f18                . = ALIGN (0x4)
                0x08001f18                PROVIDE (__fini_array_start = .)
 *(SORT_BY_NAME(.fini_array.*))
 *(.fini_array*)
 .fini_array    0x08001f18        0x4 c:/progra~1/gcc-ar~1/bin/../lib/gcc/arm-none-eabi/9.2.1/thumb/v7e-m+fp/hard/crtbegin.o
                0x08001f1c                PROVIDE (__fini_array_end = .)
                0x08001f1c                . = ALIGN (0x4)
                0x08001f1c                _sidata = LOADADDR (.data)

.data           0x20000000      0x43c load address 0x08001f1c
                0x20000000                . = ALIGN (0x4)
                0x20000000                _sdata = .
 *(.data)
 *(.data*)
 .data.SystemCoreClock
                0x20000000        0x4 CMakeFiles/M3508_PID.elf.dir/Core/Src/system_stm32f4xx.c.obj
                0x20000000                SystemCoreClock
 .data.uwTickFreq
                0x20000004        0x1 CMakeFiles/M3508_PID.elf.dir/Drivers/STM32F4xx_HAL_Driver/Src/stm32f4xx_hal.c.obj
                0x20000004                uwTickFreq
 *fill*         0x20000005        0x3 
 .data.uwTickPrio
                0x20000008        0x4 CMakeFiles/M3508_PID.elf.dir/Drivers/STM32F4xx_HAL_Driver/Src/stm32f4xx_hal.c.obj
                0x20000008                uwTickPrio
 *fill*         0x2000000c        0x4 
 .data.impure_data
                0x20000010      0x428 c:/progra~1/gcc-ar~1/bin/../lib/gcc/arm-none-eabi/9.2.1/../../../../arm-none-eabi/lib/thumb/v7e-m+fp/hard\libg.a(lib_a-impure.o)
 .data.__atexit_recursive_mutex
                0x20000438        0x4 c:/progra~1/gcc-ar~1/bin/../lib/gcc/arm-none-eabi/9.2.1/../../../../arm-none-eabi/lib/thumb/v7e-m+fp/hard\libg.a(lib_a-__call_atexit.o)
                0x20000438                __atexit_recursive_mutex
 *(.RamFunc)
 *(.RamFunc*)
                0x2000043c                . = ALIGN (0x4)
                0x2000043c                _edata = .
                0x08002358                _siccmram = LOADADDR (.ccmram)

.igot.plt       0x2000043c        0x0 load address 0x08002358
 .igot.plt      0x2000043c        0x0 c:/progra~1/gcc-ar~1/bin/../lib/gcc/arm-none-eabi/9.2.1/thumb/v7e-m+fp/hard/crtbegin.o

.ccmram         0x10000000        0x0 load address 0x08002358
                0x10000000                . = ALIGN (0x4)
                0x10000000                _sccmram = .
 *(.ccmram)
 *(.ccmram*)
                0x10000000                . = ALIGN (0x4)
                0x10000000                _eccmram = .
                0x10000000                . = ALIGN (0x4)

.bss            0x2000043c       0xdc
                0x2000043c                _sbss = .
                0x2000043c                __bss_start__ = _sbss
 *(.bss)
 .bss           0x2000043c       0x1c c:/progra~1/gcc-ar~1/bin/../lib/gcc/arm-none-eabi/9.2.1/thumb/v7e-m+fp/hard/crtbegin.o
 *(.bss*)
 .bss.HAL_RCC_CAN1_CLK_ENABLED
                0x20000458        0x4 CMakeFiles/M3508_PID.elf.dir/Core/Src/can.c.obj
 .bss.hcan1     0x2000045c       0x28 CMakeFiles/M3508_PID.elf.dir/Core/Src/can.c.obj
                0x2000045c                hcan1
 .bss.hcan2     0x20000484       0x28 CMakeFiles/M3508_PID.elf.dir/Core/Src/can.c.obj
                0x20000484                hcan2
 .bss.huart1    0x200004ac       0x44 CMakeFiles/M3508_PID.elf.dir/Core/Src/usart.c.obj
                0x200004ac                huart1
 .bss.uwTick    0x200004f0        0x4 CMakeFiles/M3508_PID.elf.dir/Drivers/STM32F4xx_HAL_Driver/Src/stm32f4xx_hal.c.obj
                0x200004f0                uwTick
 *(COMMON)
 COMMON         0x200004f4       0x21 c:/progra~1/gcc-ar~1/bin/../lib/gcc/arm-none-eabi/9.2.1/../../../../arm-none-eabi/lib/thumb/v7e-m+fp/hard\libg.a(lib_a-lock.o)
                0x200004f4                __lock___atexit_recursive_mutex
                0x200004f8                __lock___arc4random_mutex
                0x200004fc                __lock___env_recursive_mutex
                0x20000500                __lock___sinit_recursive_mutex
                0x20000504                __lock___malloc_recursive_mutex
                0x20000508                __lock___at_quick_exit_mutex
                0x2000050c                __lock___dd_hash_mutex
                0x20000510                __lock___tz_mutex
                0x20000514                __lock___sfp_recursive_mutex
                0x20000518                . = ALIGN (0x4)
 *fill*         0x20000515        0x3 
                0x20000518                _ebss = .
                0x20000518                __bss_end__ = _ebss

._user_heap_stack
                0x20000518      0x600
                0x20000518                . = ALIGN (0x8)
                [!provide]                PROVIDE (end = .)
                0x20000518                PROVIDE (_end = .)
                0x20000718                . = (. + _Min_Heap_Size)
 *fill*         0x20000518      0x200 
                0x20000b18                . = (. + _Min_Stack_Size)
 *fill*         0x20000718      0x400 
                0x20000b18                . = ALIGN (0x8)

/DISCARD/
 libc.a(*)
 libm.a(*)
 libgcc.a(*)

.ARM.attributes
                0x00000000       0x30
 *(.ARM.attributes)
 .ARM.attributes
                0x00000000       0x1e c:/progra~1/gcc-ar~1/bin/../lib/gcc/arm-none-eabi/9.2.1/thumb/v7e-m+fp/hard/crti.o
 .ARM.attributes
                0x0000001e       0x34 c:/progra~1/gcc-ar~1/bin/../lib/gcc/arm-none-eabi/9.2.1/thumb/v7e-m+fp/hard/crtbegin.o
 .ARM.attributes
                0x00000052       0x34 CMakeFiles/M3508_PID.elf.dir/Core/Src/can.c.obj
 .ARM.attributes
                0x00000086       0x34 CMakeFiles/M3508_PID.elf.dir/Core/Src/gpio.c.obj
 .ARM.attributes
                0x000000ba       0x34 CMakeFiles/M3508_PID.elf.dir/Core/Src/main.c.obj
 .ARM.attributes
                0x000000ee       0x34 CMakeFiles/M3508_PID.elf.dir/Core/Src/stm32f4xx_hal_msp.c.obj
 .ARM.attributes
                0x00000122       0x34 CMakeFiles/M3508_PID.elf.dir/Core/Src/stm32f4xx_it.c.obj
 .ARM.attributes
                0x00000156       0x34 CMakeFiles/M3508_PID.elf.dir/Core/Src/system_stm32f4xx.c.obj
 .ARM.attributes
                0x0000018a       0x34 CMakeFiles/M3508_PID.elf.dir/Core/Src/usart.c.obj
 .ARM.attributes
                0x000001be       0x21 CMakeFiles/M3508_PID.elf.dir/Core/Startup/startup_stm32f407ighx.s.obj
 .ARM.attributes
                0x000001df       0x34 CMakeFiles/M3508_PID.elf.dir/Drivers/STM32F4xx_HAL_Driver/Src/stm32f4xx_hal.c.obj
 .ARM.attributes
                0x00000213       0x34 CMakeFiles/M3508_PID.elf.dir/Drivers/STM32F4xx_HAL_Driver/Src/stm32f4xx_hal_can.c.obj
 .ARM.attributes
                0x00000247       0x34 CMakeFiles/M3508_PID.elf.dir/Drivers/STM32F4xx_HAL_Driver/Src/stm32f4xx_hal_cortex.c.obj
 .ARM.attributes
                0x0000027b       0x34 CMakeFiles/M3508_PID.elf.dir/Drivers/STM32F4xx_HAL_Driver/Src/stm32f4xx_hal_dma.c.obj
 .ARM.attributes
                0x000002af       0x34 CMakeFiles/M3508_PID.elf.dir/Drivers/STM32F4xx_HAL_Driver/Src/stm32f4xx_hal_gpio.c.obj
 .ARM.attributes
                0x000002e3       0x34 CMakeFiles/M3508_PID.elf.dir/Drivers/STM32F4xx_HAL_Driver/Src/stm32f4xx_hal_rcc.c.obj
 .ARM.attributes
                0x00000317       0x34 CMakeFiles/M3508_PID.elf.dir/Drivers/STM32F4xx_HAL_Driver/Src/stm32f4xx_hal_uart.c.obj
 .ARM.attributes
                0x0000034b       0x1e c:/progra~1/gcc-ar~1/bin/../lib/gcc/arm-none-eabi/9.2.1/thumb/v7e-m+fp/hard\libgcc.a(_aeabi_uldivmod.o)
 .ARM.attributes
                0x00000369       0x34 c:/progra~1/gcc-ar~1/bin/../lib/gcc/arm-none-eabi/9.2.1/thumb/v7e-m+fp/hard\libgcc.a(_udivmoddi4.o)
 .ARM.attributes
                0x0000039d       0x1e c:/progra~1/gcc-ar~1/bin/../lib/gcc/arm-none-eabi/9.2.1/thumb/v7e-m+fp/hard\libgcc.a(_dvmd_tls.o)
 .ARM.attributes
                0x000003bb       0x32 c:/progra~1/gcc-ar~1/bin/../lib/gcc/arm-none-eabi/9.2.1/../../../../arm-none-eabi/lib/thumb/v7e-m+fp/hard\libg.a(lib_a-impure.o)
 .ARM.attributes
                0x000003ed       0x34 c:/progra~1/gcc-ar~1/bin/../lib/gcc/arm-none-eabi/9.2.1/../../../../arm-none-eabi/lib/thumb/v7e-m+fp/hard\libg.a(lib_a-init.o)
 .ARM.attributes
                0x00000421       0x34 c:/progra~1/gcc-ar~1/bin/../lib/gcc/arm-none-eabi/9.2.1/../../../../arm-none-eabi/lib/thumb/v7e-m+fp/hard\libg.a(lib_a-memset.o)
 .ARM.attributes
                0x00000455       0x34 c:/progra~1/gcc-ar~1/bin/../lib/gcc/arm-none-eabi/9.2.1/../../../../arm-none-eabi/lib/thumb/v7e-m+fp/hard\libg.a(lib_a-__call_atexit.o)
 .ARM.attributes
                0x00000489       0x34 c:/progra~1/gcc-ar~1/bin/../lib/gcc/arm-none-eabi/9.2.1/../../../../arm-none-eabi/lib/thumb/v7e-m+fp/hard\libg.a(lib_a-atexit.o)
 .ARM.attributes
                0x000004bd       0x34 c:/progra~1/gcc-ar~1/bin/../lib/gcc/arm-none-eabi/9.2.1/../../../../arm-none-eabi/lib/thumb/v7e-m+fp/hard\libg.a(lib_a-fini.o)
 .ARM.attributes
                0x000004f1       0x34 c:/progra~1/gcc-ar~1/bin/../lib/gcc/arm-none-eabi/9.2.1/../../../../arm-none-eabi/lib/thumb/v7e-m+fp/hard\libg.a(lib_a-lock.o)
 .ARM.attributes
                0x00000525       0x34 c:/progra~1/gcc-ar~1/bin/../lib/gcc/arm-none-eabi/9.2.1/../../../../arm-none-eabi/lib/thumb/v7e-m+fp/hard\libg.a(lib_a-__atexit.o)
 .ARM.attributes
                0x00000559       0x1e c:/progra~1/gcc-ar~1/bin/../lib/gcc/arm-none-eabi/9.2.1/thumb/v7e-m+fp/hard/crtn.o
OUTPUT(M3508_PID.elf elf32-littlearm)

.debug_info     0x00000000     0xd4e2
 .debug_info    0x00000000      0xd8b CMakeFiles/M3508_PID.elf.dir/Core/Src/can.c.obj
 .debug_info    0x00000d8b      0x3ad CMakeFiles/M3508_PID.elf.dir/Core/Src/gpio.c.obj
 .debug_info    0x00001138      0xf58 CMakeFiles/M3508_PID.elf.dir/Core/Src/main.c.obj
 .debug_info    0x00002090      0x390 CMakeFiles/M3508_PID.elf.dir/Core/Src/stm32f4xx_hal_msp.c.obj
 .debug_info    0x00002420      0xb85 CMakeFiles/M3508_PID.elf.dir/Core/Src/stm32f4xx_it.c.obj
 .debug_info    0x00002fa5      0x5b9 CMakeFiles/M3508_PID.elf.dir/Core/Src/system_stm32f4xx.c.obj
 .debug_info    0x0000355e      0xd88 CMakeFiles/M3508_PID.elf.dir/Core/Src/usart.c.obj
 .debug_info    0x000042e6       0x22 CMakeFiles/M3508_PID.elf.dir/Core/Startup/startup_stm32f407ighx.s.obj
 .debug_info    0x00004308      0xa79 CMakeFiles/M3508_PID.elf.dir/Drivers/STM32F4xx_HAL_Driver/Src/stm32f4xx_hal.c.obj
 .debug_info    0x00004d81     0x133d CMakeFiles/M3508_PID.elf.dir/Drivers/STM32F4xx_HAL_Driver/Src/stm32f4xx_hal_can.c.obj
 .debug_info    0x000060be     0x1154 CMakeFiles/M3508_PID.elf.dir/Drivers/STM32F4xx_HAL_Driver/Src/stm32f4xx_hal_cortex.c.obj
 .debug_info    0x00007212      0xbed CMakeFiles/M3508_PID.elf.dir/Drivers/STM32F4xx_HAL_Driver/Src/stm32f4xx_hal_dma.c.obj
 .debug_info    0x00007dff      0x884 CMakeFiles/M3508_PID.elf.dir/Drivers/STM32F4xx_HAL_Driver/Src/stm32f4xx_hal_gpio.c.obj
 .debug_info    0x00008683      0xb5d CMakeFiles/M3508_PID.elf.dir/Drivers/STM32F4xx_HAL_Driver/Src/stm32f4xx_hal_rcc.c.obj
 .debug_info    0x000091e0     0x4302 CMakeFiles/M3508_PID.elf.dir/Drivers/STM32F4xx_HAL_Driver/Src/stm32f4xx_hal_uart.c.obj

.debug_abbrev   0x00000000     0x1ecd
 .debug_abbrev  0x00000000      0x210 CMakeFiles/M3508_PID.elf.dir/Core/Src/can.c.obj
 .debug_abbrev  0x00000210      0x11a CMakeFiles/M3508_PID.elf.dir/Core/Src/gpio.c.obj
 .debug_abbrev  0x0000032a      0x246 CMakeFiles/M3508_PID.elf.dir/Core/Src/main.c.obj
 .debug_abbrev  0x00000570      0x11a CMakeFiles/M3508_PID.elf.dir/Core/Src/stm32f4xx_hal_msp.c.obj
 .debug_abbrev  0x0000068a      0x1d5 CMakeFiles/M3508_PID.elf.dir/Core/Src/stm32f4xx_it.c.obj
 .debug_abbrev  0x0000085f      0x148 CMakeFiles/M3508_PID.elf.dir/Core/Src/system_stm32f4xx.c.obj
 .debug_abbrev  0x000009a7      0x1f6 CMakeFiles/M3508_PID.elf.dir/Core/Src/usart.c.obj
 .debug_abbrev  0x00000b9d       0x12 CMakeFiles/M3508_PID.elf.dir/Core/Startup/startup_stm32f407ighx.s.obj
 .debug_abbrev  0x00000baf      0x219 CMakeFiles/M3508_PID.elf.dir/Drivers/STM32F4xx_HAL_Driver/Src/stm32f4xx_hal.c.obj
 .debug_abbrev  0x00000dc8      0x294 CMakeFiles/M3508_PID.elf.dir/Drivers/STM32F4xx_HAL_Driver/Src/stm32f4xx_hal_can.c.obj
 .debug_abbrev  0x0000105c      0x390 CMakeFiles/M3508_PID.elf.dir/Drivers/STM32F4xx_HAL_Driver/Src/stm32f4xx_hal_cortex.c.obj
 .debug_abbrev  0x000013ec      0x2d5 CMakeFiles/M3508_PID.elf.dir/Drivers/STM32F4xx_HAL_Driver/Src/stm32f4xx_hal_dma.c.obj
 .debug_abbrev  0x000016c1      0x21c CMakeFiles/M3508_PID.elf.dir/Drivers/STM32F4xx_HAL_Driver/Src/stm32f4xx_hal_gpio.c.obj
 .debug_abbrev  0x000018dd      0x2ae CMakeFiles/M3508_PID.elf.dir/Drivers/STM32F4xx_HAL_Driver/Src/stm32f4xx_hal_rcc.c.obj
 .debug_abbrev  0x00001b8b      0x342 CMakeFiles/M3508_PID.elf.dir/Drivers/STM32F4xx_HAL_Driver/Src/stm32f4xx_hal_uart.c.obj

.debug_loc      0x00000000     0x793c
 .debug_loc     0x00000000       0xcb CMakeFiles/M3508_PID.elf.dir/Core/Src/can.c.obj
 .debug_loc     0x000000cb      0x16c CMakeFiles/M3508_PID.elf.dir/Core/Src/system_stm32f4xx.c.obj
 .debug_loc     0x00000237       0x84 CMakeFiles/M3508_PID.elf.dir/Core/Src/usart.c.obj
 .debug_loc     0x000002bb      0x141 CMakeFiles/M3508_PID.elf.dir/Drivers/STM32F4xx_HAL_Driver/Src/stm32f4xx_hal.c.obj
 .debug_loc     0x000003fc      0xdd6 CMakeFiles/M3508_PID.elf.dir/Drivers/STM32F4xx_HAL_Driver/Src/stm32f4xx_hal_can.c.obj
 .debug_loc     0x000011d2      0x744 CMakeFiles/M3508_PID.elf.dir/Drivers/STM32F4xx_HAL_Driver/Src/stm32f4xx_hal_cortex.c.obj
 .debug_loc     0x00001916      0xbf9 CMakeFiles/M3508_PID.elf.dir/Drivers/STM32F4xx_HAL_Driver/Src/stm32f4xx_hal_dma.c.obj
 .debug_loc     0x0000250f      0x513 CMakeFiles/M3508_PID.elf.dir/Drivers/STM32F4xx_HAL_Driver/Src/stm32f4xx_hal_gpio.c.obj
 .debug_loc     0x00002a22      0x56f CMakeFiles/M3508_PID.elf.dir/Drivers/STM32F4xx_HAL_Driver/Src/stm32f4xx_hal_rcc.c.obj
 .debug_loc     0x00002f91     0x49ab CMakeFiles/M3508_PID.elf.dir/Drivers/STM32F4xx_HAL_Driver/Src/stm32f4xx_hal_uart.c.obj

.debug_aranges  0x00000000      0x7e0
 .debug_aranges
                0x00000000       0x38 CMakeFiles/M3508_PID.elf.dir/Core/Src/can.c.obj
 .debug_aranges
                0x00000038       0x20 CMakeFiles/M3508_PID.elf.dir/Core/Src/gpio.c.obj
 .debug_aranges
                0x00000058       0x30 CMakeFiles/M3508_PID.elf.dir/Core/Src/main.c.obj
 .debug_aranges
                0x00000088       0x20 CMakeFiles/M3508_PID.elf.dir/Core/Src/stm32f4xx_hal_msp.c.obj
 .debug_aranges
                0x000000a8       0x78 CMakeFiles/M3508_PID.elf.dir/Core/Src/stm32f4xx_it.c.obj
 .debug_aranges
                0x00000120       0x28 CMakeFiles/M3508_PID.elf.dir/Core/Src/system_stm32f4xx.c.obj
 .debug_aranges
                0x00000148       0x30 CMakeFiles/M3508_PID.elf.dir/Core/Src/usart.c.obj
 .debug_aranges
                0x00000178       0x28 CMakeFiles/M3508_PID.elf.dir/Core/Startup/startup_stm32f407ighx.s.obj
 .debug_aranges
                0x000001a0       0xf0 CMakeFiles/M3508_PID.elf.dir/Drivers/STM32F4xx_HAL_Driver/Src/stm32f4xx_hal.c.obj
 .debug_aranges
                0x00000290      0x138 CMakeFiles/M3508_PID.elf.dir/Drivers/STM32F4xx_HAL_Driver/Src/stm32f4xx_hal_can.c.obj
 .debug_aranges
                0x000003c8       0xa8 CMakeFiles/M3508_PID.elf.dir/Drivers/STM32F4xx_HAL_Driver/Src/stm32f4xx_hal_cortex.c.obj
 .debug_aranges
                0x00000470       0x90 CMakeFiles/M3508_PID.elf.dir/Drivers/STM32F4xx_HAL_Driver/Src/stm32f4xx_hal_dma.c.obj
 .debug_aranges
                0x00000500       0x58 CMakeFiles/M3508_PID.elf.dir/Drivers/STM32F4xx_HAL_Driver/Src/stm32f4xx_hal_gpio.c.obj
 .debug_aranges
                0x00000558       0x88 CMakeFiles/M3508_PID.elf.dir/Drivers/STM32F4xx_HAL_Driver/Src/stm32f4xx_hal_rcc.c.obj
 .debug_aranges
                0x000005e0      0x200 CMakeFiles/M3508_PID.elf.dir/Drivers/STM32F4xx_HAL_Driver/Src/stm32f4xx_hal_uart.c.obj

.debug_ranges   0x00000000      0x788
 .debug_ranges  0x00000000       0x28 CMakeFiles/M3508_PID.elf.dir/Core/Src/can.c.obj
 .debug_ranges  0x00000028       0x10 CMakeFiles/M3508_PID.elf.dir/Core/Src/gpio.c.obj
 .debug_ranges  0x00000038       0x20 CMakeFiles/M3508_PID.elf.dir/Core/Src/main.c.obj
 .debug_ranges  0x00000058       0x10 CMakeFiles/M3508_PID.elf.dir/Core/Src/stm32f4xx_hal_msp.c.obj
 .debug_ranges  0x00000068       0x68 CMakeFiles/M3508_PID.elf.dir/Core/Src/stm32f4xx_it.c.obj
 .debug_ranges  0x000000d0       0x18 CMakeFiles/M3508_PID.elf.dir/Core/Src/system_stm32f4xx.c.obj
 .debug_ranges  0x000000e8       0x20 CMakeFiles/M3508_PID.elf.dir/Core/Src/usart.c.obj
 .debug_ranges  0x00000108       0x20 CMakeFiles/M3508_PID.elf.dir/Core/Startup/startup_stm32f407ighx.s.obj
 .debug_ranges  0x00000128       0xe0 CMakeFiles/M3508_PID.elf.dir/Drivers/STM32F4xx_HAL_Driver/Src/stm32f4xx_hal.c.obj
 .debug_ranges  0x00000208      0x128 CMakeFiles/M3508_PID.elf.dir/Drivers/STM32F4xx_HAL_Driver/Src/stm32f4xx_hal_can.c.obj
 .debug_ranges  0x00000330       0xf8 CMakeFiles/M3508_PID.elf.dir/Drivers/STM32F4xx_HAL_Driver/Src/stm32f4xx_hal_cortex.c.obj
 .debug_ranges  0x00000428       0x80 CMakeFiles/M3508_PID.elf.dir/Drivers/STM32F4xx_HAL_Driver/Src/stm32f4xx_hal_dma.c.obj
 .debug_ranges  0x000004a8       0x48 CMakeFiles/M3508_PID.elf.dir/Drivers/STM32F4xx_HAL_Driver/Src/stm32f4xx_hal_gpio.c.obj
 .debug_ranges  0x000004f0       0x90 CMakeFiles/M3508_PID.elf.dir/Drivers/STM32F4xx_HAL_Driver/Src/stm32f4xx_hal_rcc.c.obj
 .debug_ranges  0x00000580      0x208 CMakeFiles/M3508_PID.elf.dir/Drivers/STM32F4xx_HAL_Driver/Src/stm32f4xx_hal_uart.c.obj

.debug_line     0x00000000     0xa062
 .debug_line    0x00000000      0x5ab CMakeFiles/M3508_PID.elf.dir/Core/Src/can.c.obj
 .debug_line    0x000005ab      0x219 CMakeFiles/M3508_PID.elf.dir/Core/Src/gpio.c.obj
 .debug_line    0x000007c4      0x40c CMakeFiles/M3508_PID.elf.dir/Core/Src/main.c.obj
 .debug_line    0x00000bd0      0x221 CMakeFiles/M3508_PID.elf.dir/Core/Src/stm32f4xx_hal_msp.c.obj
 .debug_line    0x00000df1      0x3ba CMakeFiles/M3508_PID.elf.dir/Core/Src/stm32f4xx_it.c.obj
 .debug_line    0x000011ab      0x2de CMakeFiles/M3508_PID.elf.dir/Core/Src/system_stm32f4xx.c.obj
 .debug_line    0x00001489      0x3e7 CMakeFiles/M3508_PID.elf.dir/Core/Src/usart.c.obj
 .debug_line    0x00001870       0xaa CMakeFiles/M3508_PID.elf.dir/Core/Startup/startup_stm32f407ighx.s.obj
 .debug_line    0x0000191a      0x5bd CMakeFiles/M3508_PID.elf.dir/Drivers/STM32F4xx_HAL_Driver/Src/stm32f4xx_hal.c.obj
 .debug_line    0x00001ed7     0x116e CMakeFiles/M3508_PID.elf.dir/Drivers/STM32F4xx_HAL_Driver/Src/stm32f4xx_hal_can.c.obj
 .debug_line    0x00003045      0x7fa CMakeFiles/M3508_PID.elf.dir/Drivers/STM32F4xx_HAL_Driver/Src/stm32f4xx_hal_cortex.c.obj
 .debug_line    0x0000383f      0xea6 CMakeFiles/M3508_PID.elf.dir/Drivers/STM32F4xx_HAL_Driver/Src/stm32f4xx_hal_dma.c.obj
 .debug_line    0x000046e5      0x787 CMakeFiles/M3508_PID.elf.dir/Drivers/STM32F4xx_HAL_Driver/Src/stm32f4xx_hal_gpio.c.obj
 .debug_line    0x00004e6c      0xb8a CMakeFiles/M3508_PID.elf.dir/Drivers/STM32F4xx_HAL_Driver/Src/stm32f4xx_hal_rcc.c.obj
 .debug_line    0x000059f6     0x466c CMakeFiles/M3508_PID.elf.dir/Drivers/STM32F4xx_HAL_Driver/Src/stm32f4xx_hal_uart.c.obj

.debug_str      0x00000000     0x2e5f
 .debug_str     0x00000000      0xc38 CMakeFiles/M3508_PID.elf.dir/Core/Src/can.c.obj
                                0xcba (size before relaxing)
 .debug_str     0x00000c38       0x42 CMakeFiles/M3508_PID.elf.dir/Core/Src/gpio.c.obj
                                0x3fa (size before relaxing)
 .debug_str     0x00000c7a      0x5a0 CMakeFiles/M3508_PID.elf.dir/Core/Src/main.c.obj
                                0xc66 (size before relaxing)
 .debug_str     0x0000121a       0x4e CMakeFiles/M3508_PID.elf.dir/Core/Src/stm32f4xx_hal_msp.c.obj
                                0x406 (size before relaxing)
 .debug_str     0x00001268      0x13a CMakeFiles/M3508_PID.elf.dir/Core/Src/stm32f4xx_it.c.obj
                                0xaae (size before relaxing)
 .debug_str     0x000013a2       0xd1 CMakeFiles/M3508_PID.elf.dir/Core/Src/system_stm32f4xx.c.obj
                                0x482 (size before relaxing)
 .debug_str     0x00001473       0x73 CMakeFiles/M3508_PID.elf.dir/Core/Src/usart.c.obj
                                0xe5f (size before relaxing)
 .debug_str     0x000014e6       0x58 CMakeFiles/M3508_PID.elf.dir/Core/Startup/startup_stm32f407ighx.s.obj
                                 0x8f (size before relaxing)
 .debug_str     0x0000153e      0x2f3 CMakeFiles/M3508_PID.elf.dir/Drivers/STM32F4xx_HAL_Driver/Src/stm32f4xx_hal.c.obj
                                0xc14 (size before relaxing)
 .debug_str     0x00001831      0x579 CMakeFiles/M3508_PID.elf.dir/Drivers/STM32F4xx_HAL_Driver/Src/stm32f4xx_hal_can.c.obj
                                0xb84 (size before relaxing)
 .debug_str     0x00001daa      0x44f CMakeFiles/M3508_PID.elf.dir/Drivers/STM32F4xx_HAL_Driver/Src/stm32f4xx_hal_cortex.c.obj
                                0xd53 (size before relaxing)
 .debug_str     0x000021f9      0x323 CMakeFiles/M3508_PID.elf.dir/Drivers/STM32F4xx_HAL_Driver/Src/stm32f4xx_hal_dma.c.obj
                                0x89f (size before relaxing)
 .debug_str     0x0000251c      0x178 CMakeFiles/M3508_PID.elf.dir/Drivers/STM32F4xx_HAL_Driver/Src/stm32f4xx_hal_gpio.c.obj
                                0x619 (size before relaxing)
 .debug_str     0x00002694      0x1b5 CMakeFiles/M3508_PID.elf.dir/Drivers/STM32F4xx_HAL_Driver/Src/stm32f4xx_hal_rcc.c.obj
                                0x7f7 (size before relaxing)
 .debug_str     0x00002849      0x616 CMakeFiles/M3508_PID.elf.dir/Drivers/STM32F4xx_HAL_Driver/Src/stm32f4xx_hal_uart.c.obj
                                0xe81 (size before relaxing)

.comment        0x00000000       0x79
 .comment       0x00000000       0x79 CMakeFiles/M3508_PID.elf.dir/Core/Src/can.c.obj
                                 0x7a (size before relaxing)
 .comment       0x00000079       0x7a CMakeFiles/M3508_PID.elf.dir/Core/Src/gpio.c.obj
 .comment       0x00000079       0x7a CMakeFiles/M3508_PID.elf.dir/Core/Src/main.c.obj
 .comment       0x00000079       0x7a CMakeFiles/M3508_PID.elf.dir/Core/Src/stm32f4xx_hal_msp.c.obj
 .comment       0x00000079       0x7a CMakeFiles/M3508_PID.elf.dir/Core/Src/stm32f4xx_it.c.obj
 .comment       0x00000079       0x7a CMakeFiles/M3508_PID.elf.dir/Core/Src/system_stm32f4xx.c.obj
 .comment       0x00000079       0x7a CMakeFiles/M3508_PID.elf.dir/Core/Src/usart.c.obj
 .comment       0x00000079       0x7a CMakeFiles/M3508_PID.elf.dir/Drivers/STM32F4xx_HAL_Driver/Src/stm32f4xx_hal.c.obj
 .comment       0x00000079       0x7a CMakeFiles/M3508_PID.elf.dir/Drivers/STM32F4xx_HAL_Driver/Src/stm32f4xx_hal_can.c.obj
 .comment       0x00000079       0x7a CMakeFiles/M3508_PID.elf.dir/Drivers/STM32F4xx_HAL_Driver/Src/stm32f4xx_hal_cortex.c.obj
 .comment       0x00000079       0x7a CMakeFiles/M3508_PID.elf.dir/Drivers/STM32F4xx_HAL_Driver/Src/stm32f4xx_hal_dma.c.obj
 .comment       0x00000079       0x7a CMakeFiles/M3508_PID.elf.dir/Drivers/STM32F4xx_HAL_Driver/Src/stm32f4xx_hal_gpio.c.obj
 .comment       0x00000079       0x7a CMakeFiles/M3508_PID.elf.dir/Drivers/STM32F4xx_HAL_Driver/Src/stm32f4xx_hal_rcc.c.obj
 .comment       0x00000079       0x7a CMakeFiles/M3508_PID.elf.dir/Drivers/STM32F4xx_HAL_Driver/Src/stm32f4xx_hal_uart.c.obj

.debug_frame    0x00000000     0x14d0
 .debug_frame   0x00000000       0x78 CMakeFiles/M3508_PID.elf.dir/Core/Src/can.c.obj
 .debug_frame   0x00000078       0x28 CMakeFiles/M3508_PID.elf.dir/Core/Src/gpio.c.obj
 .debug_frame   0x000000a0       0x58 CMakeFiles/M3508_PID.elf.dir/Core/Src/main.c.obj
 .debug_frame   0x000000f8       0x28 CMakeFiles/M3508_PID.elf.dir/Core/Src/stm32f4xx_hal_msp.c.obj
 .debug_frame   0x00000120       0xf0 CMakeFiles/M3508_PID.elf.dir/Core/Src/stm32f4xx_it.c.obj
 .debug_frame   0x00000210       0x30 CMakeFiles/M3508_PID.elf.dir/Core/Src/system_stm32f4xx.c.obj
 .debug_frame   0x00000240       0x68 CMakeFiles/M3508_PID.elf.dir/Core/Src/usart.c.obj
 .debug_frame   0x000002a8      0x1ec CMakeFiles/M3508_PID.elf.dir/Drivers/STM32F4xx_HAL_Driver/Src/stm32f4xx_hal.c.obj
 .debug_frame   0x00000494      0x2dc CMakeFiles/M3508_PID.elf.dir/Drivers/STM32F4xx_HAL_Driver/Src/stm32f4xx_hal_can.c.obj
 .debug_frame   0x00000770      0x15c CMakeFiles/M3508_PID.elf.dir/Drivers/STM32F4xx_HAL_Driver/Src/stm32f4xx_hal_cortex.c.obj
 .debug_frame   0x000008cc      0x188 CMakeFiles/M3508_PID.elf.dir/Drivers/STM32F4xx_HAL_Driver/Src/stm32f4xx_hal_dma.c.obj
 .debug_frame   0x00000a54       0xd8 CMakeFiles/M3508_PID.elf.dir/Drivers/STM32F4xx_HAL_Driver/Src/stm32f4xx_hal_gpio.c.obj
 .debug_frame   0x00000b2c      0x174 CMakeFiles/M3508_PID.elf.dir/Drivers/STM32F4xx_HAL_Driver/Src/stm32f4xx_hal_rcc.c.obj
 .debug_frame   0x00000ca0      0x5cc CMakeFiles/M3508_PID.elf.dir/Drivers/STM32F4xx_HAL_Driver/Src/stm32f4xx_hal_uart.c.obj
 .debug_frame   0x0000126c       0x2c c:/progra~1/gcc-ar~1/bin/../lib/gcc/arm-none-eabi/9.2.1/thumb/v7e-m+fp/hard\libgcc.a(_aeabi_uldivmod.o)
 .debug_frame   0x00001298       0x34 c:/progra~1/gcc-ar~1/bin/../lib/gcc/arm-none-eabi/9.2.1/thumb/v7e-m+fp/hard\libgcc.a(_udivmoddi4.o)
 .debug_frame   0x000012cc       0x2c c:/progra~1/gcc-ar~1/bin/../lib/gcc/arm-none-eabi/9.2.1/../../../../arm-none-eabi/lib/thumb/v7e-m+fp/hard\libg.a(lib_a-init.o)
 .debug_frame   0x000012f8       0x38 c:/progra~1/gcc-ar~1/bin/../lib/gcc/arm-none-eabi/9.2.1/../../../../arm-none-eabi/lib/thumb/v7e-m+fp/hard\libg.a(lib_a-memset.o)
 .debug_frame   0x00001330       0x68 c:/progra~1/gcc-ar~1/bin/../lib/gcc/arm-none-eabi/9.2.1/../../../../arm-none-eabi/lib/thumb/v7e-m+fp/hard\libg.a(lib_a-__call_atexit.o)
 .debug_frame   0x00001398       0x20 c:/progra~1/gcc-ar~1/bin/../lib/gcc/arm-none-eabi/9.2.1/../../../../arm-none-eabi/lib/thumb/v7e-m+fp/hard\libg.a(lib_a-atexit.o)
 .debug_frame   0x000013b8       0x34 c:/progra~1/gcc-ar~1/bin/../lib/gcc/arm-none-eabi/9.2.1/../../../../arm-none-eabi/lib/thumb/v7e-m+fp/hard\libg.a(lib_a-fini.o)
 .debug_frame   0x000013ec       0xb0 c:/progra~1/gcc-ar~1/bin/../lib/gcc/arm-none-eabi/9.2.1/../../../../arm-none-eabi/lib/thumb/v7e-m+fp/hard\libg.a(lib_a-lock.o)
 .debug_frame   0x0000149c       0x34 c:/progra~1/gcc-ar~1/bin/../lib/gcc/arm-none-eabi/9.2.1/../../../../arm-none-eabi/lib/thumb/v7e-m+fp/hard\libg.a(lib_a-__atexit.o)
